PANEL	FILE	ID	CHR	P0	P1	HSQ	BEST.GWAS.ID	BEST.GWAS.Z	EQTL.ID	EQTL.R2	EQTL.Z	EQTL.GWAS.Z	NSNP	NWGT	MODEL	MODELCV.R2	MODELCV.PV	TWAS.Z	TWAS.P
GTExv8.EUR.Artery_Aorta	/media/kame/Data/_workings/resource/GTEv8//GTExv8.EUR.Artery_Aorta/ENSG00000197056.9.wgt.RDat	ENSG00000197056.9	1	35059785	35059786	0.1338	rs6671294	-6.01	rs3863722	0.0675	5.6	-4.607246	301	10	enet	0.08	1.1e-7	-4.72	2.41e-6
GTExv8.EUR.Artery_Aorta	/media/kame/Data/_workings/resource/GTEv8//GTExv8.EUR.Artery_Aorta/ENSG00000259943.1.wgt.RDat	ENSG00000259943.1	1	40257966	40257967	0.0611	rs12730176	-6.61	rs5029454	0.0516	-4.33	-6.396945	403	15	enet	0.034	4.4e-4	5	5.77e-7
GTExv8.EUR.Artery_Aorta	/media/kame/Data/_workings/resource/GTEv8//GTExv8.EUR.Artery_Aorta/ENSG00000142949.16.wgt.RDat	ENSG00000142949.16	1	43525186	43525187	0.1329	rs11590627	-10.18	rs11210869	0.0425	-5.23	-9.762739	443	17	enet	0.061	3.6e-6	5.02	5.18e-7
GTExv8.EUR.Artery_Aorta	/media/kame/Data/_workings/resource/GTEv8//GTExv8.EUR.Artery_Aorta/ENSG00000117411.16.wgt.RDat	ENSG00000117411.16	1	43978942	43978943	0.0872	rs11590627	-10.18	rs11210859	0.0177	3.7	-9.763023	411	4	enet	-0.0011	0.43	-8.37	5.92e-17
GTExv8.EUR.Artery_Aorta	/media/kame/Data/_workings/resource/GTEv8//GTExv8.EUR.Artery_Aorta/ENSG00000143515.16.wgt.RDat	ENSG00000143515.16	1	154325552	154325553	0.1552	rs2229238	6.19	rs11586379	0.035	-4.6	-2.408201	386	25	enet	0.045	6.3e-5	4.66	3.17e-6
GTExv8.EUR.Artery_Aorta	/media/kame/Data/_workings/resource/GTEv8//GTExv8.EUR.Artery_Aorta/ENSG00000163346.16.wgt.RDat	ENSG00000163346.16	1	154956122	154956123	0.052	rs4845681	13.15	rs6699080	0.0336	-4.3	10.952091	397	12	enet	0.014	0.019	-9.46	2.9900000000000004e-21
GTExv8.EUR.Artery_Aorta	/media/kame/Data/_workings/resource/GTEv8//GTExv8.EUR.Artery_Aorta/ENSG00000163354.14.wgt.RDat	ENSG00000163354.14	1	155033780	155033781	0.1194	rs4845681	13.15	rs11264298	0.097	-5.95	8.570739	378	12	enet	0.097	5e-9	-8	1.27e-15
GTExv8.EUR.Artery_Aorta	/media/kame/Data/_workings/resource/GTEv8//GTExv8.EUR.Artery_Aorta/ENSG00000169242.11.wgt.RDat	ENSG00000169242.11	1	155127459	155127460	0.0732	rs4845681	13.15	rs11264275	-0.00274	3.58	8.246972	355	12	enet	-0.0019	0.54	5.49	4.11e-8
GTExv8.EUR.Artery_Aorta	/media/kame/Data/_workings/resource/GTEv8//GTExv8.EUR.Artery_Aorta/ENSG00000143641.9.wgt.RDat	ENSG00000143641.9	1	230057989	230057990	0.1803	rs7529009	12.67	rs11620	0.0603	-4.59	-1.551676	493	33	enet	0.078	1.5e-7	-4.64	3.55e-6
GTExv8.EUR.Artery_Aorta	/media/kame/Data/_workings/resource/GTEv8//GTExv8.EUR.Artery_Aorta/ENSG00000272195.1.wgt.RDat	ENSG00000272195.1	1	244971087	244971088	0.3469	rs1196366	6.6	rs2291426	0.367	-11.04	6.291535	463	10	enet	0.36	1.7e-33	-4.68	2.91e-6
GTExv8.EUR.Artery_Aorta	/media/kame/Data/_workings/resource/GTEv8//GTExv8.EUR.Artery_Aorta/ENSG00000082438.15.wgt.RDat	ENSG00000082438.15	2	164843678	164843679	0.0751	rs10184275	-8.13	rs3769885	0.0574	-4.51	-5.259861	374	1	enet	0.0028	0.17	5.259861	1.44e-7
GTExv8.EUR.Artery_Aorta	/media/kame/Data/_workings/resource/GTEv8//GTExv8.EUR.Artery_Aorta/ENSG00000128641.18.wgt.RDat	ENSG00000128641.18	2	191245184	191245185	0.1703	rs2138913	-6.53	rs4853575	0.173	-7.84	-5.018096	383	16	enet	0.16	1.2e-14	5.03224	4.85e-7
GTExv8.EUR.Artery_Aorta	/media/kame/Data/_workings/resource/GTEv8//GTExv8.EUR.Artery_Aorta/ENSG00000227542.1.wgt.RDat	ENSG00000227542.1	2	191246171	191246172	0.0663	rs2138913	-6.53	rs1356446	-7.49e-4	-3.54	-6.433186	383	6	enet	0.0042	0.12	6.19578	5.8e-10
GTExv8.EUR.Artery_Aorta	/media/kame/Data/_workings/resource/GTEv8//GTExv8.EUR.Artery_Aorta/ENSG00000144401.14.wgt.RDat	ENSG00000144401.14	2	207625927	207625928	0.1167	rs2952769	-7.69	rs2709370	0.0788	-5.59	-6.907041	401	12	enet	0.088	2.5e-8	5.632895	1.77e-8
GTExv8.EUR.Artery_Aorta	/media/kame/Data/_workings/resource/GTEv8//GTExv8.EUR.Artery_Aorta/ENSG00000135913.10.wgt.RDat	ENSG00000135913.10	2	218568360	218568361	0.0548	rs13023540	14.75	rs10932782	0.0184	3.8	-8.035626	363	6	enet	0.007	0.069	-8.019099	1.07e-15
GTExv8.EUR.Artery_Aorta	/media/kame/Data/_workings/resource/GTEv8//GTExv8.EUR.Artery_Aorta/ENSG00000115556.13.wgt.RDat	ENSG00000115556.13	2	218607764	218607765	0.2141	rs13023540	15.05	rs10932782	0.262	-9.38	-8.035626	366	43	enet	0.25	7.9e-23	7.777497	7.4e-15
GTExv8.EUR.Artery_Aorta	/media/kame/Data/_workings/resource/GTEv8//GTExv8.EUR.Artery_Aorta/ENSG00000163482.11.wgt.RDat	ENSG00000163482.11	2	218672740	218672741	0.0432	rs13023540	14.39	rs500422	0.0286	-4.19	-6.422679	373	9	enet	0.024	0.0027	12.771547	2.36e-37
GTExv8.EUR.Artery_Aorta	/media/kame/Data/_workings/resource/GTEv8//GTExv8.EUR.Artery_Aorta/ENSG00000180385.8.wgt.RDat	ENSG00000180385.8	3	9987120	9987121	0.0754	rs7626117	-8.58	rs7652935	0.044034	4.36	-6.907458	522	37	enet	0.022	0.004	-6.660754	2.72e-11
GTExv8.EUR.Artery_Aorta	/media/kame/Data/_workings/resource/GTEv8//GTExv8.EUR.Artery_Aorta/ENSG00000248360.7.wgt.RDat	ENSG00000248360.7	4	14888168	14888169	0.1858	rs1494957	7.87	rs966311	0.068806	5.23	7.41	482	31	enet	0.046	4.9e-5	5.97	2.32e-9
GTExv8.EUR.Artery_Aorta	/media/kame/Data/_workings/resource/GTEv8//GTExv8.EUR.Artery_Aorta/ENSG00000273133.1.wgt.RDat	ENSG00000273133.1	4	15564252	15564253	0.0851	rs12508186	8.9	rs4270584	0.050329	4.52	6.82	546	17	enet	0.015	0.016	5.1	3.37e-7
GTExv8.EUR.Artery_Aorta	/media/kame/Data/_workings/resource/GTEv8//GTExv8.EUR.Artery_Aorta/ENSG00000033178.12.wgt.RDat	ENSG00000033178.12	4	67701178	67701179	0.1825	rs1038432	6.04	rs1548119	0.167581	-7.57	4.83	400	19	enet	0.15	9e-14	-5.21	1.84e-7
GTExv8.EUR.Artery_Aorta	/media/kame/Data/_workings/resource/GTEv8//GTExv8.EUR.Artery_Aorta/ENSG00000270681.1.wgt.RDat	ENSG00000270681.1	4	151139990	151139991	0.0502	rs6846323	7.22	rs1148652	0.021668	-4.25	5.91	268	19	enet	0.0049	0.11	-4.66	3.16e-6
GTExv8.EUR.Artery_Aorta	/media/kame/Data/_workings/resource/GTEv8//GTExv8.EUR.Artery_Aorta/ENSG00000068796.16.wgt.RDat	ENSG00000068796.16	5	62306161	62306162	0.0839	rs10514933	16.409	rs10514933	0.110288	-6.2	16.4	386	13	enet	0.078	1.5e-7	-12.70702	5.41e-37
GTExv8.EUR.Artery_Aorta	/media/kame/Data/_workings/resource/GTEv8//GTExv8.EUR.Artery_Aorta/ENSG00000183323.12.wgt.RDat	ENSG00000183323.12	5	69332808	69332809	0.177	rs2010352	-10.102	rs12187268	0.108002	-6.2	-6.55	231	21	enet	0.16	5.5e-14	5.11685	3.11e-7
GTExv8.EUR.Artery_Aorta	/media/kame/Data/_workings/resource/GTEv8//GTExv8.EUR.Artery_Aorta/ENSG00000145736.14.wgt.RDat	ENSG00000145736.14	5	71067651	71067652	0.7015	rs6453406	-4.148	rs6453406	0.381418	11.27	-4.15	51	23	enet	0.39	4.3e-37	-4.5422	5.57e-6
GTExv8.EUR.Artery_Aorta	/media/kame/Data/_workings/resource/GTEv8//GTExv8.EUR.Artery_Aorta/ENSG00000245060.6.wgt.RDat	ENSG00000245060.6	5	180831605	180831606	0.1733	rs2619758	-11.004	rs4700988	0.072512	5.55	-10.6	361	8	enet	0.052	1.9e-5	-8.09559	5.7e-16
GTExv8.EUR.Artery_Aorta	/media/kame/Data/_workings/resource/GTEv8//GTExv8.EUR.Artery_Aorta/ENSG00000196670.13.wgt.RDat	ENSG00000196670.13	5	180861284	180861285	0.244	rs2619758	-11.004	rs2619758	0.117798	7	-11	347	30	enet	0.1	1.5e-9	-9.82466	8.819999999999999e-23
GTExv8.EUR.Artery_Aorta	/media/kame/Data/_workings/resource/GTEv8//GTExv8.EUR.Artery_Aorta/ENSG00000079841.18.wgt.RDat	ENSG00000079841.18	6	71886702	71886703	0.2256	rs829472	-5.87	rs829465	0.153	-7.31	-5.295421	419	27	enet	0.15	1.1e-13	4.570745	4.86e-6
GTExv8.EUR.Artery_Aorta	/media/kame/Data/_workings/resource/GTEv8//GTExv8.EUR.Artery_Aorta/ENSG00000119899.12.wgt.RDat	ENSG00000119899.12	6	73654154	73654155	0.1361	rs583443	9.07	rs485802	0.0679	5.51	6.97201	382	15	enet	0.054	1.3e-5	7.753502	8.94e-15
GTExv8.EUR.Artery_Aorta	/media/kame/Data/_workings/resource/GTEv8//GTExv8.EUR.Artery_Aorta/ENSG00000135312.6.wgt.RDat	ENSG00000135312.6	6	77463772	77463773	0.107	rs6916431	10.24	rs1936158	0.0583	-5.35	8.479503	388	15	enet	0.074	3.2e-7	-7.109843	1.16e-12
GTExv8.EUR.Artery_Aorta	/media/kame/Data/_workings/resource/GTEv8//GTExv8.EUR.Artery_Aorta/ENSG00000198945.7.wgt.RDat	ENSG00000198945.7	6	130013698	130013699	0.2645	rs9375683	8.34	rs6569648	0.213	8.42	-6.298733	561	23	enet	0.2	5.2e-18	-5.763102	8.26e-9
GTExv8.EUR.Artery_Aorta	/media/kame/Data/_workings/resource/GTEv8//GTExv8.EUR.Artery_Aorta/ENSG00000122687.17.wgt.RDat	ENSG00000122687.17	7	2242197	2242198	0.1587	rs11773627	12.98	rs7787274	0.155109	7.2	5.929074	419	17	enet	0.13	1.2e-11	6.359793	2.02e-10
GTExv8.EUR.Artery_Aorta	/media/kame/Data/_workings/resource/GTEv8//GTExv8.EUR.Artery_Aorta/ENSG00000281332.1.wgt.RDat	ENSG00000281332.1	7	32760278	32760279	0.1553	rs716500	12.88	rs6974642	0.042127	-5.85	3.823837	407	25	enet	0.1	1.8e-9	-6.248371	4.15e-10
GTExv8.EUR.Artery_Aorta	/media/kame/Data/_workings/resource/GTEv8//GTExv8.EUR.Artery_Aorta/ENSG00000238228.1.wgt.RDat	ENSG00000238228.1	7	97947997	97947998	0.2257	rs4729368	5.83	rs11982005	0.089382	-5.91	-3.758903	343	16	enet	0.051	2.2e-5	4.594494	4.34e-6
GTExv8.EUR.Artery_Aorta	/media/kame/Data/_workings/resource/GTEv8//GTExv8.EUR.Artery_Aorta/ENSG00000254251.1.wgt.RDat	ENSG00000254251.1	8	90859239	90859240	0.0886	rs10112439	9.25	rs1125229	0.086205	-6.17	3.90483	317	26	enet	0.1	1.9e-9	-5.11222	3.18e-7
GTExv8.EUR.Artery_Aorta	/media/kame/Data/_workings/resource/GTEv8//GTExv8.EUR.Artery_Aorta/ENSG00000156172.5.wgt.RDat	ENSG00000156172.5	8	95269200	95269201	0.454	rs7815085	8.21	rs7815085	0.149775	7.08	8.20653	595	26	enet	0.22	3e-19	4.93953	7.83e-7
GTExv8.EUR.Artery_Aorta	/media/kame/Data/_workings/resource/GTEv8//GTExv8.EUR.Artery_Aorta/ENSG00000169398.19.wgt.RDat	ENSG00000169398.19	8	141002215	141002216	0.0647	rs938724	10.56	rs938724	0.008325	-3.67	10.56093	407	22	enet	0.006	0.086	-6.12159	9.26e-10
GTExv8.EUR.Artery_Aorta	/media/kame/Data/_workings/resource/GTEv8//GTExv8.EUR.Artery_Aorta/ENSG00000236095.1.wgt.RDat	ENSG00000236095.1	9	94900428	94900429	0.133	rs1410972	6.74	rs3780554	0.0112	-3.25	5.8382	352	47	enet	0.041	1.3e-4	-4.58313	4.58e-6
GTExv8.EUR.Artery_Aorta	/media/kame/Data/_workings/resource/GTEv8//GTExv8.EUR.Artery_Aorta/ENSG00000185920.15.wgt.RDat	ENSG00000185920.15	9	95517056	95517057	0.1242	rs10512249	8.21	rs28535536	0.00926	4.4	7.598502	417	18	enet	0.047	4.3e-5	4.55123	5.33e-6
GTExv8.EUR.Artery_Aorta	/media/kame/Data/_workings/resource/GTEv8//GTExv8.EUR.Artery_Aorta/ENSG00000125485.17.wgt.RDat	ENSG00000125485.17	9	132670033	132670034	0.5762	rs3739905	-7.74	rs11243850	0.55	13.53	-7.687515	534	13	enet	0.55	1.7999999999999997e-58	-7.27918	3.36e-13
GTExv8.EUR.Artery_Aorta	/media/kame/Data/_workings/resource/GTEv8//GTExv8.EUR.Artery_Aorta/ENSG00000188163.7.wgt.RDat	ENSG00000188163.7	9	137247769	137247770	0.1366	rs3125786	6.27	rs1142749	0.0544	4.79	-5.152969	359	11	enet	0.098	4e-9	-4.60036	4.22e-6
GTExv8.EUR.Artery_Aorta	/media/kame/Data/_workings/resource/GTEv8//GTExv8.EUR.Artery_Aorta/ENSG00000152465.17.wgt.RDat	ENSG00000152465.17	10	15168692	15168693	0.2399	rs10906845	9.52	rs10906841	0.054152	-5.53	5.39599	525	17	enet	0.13	4.9e-12	-4.742124	2.11e-6
GTExv8.EUR.Artery_Aorta	/media/kame/Data/_workings/resource/GTEv8//GTExv8.EUR.Artery_Aorta/ENSG00000148498.15.wgt.RDat	ENSG00000148498.15	10	34815324	34815325	0.1222	rs9787643	-6.12	rs11598558	0.0156	-3.93	0.512808	321	15	enet	0.013	0.023	-4.628332	3.69e-6
GTExv8.EUR.Artery_Aorta	/media/kame/Data/_workings/resource/GTEv8//GTExv8.EUR.Artery_Aorta/ENSG00000187122.16.wgt.RDat	ENSG00000187122.16	10	97185919	97185920	0.3392	rs4919096	-12.39	rs13439	0.2734	9.68	-3.738171	436	15	enet	0.28	3e-25	-5.724972	1.03e-8
GTExv8.EUR.Artery_Aorta	/media/kame/Data/_workings/resource/GTEv8//GTExv8.EUR.Artery_Aorta/ENSG00000170430.9.wgt.RDat	ENSG00000170430.9	10	129467183	129467184	0.6443	rs7905095	6.7	rs1008982	0.419756	-12.11	5.762754	594	70	enet	0.5	8.4e-52	-4.543331	5.54e-6
GTExv8.EUR.Artery_Aorta	/media/kame/Data/_workings/resource/GTEv8//GTExv8.EUR.Artery_Aorta/ENSG00000170946.14.wgt.RDat	ENSG00000170946.14	11	31369839	31369840	0.0468	rs566302	-8.6	rs7116699	0.00854	-3.96	-6.35944	251	13	enet	0.018	0.0089	6.53	6.62e-11
GTExv8.EUR.Artery_Aorta	/media/kame/Data/_workings/resource/GTEv8//GTExv8.EUR.Artery_Aorta/ENSG00000156599.10.wgt.RDat	ENSG00000156599.10	11	57667746	57667747	0.0774	rs7117205	16.44	rs7936998	0.0465	4.48	15.89723	393	28	enet	0.045	6.5e-5	10.9	1.96e-27
GTExv8.EUR.Artery_Aorta	/media/kame/Data/_workings/resource/GTEv8//GTExv8.EUR.Artery_Aorta/ENSG00000254986.7.wgt.RDat	ENSG00000254986.7	11	66480012	66480013	0.1145	rs560556	8.31	rs11822028	0.134	-6.95	4.56506	281	13	enet	0.12	4e-11	-4.74	2.13e-6
GTExv8.EUR.Artery_Aorta	/media/kame/Data/_workings/resource/GTEv8//GTExv8.EUR.Artery_Aorta/ENSG00000248746.5.wgt.RDat	ENSG00000248746.5	11	66546394	66546395	0.1935	rs1253440	8.65	rs1815739	0.269	-9.44	7.70809	262	11	enet	0.25	8.4e-23	-6.88	6.03e-12
GTExv8.EUR.Artery_Aorta	/media/kame/Data/_workings/resource/GTEv8//GTExv8.EUR.Artery_Aorta/ENSG00000149295.13.wgt.RDat	ENSG00000149295.13	11	113475388	113475389	0.1274	rs4245150	19.1	rs7125588	0.0318	-4.93	14.16735	521	10	enet	0.077	2e-7	-10	1.1099999999999999e-23
GTExv8.EUR.Artery_Aorta	/media/kame/Data/_workings/resource/GTEv8//GTExv8.EUR.Artery_Aorta/ENSG00000149548.14.wgt.RDat	ENSG00000149548.14	11	124954120	124954121	0.2584	rs1940171	-10.79	rs3809055	0.0838	5.57	4.24289	507	30	enet	0.099	3.2e-9	5.07	4e-7
GTExv8.EUR.Artery_Aorta	/media/kame/Data/_workings/resource/GTEv8//GTExv8.EUR.Artery_Aorta/ENSG00000139133.6.wgt.RDat	ENSG00000139133.6	12	34024134	34024135	0.04	rs3912355	-5.3	rs7979207	0.036823	4.28	-4.765688	225	4	enet	0.028	0.0013	-4.86559	1.14e-6
GTExv8.EUR.Artery_Aorta	/media/kame/Data/_workings/resource/GTEv8//GTExv8.EUR.Artery_Aorta/ENSG00000139620.12.wgt.RDat	ENSG00000139620.12	12	48682237	48682238	0.3477	rs10875867	-7.33	rs4113946	0.247882	9.1	-3.677383	378	24	enet	0.22	1.6e-19	-5.1475	2.64e-7
GTExv8.EUR.Artery_Aorta	/media/kame/Data/_workings/resource/GTEv8//GTExv8.EUR.Artery_Aorta/ENSG00000123352.17.wgt.RDat	ENSG00000123352.17	12	49366583	49366584	0.0633	rs11169058	8.05	rs11168981	0.023841	-4.03	3.881635	299	6	enet	0.016	0.012	-5.94745	2.72e-9
GTExv8.EUR.Artery_Aorta	/media/kame/Data/_workings/resource/GTEv8//GTExv8.EUR.Artery_Aorta/ENSG00000111707.11.wgt.RDat	ENSG00000111707.11	12	118376379	118376380	0.1228	rs17512609	11.58	rs11068891	0.109936	6.34	8.682155	443	10	enet	0.082	7.8e-8	7.53339	4.94e-14
GTExv8.EUR.Artery_Aorta	/media/kame/Data/_workings/resource/GTEv8//GTExv8.EUR.Artery_Aorta/ENSG00000275759.1.wgt.RDat	ENSG00000275759.1	12	118428280	118428281	0.238	rs17512609	11.58	rs17619932	0.207628	-9.31	9.421401	445	46	enet	0.29	7.3e-26	-5.64263	1.67e-8
GTExv8.EUR.Artery_Aorta	/media/kame/Data/_workings/resource/GTEv8//GTExv8.EUR.Artery_Aorta/ENSG00000275409.1.wgt.RDat	ENSG00000275409.1	12	118430146	118430147	0.1922	rs17512609	11.58	rs2062519	0.081862	-5.91	6.706673	446	24	enet	0.13	7.2e-12	-4.85769	1.19e-6
GTExv8.EUR.Artery_Aorta	/media/kame/Data/_workings/resource/GTEv8//GTExv8.EUR.Artery_Aorta/ENSG00000165914.14.wgt.RDat	ENSG00000165914.14	14	90816478	90816479	0.1203	rs961196	-6.17	rs12434032	0.005714	-4.15	3.98788	393	12	enet	0.008	0.057	-4.636249	3.55e-6
GTExv8.EUR.Artery_Aorta	/media/kame/Data/_workings/resource/GTEv8//GTExv8.EUR.Artery_Aorta/ENSG00000128944.13.wgt.RDat	ENSG00000128944.13	15	40382720	40382721	0.7064	rs17672041	4.75	rs7164132	0.557465	13.81	4.61369	392	19	enet	0.57	3.1e-62	4.5189	6.22e-6
GTExv8.EUR.Artery_Aorta	/media/kame/Data/_workings/resource/GTEv8//GTExv8.EUR.Artery_Aorta/ENSG00000090487.10.wgt.RDat	ENSG00000090487.10	15	64990309	64990310	0.548	rs6494509	6.13	rs2946662	0.574781	-13.84	5.371375	304	20	enet	0.58	3.4e-64	-4.75277	2.01e-6
GTExv8.EUR.Artery_Aorta	/media/kame/Data/_workings/resource/GTEv8//GTExv8.EUR.Artery_Aorta/ENSG00000137764.19.wgt.RDat	ENSG00000137764.19	15	67542708	67542709	0.2159	rs2286664	14.79	rs4776943	0.199498	-8.38	13.386323	409	9	enet	0.19	4.1e-17	-13.34761	1.22e-40
GTExv8.EUR.Artery_Aorta	/media/kame/Data/_workings/resource/GTEv8//GTExv8.EUR.Artery_Aorta/ENSG00000188779.10.wgt.RDat	ENSG00000188779.10	15	67819703	67819704	0.1302	rs2286664	14.79	rs12441715	0.107203	-6.71	13.457571	348	10	enet	0.11	4.1e-10	-12.51955	5.8400000000000004e-36
GTExv8.EUR.Artery_Aorta	/media/kame/Data/_workings/resource/GTEv8//GTExv8.EUR.Artery_Aorta/ENSG00000067221.13.wgt.RDat	ENSG00000067221.13	15	73994621	73994622	0.3376	rs10162627	-6.24	rs10162627	0.246071	9.06	-6.244427	405	26	enet	0.22	1.4e-19	-5.27478	1.33e-7
GTExv8.EUR.Artery_Aorta	/media/kame/Data/_workings/resource/GTEv8//GTExv8.EUR.Artery_Aorta/ENSG00000136404.15.wgt.RDat	ENSG00000136404.15	15	83107406	83107407	0.1012	rs12441907	-11.15	rs1452114	0.05479	5.13	-2.65174	350	7	enet	0.052	1.9e-5	-5.39789	6.74e-8
GTExv8.EUR.Artery_Aorta	/media/kame/Data/_workings/resource/GTEv8//GTExv8.EUR.Artery_Aorta/ENSG00000166503.8.wgt.RDat	ENSG00000166503.8	15	83208017	83208018	0.2041	rs12441907	-11.15	rs28436027	0.226441	8.77	-6.016699	351	41	enet	0.22	2.6e-19	-5.37865	7.5e-8
GTExv8.EUR.Artery_Aorta	/media/kame/Data/_workings/resource/GTEv8//GTExv8.EUR.Artery_Aorta/ENSG00000177082.12.wgt.RDat	ENSG00000177082.12	15	84654342	84654343	0.1159	rs7237	-6.46	rs17532346	0.128476	-7.23	-4.881572	343	12	enet	0.14	2.1e-12	5.50847	3.62e-8
GTExv8.EUR.Artery_Aorta	/media/kame/Data/_workings/resource/GTEv8//GTExv8.EUR.Artery_Aorta/ENSG00000259295.6.wgt.RDat	ENSG00000259295.6	15	85191437	85191438	0.2905	rs3748375	-6.37	rs11637142	0.217376	8.63	-5.989711	509	19	enet	0.2	3.5e-18	-5.16755	2.37e-7
GTExv8.EUR.Artery_Aorta	/media/kame/Data/_workings/resource/GTEv8//GTExv8.EUR.Artery_Aorta/ENSG00000182511.11.wgt.RDat	ENSG00000182511.11	15	90883694	90883695	0.2462	rs17514846	15.72	rs1894400	0.144032	-7.14	6.877578	493	15	enet	0.12	4.3e-11	-4.51909	6.21e-6
GTExv8.EUR.Artery_Aorta	/media/kame/Data/_workings/resource/GTEv8//GTExv8.EUR.Artery_Aorta/ENSG00000167377.17.wgt.RDat	ENSG00000167377.17	16	71463094	71463095	0.3154	rs7184543	-7.03	rs7184543	0.0619	-5.77	-7.032481	317	22	enet	0.18	1.1e-15	5.08915	3.6e-7
GTExv8.EUR.Artery_Aorta	/media/kame/Data/_workings/resource/GTEv8//GTExv8.EUR.Artery_Aorta/ENSG00000140830.8.wgt.RDat	ENSG00000140830.8	16	72094395	72094396	0.0812	rs12925901	-6.92	rs11640722	0.0605	4.87	-4.660509	349	10	enet	0.026	0.0019	-5.33248	9.69e-8
GTExv8.EUR.Artery_Aorta	/media/kame/Data/_workings/resource/GTEv8//GTExv8.EUR.Artery_Aorta/ENSG00000205078.5.wgt.RDat	ENSG00000205078.5	16	77206440	77206441	0.6859	rs7186803	12.6	rs11865641	0.484	12.62	6.502878	727	50	enet	0.5	1.1e-51	5.57832	2.43e-8
GTExv8.EUR.Artery_Aorta	/media/kame/Data/_workings/resource/GTEv8//GTExv8.EUR.Artery_Aorta/ENSG00000127804.12.wgt.RDat	ENSG00000127804.12	17	2511890	2511891	0.1175	rs2240730	-13	rs8077068	-0.00304	-3.75	3.69	437	18	enet	5e-5	0.31	-5.03	4.9e-7
GTExv8.EUR.Artery_Aorta	/media/kame/Data/_workings/resource/GTEv8//GTExv8.EUR.Artery_Aorta/ENSG00000109063.14.wgt.RDat	ENSG00000109063.14	17	10657308	10657309	0.2321	rs421541	-7.64	rs9904211	0.149	7.16	-6.37	518	12	enet	0.16	2.3e-14	-5.09	3.56e-7
GTExv8.EUR.Artery_Aorta	/media/kame/Data/_workings/resource/GTEv8//GTExv8.EUR.Artery_Aorta/ENSG00000264176.1.wgt.RDat	ENSG00000264176.1	17	10716510	10716511	0.2891	rs421541	-7.64	rs9898817	0.209	8.76	-6.98	494	18	enet	0.19	1.2e-16	-6.97	3.2e-12
GTExv8.EUR.Artery_Aorta	/media/kame/Data/_workings/resource/GTEv8//GTExv8.EUR.Artery_Aorta/ENSG00000263874.2.wgt.RDat	ENSG00000263874.2	17	38925167	38925168	0.4709	rs649997	-13.1	rs660413	0.0789	-6.57	-5.77	356	24	enet	0.23	3.3e-20	10.9	9.41e-28
GTExv8.EUR.Artery_Aorta	/media/kame/Data/_workings/resource/GTEv8//GTExv8.EUR.Artery_Aorta/ENSG00000136448.11.wgt.RDat	ENSG00000136448.11	17	45051661	45051662	0.2176	rs7217321	-8.12	rs1053733	0.189	8.38	-4.42	326	24	enet	0.19	5e-17	-4.52	6.22e-6
GTExv8.EUR.Artery_Aorta	/media/kame/Data/_workings/resource/GTEv8//GTExv8.EUR.Artery_Aorta/ENSG00000186834.3.wgt.RDat	ENSG00000186834.3	17	45148501	45148502	0.117	rs7217321	-8.12	rs4986172	0.0336	-4.44	-1	276	10	enet	0.02	0.0063	5.4	6.76e-8
GTExv8.EUR.Artery_Aorta	/media/kame/Data/_workings/resource/GTEv8//GTExv8.EUR.Artery_Aorta/ENSG00000262539.1.wgt.RDat	ENSG00000262539.1	17	46260605	46260606	0.4694	rs199456	-23.99	rs199448	0.529	13.57	-22.8	62	24	enet	0.56	5.7e-61	-18.7	5.41e-78
GTExv8.EUR.Artery_Aorta	/media/kame/Data/_workings/resource/GTEv8//GTExv8.EUR.Artery_Aorta/ENSG00000238083.7.wgt.RDat	ENSG00000238083.7	17	46511510	46511511	0.5097	rs199456	-23.99	rs199448	0.47	12.49	-22.8	132	16	enet	0.46	2.3e-45	-22.5	1.5699999999999998e-112
GTExv8.EUR.Artery_Aorta	/media/kame/Data/_workings/resource/GTEv8//GTExv8.EUR.Artery_Aorta/ENSG00000185829.17.wgt.RDat	ENSG00000185829.17	17	46579681	46579682	0.5266	rs199456	-23.99	rs17692129	0.057	-6.04	-0.248	139	60	enet	0.15	4.6e-13	-16.8	3.45e-63
GTExv8.EUR.Artery_Aorta	/media/kame/Data/_workings/resource/GTEv8//GTExv8.EUR.Artery_Aorta/ENSG00000073969.18.wgt.RDat	ENSG00000073969.18	17	46590668	46590669	0.0873	rs199456	-23.99	rs35732828	0.0171	4.62	2.47	143	8	enet	0.046	5.4e-5	15.8	1.8999999999999999e-56
GTExv8.EUR.Artery_Aorta	/media/kame/Data/_workings/resource/GTEv8//GTExv8.EUR.Artery_Aorta/ENSG00000108379.9.wgt.RDat	ENSG00000108379.9	17	46833057	46833058	0.1778	rs199456	-23.99	rs199520	0.182	7.83	-15.6	253	8	enet	0.15	2.6e-13	-15.6	3.709999999999999e-55
GTExv8.EUR.Artery_Aorta	/media/kame/Data/_workings/resource/GTEv8//GTExv8.EUR.Artery_Aorta/ENSG00000159210.9.wgt.RDat	ENSG00000159210.9	17	48945116	48945117	0.1028	rs1523136	7.6	rs8078510	0.106	-6.84	4.68	399	8	enet	0.11	5.3e-10	-4.8	1.56e-6
GTExv8.EUR.Artery_Aorta	/media/kame/Data/_workings/resource/GTEv8//GTExv8.EUR.Artery_Aorta/ENSG00000104969.9.wgt.RDat	ENSG00000104969.9	19	2783370	2783371	0.1825	rs7938	-6.47	rs1860938	0.065557	-5	1.76358	436	50	enet	0.053	1.5e-5	-4.694813	2.67e-6
GTExv8.EUR.Artery_Aorta	/media/kame/Data/_workings/resource/GTEv8//GTExv8.EUR.Artery_Aorta/ENSG00000280239.1.wgt.RDat	ENSG00000280239.1	19	4448809	4448810	0.4633	rs243387	7.63	rs243352	0.42185	-12.04	3.90016	390	32	enet	0.48	1.8999999999999997e-48	-4.52188	6.13e-6
GTExv8.EUR.Artery_Aorta	/media/kame/Data/_workings/resource/GTEv8//GTExv8.EUR.Artery_Aorta/ENSG00000105576.15.wgt.RDat	ENSG00000105576.15	19	12724010	12724011	0.1302	rs2303731	-7.68	rs722572	0.104445	6.3	-5.40934	296	7	enet	0.082	7.2e-8	-6.16052	7.25e-10
GTExv8.EUR.Artery_Aorta	/media/kame/Data/_workings/resource/GTEv8//GTExv8.EUR.Artery_Aorta/ENSG00000161618.9.wgt.RDat	ENSG00000161618.9	19	49453168	49453169	0.4084	rs7258719	8.48	rs2293013	0.29253	10.19	8.0519	371	19	enet	0.3	3.7e-27	7.564539	3.89e-14
GTExv8.EUR.Artery_Aorta	/media/kame/Data/_workings/resource/GTEv8//GTExv8.EUR.Artery_Aorta/ENSG00000101349.16.wgt.RDat	ENSG00000101349.16	20	9839040	9839041	0.19	rs363012	-6.88	rs6133737	0.023302	5.07	2.929289	682	22	enet	0.05	2.5e-5	5.27105	1.36e-7
GTExv8.EUR.Artery_Aorta	/media/kame/Data/_workings/resource/GTEv8//GTExv8.EUR.Artery_Aorta/ENSG00000166913.12.wgt.RDat	ENSG00000166913.12	20	44885675	44885676	0.1203	rs2425684	-8.68	rs6017443	0.064301	-5.2	-5.53713	433	10	enet	0.046	5.6e-5	5.44384	5.2100000000000003e-08
GTExv8.EUR.Artery_Aorta	/media/kame/Data/_workings/resource/GTEv8//GTExv8.EUR.Artery_Aorta/ENSG00000101104.12.wgt.RDat	ENSG00000101104.12	20	44910061	44910062	0.1302	rs2425684	-8.68	rs2072729	0.040669	4.96	-8.493825	414	10	enet	0.04	1.6e-4	-5.97936	2.24e-9
GTExv8.EUR.Artery_Aorta	/media/kame/Data/_workings/resource/GTEv8//GTExv8.EUR.Artery_Aorta/ENSG00000124257.6.wgt.RDat	ENSG00000124257.6	20	45888886	45888887	0.1183	rs2297198	12.2	rs4810479	0.067481	-4.95	4.435197	512	9	enet	0.023	0.0034	-5.52779	3.24e-8
GTExv8.EUR.Artery_Aorta	/media/kame/Data/_workings/resource/GTEv8//GTExv8.EUR.Artery_Aorta/ENSG00000100979.14.wgt.RDat	ENSG00000100979.14	20	45912154	45912155	0.2186	rs2297198	12.2	rs4810479	0.104423	-6.32	4.435197	513	26	enet	0.097	5.1e-9	-5.09277	3.53e-7
GTExv8.EUR.Artery_Aorta	/media/kame/Data/_workings/resource/GTEv8//GTExv8.EUR.Artery_Aorta/ENSG00000203880.11.wgt.RDat	ENSG00000203880.11	20	64255694	64255695	0.3877	rs6062359	9	rs6512309	0.096629	-7.25	5.647297	230	34	enet	0.21	7.1e-19	-5.2526	1.5e-7
GTExv8.EUR.Artery_Aorta	/media/kame/Data/_workings/resource/GTEv8//GTExv8.EUR.Artery_Aorta/ENSG00000100024.14.wgt.RDat	ENSG00000100024.14	22	24494106	24494107	0.131	rs5760452	9.22	rs2267076	0.097688	6.79	8.340141	395	15	enet	0.11	4.4e-10	5.93526	2.93e-9
