PANEL	FILE	ID	CHR	P0	P1	HSQ	BEST.GWAS.ID	BEST.GWAS.Z	EQTL.ID	EQTL.R2	EQTL.Z	EQTL.GWAS.Z	NSNP	NWGT	MODEL	MODELCV.R2	MODELCV.PV	TWAS.Z	TWAS.P
GTExv8.EUR.Artery_Tibial	/media/kame/Data/_workings/resource/GTEv8//GTExv8.EUR.Artery_Tibial/ENSG00000171608.15.wgt.RDat	ENSG00000171608.15	1	9651731	9651732	0.183	rs4265433	6.06	rs6669509	0.137	8.51	-4.550994	324	6	enet	0.13	3.1e-16	-4.69106	2.72e-6
GTExv8.EUR.Artery_Tibial	/media/kame/Data/_workings/resource/GTEv8//GTExv8.EUR.Artery_Tibial/ENSG00000142657.20.wgt.RDat	ENSG00000142657.20	1	10398591	10398592	0.0953	rs12402967	-9.03	rs1467653	0.029	5.53	-6.343955	377	19	enet	0.048	7.5e-7	-5.49607	3.88e-8
GTExv8.EUR.Artery_Tibial	/media/kame/Data/_workings/resource/GTEv8//GTExv8.EUR.Artery_Tibial/ENSG00000259943.1.wgt.RDat	ENSG00000259943.1	1	40257966	40257967	0.0956	rs12730176	-6.61	rs12760525	0.0586	-5.65	-4.319256	404	32	enet	0.036	1.7e-5	4.78033	1.75e-6
GTExv8.EUR.Artery_Tibial	/media/kame/Data/_workings/resource/GTEv8//GTExv8.EUR.Artery_Tibial/ENSG00000162373.12.wgt.RDat	ENSG00000162373.12	1	48776968	48776969	0.1286	rs12739065	-9.81	rs1316396	0.0732	-6.14	-9.721381	384	20	enet	0.058	6.6e-8	8.93506	4.07e-19
GTExv8.EUR.Artery_Tibial	/media/kame/Data/_workings/resource/GTEv8//GTExv8.EUR.Artery_Tibial/ENSG00000134256.12.wgt.RDat	ENSG00000134256.12	1	117001749	117001750	0.0911	rs10801925	-7.76	rs3736908	0.00472	-5.23	-7.046154	412	13	enet	0.023	4.7e-4	6.32628	2.51e-10
GTExv8.EUR.Artery_Tibial	/media/kame/Data/_workings/resource/GTEv8//GTExv8.EUR.Artery_Tibial/ENSG00000143603.18.wgt.RDat	ENSG00000143603.18	1	154870279	154870280	0.0935	rs4845681	13.15	rs10908445	0.0832	-6.65	9.153098	417	7	enet	0.06	4.1e-8	-9.50166	2.07e-21
GTExv8.EUR.Artery_Tibial	/media/kame/Data/_workings/resource/GTEv8//GTExv8.EUR.Artery_Tibial/ENSG00000163346.16.wgt.RDat	ENSG00000163346.16	1	154956122	154956123	0.0722	rs4845681	13.15	rs10752609	-9.49e-4	3.54	-0.772683	397	27	enet	0.0069	0.038	-4.61097	4.01e-6
GTExv8.EUR.Artery_Tibial	/media/kame/Data/_workings/resource/GTEv8//GTExv8.EUR.Artery_Tibial/ENSG00000163354.14.wgt.RDat	ENSG00000163354.14	1	155033780	155033781	0.1363	rs4845681	13.15	rs11264298	0.0423	-5.95	8.570739	378	19	enet	0.047	1.1e-6	-5.77814	7.55e-9
GTExv8.EUR.Artery_Tibial	/media/kame/Data/_workings/resource/GTEv8//GTExv8.EUR.Artery_Tibial/ENSG00000272195.1.wgt.RDat	ENSG00000272195.1	1	244971087	244971088	0.3251	rs1196366	6.6	rs2291426	0.419	-14.15	6.291535	464	43	enet	0.4	1.8e-54	-5.42949	5.65e-8
GTExv8.EUR.Artery_Tibial	/media/kame/Data/_workings/resource/GTEv8//GTExv8.EUR.Artery_Tibial/ENSG00000173960.13.wgt.RDat	ENSG00000173960.13	2	23927284	23927285	0.152	rs2081302	5.64	rs12475813	0.146	8.6	4.767336	377	10	enet	0.14	1e-17	5.05798	4.24e-7
GTExv8.EUR.Artery_Tibial	/media/kame/Data/_workings/resource/GTEv8//GTExv8.EUR.Artery_Tibial/ENSG00000138092.10.wgt.RDat	ENSG00000138092.10	2	24793382	24793383	0.186	rs713587	10.96	rs6545800	0.107	8.14	8.338751	311	14	enet	0.16	2.4e-20	4.71963	2.36e-6
GTExv8.EUR.Artery_Tibial	/media/kame/Data/_workings/resource/GTEv8//GTExv8.EUR.Artery_Tibial/ENSG00000138031.14.wgt.RDat	ENSG00000138031.14	2	24919838	24919839	0.3466	rs713587	10.96	rs7576788	0.212	10.35	7.11553	319	23	enet	0.27	3e-34	6.09006	1.13e-9
GTExv8.EUR.Artery_Tibial	/media/kame/Data/_workings/resource/GTEv8//GTExv8.EUR.Artery_Tibial/ENSG00000138378.17.wgt.RDat	ENSG00000138378.17	2	191151595	191151596	0.1834	rs2138913	-6.53	rs6704784	0.162	-8.96	-5.013804	384	18	enet	0.15	2.5e-18	5.26861	1.37e-7
GTExv8.EUR.Artery_Tibial	/media/kame/Data/_workings/resource/GTEv8//GTExv8.EUR.Artery_Tibial/ENSG00000280083.1.wgt.RDat	ENSG00000280083.1	2	191156069	191156070	0.1081	rs2138913	-6.53	rs1823913	0.0647	-6.21	-5.086748	384	10	enet	0.055	1.3e-7	5.07567	3.86e-7
GTExv8.EUR.Artery_Tibial	/media/kame/Data/_workings/resource/GTEv8//GTExv8.EUR.Artery_Tibial/ENSG00000135913.10.wgt.RDat	ENSG00000135913.10	2	218568360	218568361	0.0376	rs13023540	14.75	rs1863704	0.0305	4.64	-8.053761	364	4	enet	0.0087	0.023	-8.11001	5.06e-16
GTExv8.EUR.Artery_Tibial	/media/kame/Data/_workings/resource/GTEv8//GTExv8.EUR.Artery_Tibial/ENSG00000115556.13.wgt.RDat	ENSG00000115556.13	2	218607764	218607765	0.069	rs13023540	15.05	rs526897	0.101	-7.33	-8.259468	367	22	enet	0.096	2.6e-12	7.44873	9.42e-14
GTExv8.EUR.Artery_Tibial	/media/kame/Data/_workings/resource/GTEv8//GTExv8.EUR.Artery_Tibial/ENSG00000180385.8.wgt.RDat	ENSG00000180385.8	3	9987120	9987121	0.1114	rs7626117	-8.58	rs3732967	0.129	8.25	-5.596909	524	21	enet	0.11	1.7e-14	-5.840973	5.19e-9
GTExv8.EUR.Artery_Tibial	/media/kame/Data/_workings/resource/GTEv8//GTExv8.EUR.Artery_Tibial/ENSG00000224728.1.wgt.RDat	ENSG00000224728.1	3	15878046	15878047	0.1048	rs2470550	-8.51	rs17041602	0.0718	6.81	-3.000707	469	11	enet	0.082	1.1e-10	-5.455509	4.88e-8
GTExv8.EUR.Artery_Tibial	/media/kame/Data/_workings/resource/GTEv8//GTExv8.EUR.Artery_Tibial/ENSG00000154822.17.wgt.RDat	ENSG00000154822.17	3	16802650	16802651	0.0543	rs748832	11.53	rs12489270	0.0437	4.96	8.436816	481	10	enet	0.029	1.2e-4	6.533168	6.44e-11
GTExv8.EUR.Artery_Tibial	/media/kame/Data/_workings/resource/GTEv8//GTExv8.EUR.Artery_Tibial/ENSG00000172995.16.wgt.RDat	ENSG00000172995.16	3	35638944	35638945	0.2122	rs6550371	-15.09	rs17280201	0.233	10.56	5.981036	403	19	enet	0.25	4.899999999999999e-31	5.404752	6.49e-8
GTExv8.EUR.Artery_Tibial	/media/kame/Data/_workings/resource/GTEv8//GTExv8.EUR.Artery_Tibial/ENSG00000073711.10.wgt.RDat	ENSG00000073711.10	3	135965672	135965673	0.0569	rs6771997	-8.31	rs9843725	0.0389	5.98	-7.632345	296	12	enet	0.049	6e-7	-7.177211	7.11e-13
GTExv8.EUR.Artery_Tibial	/media/kame/Data/_workings/resource/GTEv8//GTExv8.EUR.Artery_Tibial/ENSG00000119231.10.wgt.RDat	ENSG00000119231.10	3	196867855	196867856	0.2008	rs2089979	5.25	rs555582	0.132	8.22	-5.011807	429	17	enet	0.12	4.9e-15	-4.880926	1.06e-6
GTExv8.EUR.Artery_Tibial	/media/kame/Data/_workings/resource/GTEv8//GTExv8.EUR.Artery_Tibial/ENSG00000063978.15.wgt.RDat	ENSG00000063978.15	4	2462219	2462220	0.0686	rs3775068	-10.34	rs11736936	0.045558	4.96	-7.59	374	20	enet	0.031	6.9e-5	-5.91063	3.41e-9
GTExv8.EUR.Artery_Tibial	/media/kame/Data/_workings/resource/GTEv8//GTExv8.EUR.Artery_Tibial/ENSG00000033178.12.wgt.RDat	ENSG00000033178.12	4	67701178	67701179	0.1993	rs1038432	6.04	rs1548119	0.152948	-9	4.83	402	15	enet	0.14	2.6e-17	-5.45006	5.04e-8
GTExv8.EUR.Artery_Tibial	/media/kame/Data/_workings/resource/GTEv8//GTExv8.EUR.Artery_Tibial/ENSG00000068796.16.wgt.RDat	ENSG00000068796.16	5	62306161	62306162	0.071	rs10514933	16.409	rs264530	0.085	-6.69	13.4	387	26	enet	0.082	1.2e-10	-9.55401	1.2500000000000001e-21
GTExv8.EUR.Artery_Tibial	/media/kame/Data/_workings/resource/GTEv8//GTExv8.EUR.Artery_Tibial/ENSG00000273841.4.wgt.RDat	ENSG00000273841.4	5	69369641	69369642	0.0957	rs2010352	-10.102	rs4252228	0.063	-6.09	-8	225	27	enet	0.058	5.7e-8	6.27762	3.44e-10
GTExv8.EUR.Artery_Tibial	/media/kame/Data/_workings/resource/GTEv8//GTExv8.EUR.Artery_Tibial/ENSG00000213347.10.wgt.RDat	ENSG00000213347.10	5	177312756	177312757	0.2938	rs11952102	-8.186	rs11949767	0.177	9.27	-7.97	311	30	enet	0.23	2.5e-28	-6.15094	7.7e-10
GTExv8.EUR.Artery_Tibial	/media/kame/Data/_workings/resource/GTEv8//GTExv8.EUR.Artery_Tibial/ENSG00000196670.13.wgt.RDat	ENSG00000196670.13	5	180861284	180861285	0.2755	rs2619758	-11.004	rs249307	0.183	9.62	-11	348	29	enet	0.19	7.8e-24	-9.02573	1.78e-19
GTExv8.EUR.Artery_Tibial	/media/kame/Data/_workings/resource/GTEv8//GTExv8.EUR.Artery_Tibial/ENSG00000119899.12.wgt.RDat	ENSG00000119899.12	6	73654154	73654155	0.1016	rs583443	9.07	rs629381	0.0717	6.48	6.462051	382	31	enet	0.084	6.6e-11	4.56151	5.08e-6
GTExv8.EUR.Artery_Tibial	/media/kame/Data/_workings/resource/GTEv8//GTExv8.EUR.Artery_Tibial/ENSG00000065833.8.wgt.RDat	ENSG00000065833.8	6	83431070	83431071	0.1271	rs3778203	-5.22	rs12190945	0.0903	6.72	-4.532511	318	22	enet	0.057	7.9e-8	-4.94399	7.65e-7
GTExv8.EUR.Artery_Tibial	/media/kame/Data/_workings/resource/GTEv8//GTExv8.EUR.Artery_Tibial/ENSG00000198945.7.wgt.RDat	ENSG00000198945.7	6	130013698	130013699	0.1268	rs9375683	8.34	rs7769599	0.0496	5.65	-8.227468	561	17	enet	0.051	3.4e-7	-8.97381	2.86e-19
GTExv8.EUR.Artery_Tibial	/media/kame/Data/_workings/resource/GTEv8//GTExv8.EUR.Artery_Tibial/ENSG00000259828.1.wgt.RDat	ENSG00000259828.1	6	141447010	141447011	0.3591	rs9403315	9.32	rs13201721	0.18	9.32	7.19682	271	27	enet	0.19	2.4e-24	5.99393	2.05e-9
GTExv8.EUR.Artery_Tibial	/media/kame/Data/_workings/resource/GTEv8//GTExv8.EUR.Artery_Tibial/ENSG00000122687.17.wgt.RDat	ENSG00000122687.17	7	2242197	2242198	0.1889	rs11773627	12.98	rs7787274	0.163	9.03	5.929074	419	9	enet	0.14	7.2e-18	5.34455	9.06e-8
GTExv8.EUR.Artery_Tibial	/media/kame/Data/_workings/resource/GTEv8//GTExv8.EUR.Artery_Tibial/ENSG00000106608.16.wgt.RDat	ENSG00000106608.16	7	43926410	43926411	0.0651	rs1181592	8.43	rs2232103	0.0117	4.48	1.596739	380	7	enet	0.0035	0.1	4.59417	4.34e-6
GTExv8.EUR.Artery_Tibial	/media/kame/Data/_workings/resource/GTEv8//GTExv8.EUR.Artery_Tibial/ENSG00000146701.11.wgt.RDat	ENSG00000146701.11	7	76048050	76048051	0.0289	rs9800948	10.45	rs1104879	0.0143	-4.21	9.09948	318	12	enet	0.0072	0.036	-9.17783	4.4e-20
GTExv8.EUR.Artery_Tibial	/media/kame/Data/_workings/resource/GTEv8//GTExv8.EUR.Artery_Tibial/ENSG00000128617.2.wgt.RDat	ENSG00000128617.2	7	128775789	128775790	0.3362	rs11771587	-5.07	rs17475665	0.192	10.08	3.206225	342	42	enet	0.21	1.0999999999999999e-25	4.69399	2.68e-6
GTExv8.EUR.Artery_Tibial	/media/kame/Data/_workings/resource/GTEv8//GTExv8.EUR.Artery_Tibial/ENSG00000172817.3.wgt.RDat	ENSG00000172817.3	8	64798760	64798761	0.0491	rs4350019	8.62	rs10112206	0.0367	4.68	7.432598	350	4	enet	0.011	0.013	4.90401	9.39e-7
GTExv8.EUR.Artery_Tibial	/media/kame/Data/_workings/resource/GTEv8//GTExv8.EUR.Artery_Tibial/ENSG00000123119.11.wgt.RDat	ENSG00000123119.11	8	90791632	90791633	0.116	rs10112439	9.25	rs10112439	0.00342	-3.6	9.251552	303	25	enet	0.024	3.9e-4	-4.92861	8.28e-7
GTExv8.EUR.Artery_Tibial	/media/kame/Data/_workings/resource/GTEv8//GTExv8.EUR.Artery_Tibial/ENSG00000254251.1.wgt.RDat	ENSG00000254251.1	8	90859239	90859240	0.1043	rs10112439	9.25	rs10108616	0.0584	-6.83	4.019332	317	27	enet	0.078	3.4e-10	-5.04075	4.64e-7
GTExv8.EUR.Artery_Tibial	/media/kame/Data/_workings/resource/GTEv8//GTExv8.EUR.Artery_Tibial/ENSG00000155099.7.wgt.RDat	ENSG00000155099.7	8	91041063	91041064	0.1136	rs10112439	9.25	rs7831333	0.0536	5.86	6.50573	300	14	enet	0.075	8.1e-10	4.96054	7.03e-7
GTExv8.EUR.Artery_Tibial	/media/kame/Data/_workings/resource/GTEv8//GTExv8.EUR.Artery_Tibial/ENSG00000227603.1.wgt.RDat	ENSG00000227603.1	9	93437120	93437121	0.2526	rs7853605	8.89	rs7025805	0.193	9.61	4.478328	492	25	enet	0.16	1.1e-19	4.621684	3.81e-6
GTExv8.EUR.Artery_Tibial	/media/kame/Data/_workings/resource/GTEv8//GTExv8.EUR.Artery_Tibial/ENSG00000232630.1.wgt.RDat	ENSG00000232630.1	9	125150652	125150653	0.1036	rs391957	11.41	rs636033	0.153	8.82	8.285139	311	29	enet	0.14	6.8e-18	7.449745	9.35e-14
GTExv8.EUR.Artery_Tibial	/media/kame/Data/_workings/resource/GTEv8//GTExv8.EUR.Artery_Tibial/ENSG00000167123.18.wgt.RDat	ENSG00000167123.18	9	128411750	128411751	0.0704	rs7023913	-4.97	rs7040989	0.0824	6.41	-4.108712	283	6	enet	0.054	1.9e-7	-4.559553	5.13e-6
GTExv8.EUR.Artery_Tibial	/media/kame/Data/_workings/resource/GTEv8//GTExv8.EUR.Artery_Tibial/ENSG00000125485.17.wgt.RDat	ENSG00000125485.17	9	132670033	132670034	0.581	rs3739905	-7.74	rs3739905	0.567	16.43	-7.735995	536	10	enet	0.56	4.900000000000001e-87	-6.982566	2.9e-12
GTExv8.EUR.Artery_Tibial	/media/kame/Data/_workings/resource/GTEv8//GTExv8.EUR.Artery_Tibial/ENSG00000235106.9.wgt.RDat	ENSG00000235106.9	9	134025438	134025439	0.0933	rs11789898	9.75	rs11789898	0.0548	5.96	9.74828	583	19	enet	0.064	1.4e-8	4.593255	4.36e-6
GTExv8.EUR.Artery_Tibial	/media/kame/Data/_workings/resource/GTEv8//GTExv8.EUR.Artery_Tibial/ENSG00000152465.17.wgt.RDat	ENSG00000152465.17	10	15168692	15168693	0.3885	rs10906845	9.52	rs10906841	0.245	-10.86	5.4	528	29	enet	0.27	7.3e-34	-6.75559	1.42e-11
GTExv8.EUR.Artery_Tibial	/media/kame/Data/_workings/resource/GTEv8//GTExv8.EUR.Artery_Tibial/ENSG00000198060.9.wgt.RDat	ENSG00000198060.9	10	92291162	92291163	0.0313	rs11186852	5.73	rs1878424	0.017	-4.17	4.89	304	10	enet	0.011	0.013	-4.91409	8.92e-7
GTExv8.EUR.Artery_Tibial	/media/kame/Data/_workings/resource/GTEv8//GTExv8.EUR.Artery_Tibial/ENSG00000187122.16.wgt.RDat	ENSG00000187122.16	10	97185919	97185920	0.1788	rs4919096	-12.39	rs1687369	0.213	10.23	-5.38	437	14	enet	0.21	1.2e-26	-6.16676	6.97e-10
GTExv8.EUR.Artery_Tibial	/media/kame/Data/_workings/resource/GTEv8//GTExv8.EUR.Artery_Tibial/ENSG00000213390.10.wgt.RDat	ENSG00000213390.10	10	97292672	97292673	0.0757	rs4919096	-12.39	rs7901853	0.0483	-5.21	-10.3	451	13	enet	0.047	9.4e-7	7.39803	1.38e-13
GTExv8.EUR.Artery_Tibial	/media/kame/Data/_workings/resource/GTEv8//GTExv8.EUR.Artery_Tibial/ENSG00000165879.8.wgt.RDat	ENSG00000165879.8	10	97319266	97319267	0.0926	rs4919096	-12.39	rs11189131	0.019	4.37	-9.52	468	23	enet	0.02	0.0012	-6.25988	3.85e-10
GTExv8.EUR.Artery_Tibial	/media/kame/Data/_workings/resource/GTEv8//GTExv8.EUR.Artery_Tibial/ENSG00000121621.6.wgt.RDat	ENSG00000121621.6	11	28108246	28108247	0.0384	rs7952220	12.75	rs7930653	0.014502	-4.19	2.283546	299	9	enet	0.012	0.0097	-4.76275	1.91e-6
GTExv8.EUR.Artery_Tibial	/media/kame/Data/_workings/resource/GTEv8//GTExv8.EUR.Artery_Tibial/ENSG00000170946.14.wgt.RDat	ENSG00000170946.14	11	31369839	31369840	0.1191	rs566302	-8.6	rs4244477	0.086329	-6.8	-8.397095	251	10	enet	0.084	7.4e-11	7.66227	1.83e-14
GTExv8.EUR.Artery_Tibial	/media/kame/Data/_workings/resource/GTEv8//GTExv8.EUR.Artery_Tibial/ENSG00000156599.10.wgt.RDat	ENSG00000156599.10	11	57667746	57667747	0.08	rs7117205	16.44	rs7117205	0.054527	5.85	16.437954	393	7	enet	0.032	4.6e-5	15.78423	3.9999999999999997e-56
GTExv8.EUR.Artery_Tibial	/media/kame/Data/_workings/resource/GTEv8//GTExv8.EUR.Artery_Tibial/ENSG00000248746.5.wgt.RDat	ENSG00000248746.5	11	66546394	66546395	0.1562	rs1253440	8.65	rs1815739	0.190885	-9.77	7.708094	263	24	enet	0.19	2.0000000000000002e-23	-6.07552	1.24e-9
GTExv8.EUR.Artery_Tibial	/media/kame/Data/_workings/resource/GTEv8//GTExv8.EUR.Artery_Tibial/ENSG00000149548.14.wgt.RDat	ENSG00000149548.14	11	124954120	124954121	0.249	rs1940171	-10.79	rs3809055	0.082283	6.36	4.242886	508	54	enet	0.17	3.7e-21	6.6218	3.55e-11
GTExv8.EUR.Artery_Tibial	/media/kame/Data/_workings/resource/GTEv8//GTExv8.EUR.Artery_Tibial/ENSG00000257718.1.wgt.RDat	ENSG00000257718.1	12	38906450	38906451	0.0284	rs11170524	-7.28	rs2388172	0.0363	4.65	-4.87	338	3	enet	0.022	6.6e-4	-4.84552	1.26e-6
GTExv8.EUR.Artery_Tibial	/media/kame/Data/_workings/resource/GTEv8//GTExv8.EUR.Artery_Tibial/ENSG00000139218.17.wgt.RDat	ENSG00000139218.17	12	45992119	45992120	0.0761	rs1468993	13.03	rs11183251	0.0407	5.19	12.1	359	7	enet	0.015	0.0039	10.78059	4.25e-27
GTExv8.EUR.Artery_Tibial	/media/kame/Data/_workings/resource/GTEv8//GTExv8.EUR.Artery_Tibial/ENSG00000123352.17.wgt.RDat	ENSG00000123352.17	12	49366583	49366584	0.1844	rs11169058	8.05	rs6580707	0.0982	-7.2	7.17	299	24	enet	0.092	7.5e-12	-5.92113	3.2e-9
GTExv8.EUR.Artery_Tibial	/media/kame/Data/_workings/resource/GTEv8//GTExv8.EUR.Artery_Tibial/ENSG00000278126.1.wgt.RDat	ENSG00000278126.1	12	51202580	51202581	0.4209	rs4761995	6.14	rs10783420	0.0899	-7.77	-3.4	400	11	enet	0.18	1.5000000000000002e-22	4.5607	5.1e-6
GTExv8.EUR.Artery_Tibial	/media/kame/Data/_workings/resource/GTEv8//GTExv8.EUR.Artery_Tibial/ENSG00000139428.11.wgt.RDat	ENSG00000139428.11	12	109573873	109573874	0.1127	rs7313797	13.27	rs12314392	0.0769	-6.46	13.2	440	24	enet	0.062	2.4e-8	-7.71104	1.25e-14
GTExv8.EUR.Artery_Tibial	/media/kame/Data/_workings/resource/GTEv8//GTExv8.EUR.Artery_Tibial/ENSG00000135108.14.wgt.RDat	ENSG00000135108.14	12	117190530	117190531	0.1133	rs9658498	14.07	rs2133678	0.0718	-6.04	6.41	561	16	enet	0.063	1.5e-8	-5.40692	6.41e-8
GTExv8.EUR.Artery_Tibial	/media/kame/Data/_workings/resource/GTEv8//GTExv8.EUR.Artery_Tibial/ENSG00000111707.11.wgt.RDat	ENSG00000111707.11	12	118376379	118376380	0.1789	rs17512609	11.58	rs17619932	0.164	9.73	9.42	446	24	enet	0.18	2.4e-22	9.731	2.22e-22
GTExv8.EUR.Artery_Tibial	/media/kame/Data/_workings/resource/GTEv8//GTExv8.EUR.Artery_Tibial/ENSG00000275759.1.wgt.RDat	ENSG00000275759.1	12	118428280	118428281	0.2064	rs17512609	11.58	rs17619932	0.151	-8.75	9.42	448	29	enet	0.2	4.1e-25	-7.70515	1.31e-14
GTExv8.EUR.Artery_Tibial	/media/kame/Data/_workings/resource/GTEv8//GTExv8.EUR.Artery_Tibial/ENSG00000275409.1.wgt.RDat	ENSG00000275409.1	12	118430146	118430147	0.1094	rs17512609	11.58	rs9943819	0.0698	-6.48	5.24	449	31	enet	0.046	1.2e-6	-5.3626	8.2e-8
GTExv8.EUR.Artery_Tibial	/media/kame/Data/_workings/resource/GTEv8//GTExv8.EUR.Artery_Tibial/ENSG00000126790.11.wgt.RDat	ENSG00000126790.11	14	59484429	59484430	0.6213	rs17834238	7.88	rs8660	0.31214	-12.73	5.33556	456	45	enet	0.45	6.2e-64	-4.65266	3.28e-6
GTExv8.EUR.Artery_Tibial	/media/kame/Data/_workings/resource/GTEv8//GTExv8.EUR.Artery_Tibial/ENSG00000128944.13.wgt.RDat	ENSG00000128944.13	15	40382720	40382721	0.6282	rs17672041	4.75	rs17671250	0.541099	16.05	4.682765	393	9	enet	0.54	1.6000000000000002e-81	4.64643	3.38e-6
GTExv8.EUR.Artery_Tibial	/media/kame/Data/_workings/resource/GTEv8//GTExv8.EUR.Artery_Tibial/ENSG00000128989.10.wgt.RDat	ENSG00000128989.10	15	52569882	52569883	0.2623	rs2456502	21.38	rs4776056	0.206611	-10.13	2.056184	449	46	enet	0.23	2.3e-29	-6.43448	1.24e-10
GTExv8.EUR.Artery_Tibial	/media/kame/Data/_workings/resource/GTEv8//GTExv8.EUR.Artery_Tibial/ENSG00000197361.7.wgt.RDat	ENSG00000197361.7	15	63597352	63597353	0.1315	rs17772465	11.75	rs4412925	0.081278	-6.45	10.551895	381	76	enet	0.078	3.2e-10	-4.9594	7.07e-7
GTExv8.EUR.Artery_Tibial	/media/kame/Data/_workings/resource/GTEv8//GTExv8.EUR.Artery_Tibial/ENSG00000259248.5.wgt.RDat	ENSG00000259248.5	15	63601294	63601295	0.0635	rs17772465	11.75	rs4412925	0.014078	-4.41	10.551895	382	22	enet	0.013	0.0079	-7.10239	1.23e-12
GTExv8.EUR.Artery_Tibial	/media/kame/Data/_workings/resource/GTEv8//GTExv8.EUR.Artery_Tibial/ENSG00000090487.10.wgt.RDat	ENSG00000090487.10	15	64990309	64990310	0.4899	rs6494509	6.13	rs4128936	0.538809	-16.2	5.625496	304	14	enet	0.56	5.8000000000000005e-86	-4.91848	8.72e-7
GTExv8.EUR.Artery_Tibial	/media/kame/Data/_workings/resource/GTEv8//GTExv8.EUR.Artery_Tibial/ENSG00000137764.19.wgt.RDat	ENSG00000137764.19	15	67542708	67542709	0.2965	rs2286664	14.79	rs4776361	0.286575	-11.81	14.20409	409	22	enet	0.28	3.2e-35	-12.9211	3.42e-38
GTExv8.EUR.Artery_Tibial	/media/kame/Data/_workings/resource/GTEv8//GTExv8.EUR.Artery_Tibial/ENSG00000188779.10.wgt.RDat	ENSG00000188779.10	15	67819703	67819704	0.1884	rs2286664	14.79	rs12905371	0.108079	-7.79	13.223587	348	31	enet	0.13	8.7e-17	-8.12124	4.61e-16
GTExv8.EUR.Artery_Tibial	/media/kame/Data/_workings/resource/GTEv8//GTExv8.EUR.Artery_Tibial/ENSG00000177082.12.wgt.RDat	ENSG00000177082.12	15	84654342	84654343	0.1527	rs7237	-6.46	rs7237	0.161293	-8.95	-6.462378	344	18	enet	0.16	2.1e-20	5.09659	3.46e-7
GTExv8.EUR.Artery_Tibial	/media/kame/Data/_workings/resource/GTEv8//GTExv8.EUR.Artery_Tibial/ENSG00000140564.11.wgt.RDat	ENSG00000140564.11	15	90868591	90868592	0.0821	rs17514846	15.72	rs4702	0.061447	-5.62	12.437095	482	5	enet	0.047	1.1e-6	-9.88044	5.0599999999999993e-23
GTExv8.EUR.Artery_Tibial	/media/kame/Data/_workings/resource/GTEv8//GTExv8.EUR.Artery_Tibial/ENSG00000182511.11.wgt.RDat	ENSG00000182511.11	15	90883694	90883695	0.252	rs17514846	15.72	rs1894400	0.073701	-6.92	6.877578	487	35	enet	0.13	6.6e-16	-5.17487	2.28e-7
GTExv8.EUR.Artery_Tibial	/media/kame/Data/_workings/resource/GTEv8//GTExv8.EUR.Artery_Tibial/ENSG00000185518.11.wgt.RDat	ENSG00000185518.11	15	91099949	91099950	0.0832	rs17514846	15.72	rs11073980	0.015084	-4.41	0.057328	495	18	enet	0.033	4e-5	5.97463	2.31e-9
GTExv8.EUR.Artery_Tibial	/media/kame/Data/_workings/resource/GTEv8//GTExv8.EUR.Artery_Tibial/ENSG00000247324.2.wgt.RDat	ENSG00000247324.2	16	71463257	71463258	0.096	rs7184543	-7.03	rs9933680	0.0517	-5.95	-6.884272	317	5	enet	0.049	6.7e-7	5.639786	1.7e-8
GTExv8.EUR.Artery_Tibial	/media/kame/Data/_workings/resource/GTEv8//GTExv8.EUR.Artery_Tibial/ENSG00000205078.5.wgt.RDat	ENSG00000205078.5	16	77206440	77206441	0.6978	rs7186803	12.6	rs11865641	0.567	16.43	6.502878	728	20	enet	0.57	6e-88	6.871064	6.37e-12
GTExv8.EUR.Artery_Tibial	/media/kame/Data/_workings/resource/GTEv8//GTExv8.EUR.Artery_Tibial/ENSG00000185324.21.wgt.RDat	ENSG00000185324.21	16	89680736	89680737	0.5713	rs12924572	-7.53	rs1805008	0.426	-14.47	-2.977068	418	38	enet	0.53	1.2e-79	4.89955	9.61e-7
GTExv8.EUR.Artery_Tibial	/media/kame/Data/_workings/resource/GTEv8//GTExv8.EUR.Artery_Tibial/ENSG00000277200.1.wgt.RDat	ENSG00000277200.1	17	2723946	2723947	0.1718	rs2240730	-13	rs7209772	0.0469	-5.71	-11.3727	446	28	enet	0.1	3.9e-13	7.9	2.78e-15
GTExv8.EUR.Artery_Tibial	/media/kame/Data/_workings/resource/GTEv8//GTExv8.EUR.Artery_Tibial/ENSG00000065320.8.wgt.RDat	ENSG00000065320.8	17	9021541	9021542	0.4835	rs4791337	-9.2	rs7214739	0.283	-11.67	-6.75066	486	42	enet	0.41	7e-56	4.92	8.78e-7
GTExv8.EUR.Artery_Tibial	/media/kame/Data/_workings/resource/GTEv8//GTExv8.EUR.Artery_Tibial/ENSG00000264176.1.wgt.RDat	ENSG00000264176.1	17	10716510	10716511	0.1778	rs421541	-7.64	rs9898817	0.158	8.92	-6.97842	494	18	enet	0.16	1e-19	-6.21	5.15e-10
GTExv8.EUR.Artery_Tibial	/media/kame/Data/_workings/resource/GTEv8//GTExv8.EUR.Artery_Tibial/ENSG00000263874.2.wgt.RDat	ENSG00000263874.2	17	38925167	38925168	0.3945	rs649997	-13.1	rs649997	0.0709	-7.03	-13.0953	356	12	enet	0.22	1.7000000000000002e-27	12.4	3.14e-35
GTExv8.EUR.Artery_Tibial	/media/kame/Data/_workings/resource/GTEv8//GTExv8.EUR.Artery_Tibial/ENSG00000108797.11.wgt.RDat	ENSG00000108797.11	17	42683917	42683918	0.0888	rs12453256	-6.31	rs4028634	0.123	-8.1	-3.82331	268	18	enet	0.12	2e-15	4.71	2.49e-6
GTExv8.EUR.Artery_Tibial	/media/kame/Data/_workings/resource/GTEv8//GTExv8.EUR.Artery_Tibial/ENSG00000262539.1.wgt.RDat	ENSG00000262539.1	17	46260605	46260606	0.4085	rs199456	-23.99	rs17689471	0.591	17.21	-15.59384	65	21	enet	0.63	2.8e-104	-19.7	2.75e-86
GTExv8.EUR.Artery_Tibial	/media/kame/Data/_workings/resource/GTEv8//GTExv8.EUR.Artery_Tibial/ENSG00000261575.2.wgt.RDat	ENSG00000261575.2	17	46267036	46267037	0.0794	rs199456	-23.99	rs8072451	0.0907	6.8	-15.59384	65	18	enet	0.084	7.3e-11	-17.8	7.84e-71
GTExv8.EUR.Artery_Tibial	/media/kame/Data/_workings/resource/GTEv8//GTExv8.EUR.Artery_Tibial/ENSG00000238083.7.wgt.RDat	ENSG00000238083.7	17	46511510	46511511	0.4847	rs199456	-23.99	rs169201	0.509	15.64	-23.76528	135	20	enet	0.52	1.7e-78	-22.3	1.5399999999999997e-110
GTExv8.EUR.Artery_Tibial	/media/kame/Data/_workings/resource/GTEv8//GTExv8.EUR.Artery_Tibial/ENSG00000185829.17.wgt.RDat	ENSG00000185829.17	17	46579681	46579682	0.2744	rs199456	-23.99	rs183211	0.0855	6.63	-10.61616	142	29	enet	0.14	5.3e-18	-7.78	7.35e-15
GTExv8.EUR.Artery_Tibial	/media/kame/Data/_workings/resource/GTEv8//GTExv8.EUR.Artery_Tibial/ENSG00000073969.18.wgt.RDat	ENSG00000073969.18	17	46590668	46590669	0.0935	rs199456	-23.99	rs35732828	0.0136	4.56	2.4653	146	21	enet	0.026	2.4e-4	8.4	4.4e-17
GTExv8.EUR.Artery_Tibial	/media/kame/Data/_workings/resource/GTEv8//GTExv8.EUR.Artery_Tibial/ENSG00000108379.9.wgt.RDat	ENSG00000108379.9	17	46833057	46833058	0.143	rs199456	-23.99	rs199520	0.114	7.46	-15.62072	255	13	enet	0.11	1.4e-13	-12.5	9.21e-36
GTExv8.EUR.Artery_Tibial	/media/kame/Data/_workings/resource/GTEv8//GTExv8.EUR.Artery_Tibial/ENSG00000167083.6.wgt.RDat	ENSG00000167083.6	17	49209399	49209400	0.0561	rs1523136	7.6	rs11650158	0.00592	-4.35	6.05579	375	9	enet	0.011	0.014	-4.87	1.11e-6
GTExv8.EUR.Artery_Tibial	/media/kame/Data/_workings/resource/GTEv8//GTExv8.EUR.Artery_Tibial/ENSG00000104964.14.wgt.RDat	ENSG00000104964.14	19	3063106	3063107	0.3242	rs7938	-6.47	rs7938	0.0977	-8.25	-6.47218	407	14	enet	0.19	1.8e-23	5.92422	3.14e-9
GTExv8.EUR.Artery_Tibial	/media/kame/Data/_workings/resource/GTEv8//GTExv8.EUR.Artery_Tibial/ENSG00000008382.15.wgt.RDat	ENSG00000008382.15	19	4343526	4343527	0.0527	rs243387	7.63	rs8104459	0.029	-4.5	7.20615	368	5	enet	0.013	0.0083	-5.50264	3.74e-8
GTExv8.EUR.Artery_Tibial	/media/kame/Data/_workings/resource/GTEv8//GTExv8.EUR.Artery_Tibial/ENSG00000105576.15.wgt.RDat	ENSG00000105576.15	19	12724010	12724011	0.3082	rs2303731	-7.68	rs722572	0.138	8.32	-5.40934	296	10	enet	0.12	1.2e-15	-6.11918	9.41e-10
GTExv8.EUR.Artery_Tibial	/media/kame/Data/_workings/resource/GTEv8//GTExv8.EUR.Artery_Tibial/ENSG00000189114.6.wgt.RDat	ENSG00000189114.6	19	45178744	45178745	0.0722	rs17562787	-6.77	rs11881409	0.0413	-4.8	-5.51334	369	8	enet	0.025	2.8e-4	4.79277	1.64e-6
GTExv8.EUR.Artery_Tibial	/media/kame/Data/_workings/resource/GTEv8//GTExv8.EUR.Artery_Tibial/ENSG00000142230.11.wgt.RDat	ENSG00000142230.11	19	47113273	47113274	0.1093	rs10407441	9.17	rs10407441	0.0259	5.33	9.16972	318	11	enet	0.046	1.4e-6	5.38691	7.17e-8
GTExv8.EUR.Artery_Tibial	/media/kame/Data/_workings/resource/GTEv8//GTExv8.EUR.Artery_Tibial/ENSG00000161618.9.wgt.RDat	ENSG00000161618.9	19	49453168	49453169	0.3713	rs7258719	8.48	rs13394	0.35	12.96	7.88577	369	19	enet	0.35	1.1999999999999999e-46	6.98075	2.94e-12
GTExv8.EUR.Artery_Tibial	/media/kame/Data/_workings/resource/GTEv8//GTExv8.EUR.Artery_Tibial/ENSG00000166913.12.wgt.RDat	ENSG00000166913.12	20	44885675	44885676	0.1127	rs2425684	-8.68	rs12481468	0.108	-7.32	-5.5	431	11	enet	0.1	6.7e-13	5.24546	1.56e-7
GTExv8.EUR.Artery_Tibial	/media/kame/Data/_workings/resource/GTEv8//GTExv8.EUR.Artery_Tibial/ENSG00000124226.10.wgt.RDat	ENSG00000124226.10	20	49936335	49936336	0.143	rs605138	5.75	rs2769980	0.0811	6.37	-5.31	465	17	enet	0.076	6.4e-10	-4.81368	1.48e-6
GTExv8.EUR.Artery_Tibial	/media/kame/Data/_workings/resource/GTEv8//GTExv8.EUR.Artery_Tibial/ENSG00000268858.2.wgt.RDat	ENSG00000268858.2	20	63864292	63864293	0.1564	rs6062359	9	rs6062551	0.055	-5.95	1.04	418	15	enet	0.054	1.9e-7	-4.59896	4.25e-6
GTExv8.EUR.Artery_Tibial	/media/kame/Data/_workings/resource/GTEv8//GTExv8.EUR.Artery_Tibial/ENSG00000203880.11.wgt.RDat	ENSG00000203880.11	20	64255694	64255695	0.352	rs6062359	9	rs17569873	0.0827	-7.89	4.34	230	46	enet	0.22	6.5e-28	-5.02223	5.11e-7
GTExv8.EUR.Artery_Tibial	/media/kame/Data/_workings/resource/GTEv8//GTExv8.EUR.Artery_Tibial/ENSG00000214914.3.wgt.RDat	ENSG00000214914.3	21	36016545	36016546	0.0647	rs11701590	-5.39	rs880221	0.0371	5.06	-4.79121	511	6	enet	0.022	7.6e-4	-4.76383	1.9e-6
GTExv8.EUR.Artery_Tibial	/media/kame/Data/_workings/resource/GTEv8//GTExv8.EUR.Artery_Tibial/ENSG00000100024.14.wgt.RDat	ENSG00000100024.14	22	24494106	24494107	0.0936	rs5760452	9.22	rs2298383	0.108	7.34	7.417523	397	9	enet	0.087	3.3e-11	7.9779	1.49e-15
