PANEL	FILE	ID	CHR	P0	P1	HSQ	BEST.GWAS.ID	BEST.GWAS.Z	EQTL.ID	EQTL.R2	EQTL.Z	EQTL.GWAS.Z	NSNP	NWGT	MODEL	MODELCV.R2	MODELCV.PV	TWAS.Z	TWAS.P
GTExv8.EUR.Skin_Not_Sun_Exposed_Suprapubic	/media/kame/Data/_workings/resource/GTEv8//GTExv8.EUR.Skin_Not_Sun_Exposed_Suprapubic/ENSG00000142657.20.wgt.RDat	ENSG00000142657.20	1	10398591	10398592	0.158	rs12402967	-9.03	rs7546368	0.148	8.31	-6.28	374	19	enet	0.13	4.3e-15	-5.401467	6.61e-8
GTExv8.EUR.Skin_Not_Sun_Exposed_Suprapubic	/media/kame/Data/_workings/resource/GTEv8//GTExv8.EUR.Skin_Not_Sun_Exposed_Suprapubic/ENSG00000157330.9.wgt.RDat	ENSG00000157330.9	1	12746214	12746215	0.1266	rs1008477	-7.12	rs6541059	0.128	7.57	-5.29	209	21	enet	0.11	3.8e-13	-5.455738	4.88e-8
GTExv8.EUR.Skin_Not_Sun_Exposed_Suprapubic	/media/kame/Data/_workings/resource/GTEv8//GTExv8.EUR.Skin_Not_Sun_Exposed_Suprapubic/ENSG00000117298.14.wgt.RDat	ENSG00000117298.14	1	21345503	21345504	0.0558	rs3026886	7.03	rs3026886	0.00422	-4.14	7.03	374	13	enet	0.013	0.0094	-5.010044	5.44e-7
GTExv8.EUR.Skin_Not_Sun_Exposed_Suprapubic	/media/kame/Data/_workings/resource/GTEv8//GTExv8.EUR.Skin_Not_Sun_Exposed_Suprapubic/ENSG00000066135.12.wgt.RDat	ENSG00000066135.12	1	43650157	43650158	0.0525	rs11590627	-10.18	rs11590627	0.014	4.01	-10.2	451	9	enet	0.0032	0.13	-6.95521	3.52e-12
GTExv8.EUR.Skin_Not_Sun_Exposed_Suprapubic	/media/kame/Data/_workings/resource/GTEv8//GTExv8.EUR.Skin_Not_Sun_Exposed_Suprapubic/ENSG00000143603.18.wgt.RDat	ENSG00000143603.18	1	154870279	154870280	0.1293	rs4845681	13.15	rs10796933	0.0206	-4.5	-0.697	417	22	enet	0.037	3.9e-5	-4.635131	3.57e-6
GTExv8.EUR.Skin_Not_Sun_Exposed_Suprapubic	/media/kame/Data/_workings/resource/GTEv8//GTExv8.EUR.Skin_Not_Sun_Exposed_Suprapubic/ENSG00000163346.16.wgt.RDat	ENSG00000163346.16	1	154956122	154956123	0.1117	rs4845681	13.15	rs705094	0.0821	-6.68	7.41	397	12	enet	0.051	1.5e-6	-9.408282	5.040000000000001e-21
GTExv8.EUR.Skin_Not_Sun_Exposed_Suprapubic	/media/kame/Data/_workings/resource/GTEv8//GTExv8.EUR.Skin_Not_Sun_Exposed_Suprapubic/ENSG00000232093.1.wgt.RDat	ENSG00000232093.1	1	155046117	155046118	0.1604	rs4845681	13.15	rs11264300	0.158	-8.38	8.88	378	15	enet	0.15	1.5e-16	-5.140885	2.73e-7
GTExv8.EUR.Skin_Not_Sun_Exposed_Suprapubic	/media/kame/Data/_workings/resource/GTEv8//GTExv8.EUR.Skin_Not_Sun_Exposed_Suprapubic/ENSG00000152061.23.wgt.RDat	ENSG00000152061.23	1	174159409	174159410	0.2832	rs7536102	12.55	rs7548540	0.171	8.97	5.84	275	35	enet	0.21	1.4000000000000002e-23	4.869662	1.12e-6
GTExv8.EUR.Skin_Not_Sun_Exposed_Suprapubic	/media/kame/Data/_workings/resource/GTEv8//GTExv8.EUR.Skin_Not_Sun_Exposed_Suprapubic/ENSG00000143799.12.wgt.RDat	ENSG00000143799.12	1	226408078	226408079	0.1408	rs7534366	7.93	rs3219090	0.0474	-5.82	-1.41	384	22	enet	0.073	8.1e-9	4.59623	4.3e-6
GTExv8.EUR.Skin_Not_Sun_Exposed_Suprapubic	/media/kame/Data/_workings/resource/GTEv8//GTExv8.EUR.Skin_Not_Sun_Exposed_Suprapubic/ENSG00000272195.1.wgt.RDat	ENSG00000272195.1	1	244971087	244971088	0.2107	rs1196366	6.6	rs2291426	0.221	-9.99	6.29	463	24	enet	0.21	2.7999999999999998e-24	-5.980896	2.22e-9
GTExv8.EUR.Skin_Not_Sun_Exposed_Suprapubic	/media/kame/Data/_workings/resource/GTEv8//GTExv8.EUR.Skin_Not_Sun_Exposed_Suprapubic/ENSG00000138031.14.wgt.RDat	ENSG00000138031.14	2	24919838	24919839	0.0681	rs713587	10.96	rs1982200	0.042354	-5.53	9.555276	320	19	enet	0.056	4.1e-7	-6.79049	1.12e-11
GTExv8.EUR.Skin_Not_Sun_Exposed_Suprapubic	/media/kame/Data/_workings/resource/GTEv8//GTExv8.EUR.Skin_Not_Sun_Exposed_Suprapubic/ENSG00000224165.5.wgt.RDat	ENSG00000224165.5	2	24971389	24971390	0.0805	rs713587	10.96	rs1077492	0.048457	-5.32	9.027829	323	7	enet	0.038	2.8e-5	-7.574046	3.62e-14
GTExv8.EUR.Skin_Not_Sun_Exposed_Suprapubic	/media/kame/Data/_workings/resource/GTEv8//GTExv8.EUR.Skin_Not_Sun_Exposed_Suprapubic/ENSG00000084710.13.wgt.RDat	ENSG00000084710.13	2	25042129	25042130	0.0354	rs713587	10.96	rs6749526	0.004708	-3.66	6.707388	332	15	enet	-6.5e-4	0.4	-5.875056	4.23e-9
GTExv8.EUR.Skin_Not_Sun_Exposed_Suprapubic	/media/kame/Data/_workings/resource/GTEv8//GTExv8.EUR.Skin_Not_Sun_Exposed_Suprapubic/ENSG00000273302.1.wgt.RDat	ENSG00000273302.1	2	61199978	61199979	0.0792	rs7591402	9.81	rs11897723	0.034367	4.48	7.326566	303	11	enet	0.023	0.001	5.452737	4.96e-8
GTExv8.EUR.Skin_Not_Sun_Exposed_Suprapubic	/media/kame/Data/_workings/resource/GTEv8//GTExv8.EUR.Skin_Not_Sun_Exposed_Suprapubic/ENSG00000115464.14.wgt.RDat	ENSG00000115464.14	2	61470768	61470769	0.1142	rs7591402	9.81	rs10496091	0.039738	5.23	7.119085	299	16	enet	0.041	1.3e-5	4.911805	9.02e-7
GTExv8.EUR.Skin_Not_Sun_Exposed_Suprapubic	/media/kame/Data/_workings/resource/GTEv8//GTExv8.EUR.Skin_Not_Sun_Exposed_Suprapubic/ENSG00000138378.17.wgt.RDat	ENSG00000138378.17	2	191151595	191151596	0.2822	rs2138913	-6.53	rs6704784	0.160274	-8.53	-5.013804	384	35	enet	0.14	4.6e-16	4.789518	1.67e-6
GTExv8.EUR.Skin_Not_Sun_Exposed_Suprapubic	/media/kame/Data/_workings/resource/GTEv8//GTExv8.EUR.Skin_Not_Sun_Exposed_Suprapubic/ENSG00000144401.14.wgt.RDat	ENSG00000144401.14	2	207625927	207625928	0.1103	rs2952769	-7.69	rs2551923	0.079903	-6.69	-6.976286	405	13	enet	0.051	1.3e-6	6.915606	4.66e-12
GTExv8.EUR.Skin_Not_Sun_Exposed_Suprapubic	/media/kame/Data/_workings/resource/GTEv8//GTExv8.EUR.Skin_Not_Sun_Exposed_Suprapubic/ENSG00000135913.10.wgt.RDat	ENSG00000135913.10	2	218568360	218568361	0.1595	rs13023540	14.75	rs526897	0.160514	8.48	-8.259468	364	55	enet	0.15	1.6e-17	-5.120963	3.04e-7
GTExv8.EUR.Skin_Not_Sun_Exposed_Suprapubic	/media/kame/Data/_workings/resource/GTEv8//GTExv8.EUR.Skin_Not_Sun_Exposed_Suprapubic/ENSG00000115556.13.wgt.RDat	ENSG00000115556.13	2	218607764	218607765	0.0724	rs13023540	15.05	rs7607369	0.008904	3.3	-5.657232	367	4	enet	0.0014	0.21	-5.777512	7.58e-9
GTExv8.EUR.Skin_Not_Sun_Exposed_Suprapubic	/media/kame/Data/_workings/resource/GTEv8//GTExv8.EUR.Skin_Not_Sun_Exposed_Suprapubic/ENSG00000180385.8.wgt.RDat	ENSG00000180385.8	3	9987120	9987121	0.1455	rs7626117	-8.58	rs6791810	0.142	8.28	-7.000624	522	19	enet	0.15	6.8e-17	-5.76582	8.13e-9
GTExv8.EUR.Skin_Not_Sun_Exposed_Suprapubic	/media/kame/Data/_workings/resource/GTEv8//GTExv8.EUR.Skin_Not_Sun_Exposed_Suprapubic/ENSG00000254999.3.wgt.RDat	ENSG00000254999.3	3	10115591	10115592	0.0757	rs7626117	-8.58	rs41464050	0.0577	-5.53	-5.667271	563	9	enet	0.024	7.4e-4	5.8792	4.12e-9
GTExv8.EUR.Skin_Not_Sun_Exposed_Suprapubic	/media/kame/Data/_workings/resource/GTEv8//GTExv8.EUR.Skin_Not_Sun_Exposed_Suprapubic/ENSG00000182568.16.wgt.RDat	ENSG00000182568.16	3	18445587	18445588	0.0624	rs336605	6.96	rs6550461	0.0513	4.87	6.545803	362	18	enet	0.016	0.0051	5.45739	4.83e-8
GTExv8.EUR.Skin_Not_Sun_Exposed_Suprapubic	/media/kame/Data/_workings/resource/GTEv8//GTExv8.EUR.Skin_Not_Sun_Exposed_Suprapubic/ENSG00000249407.1.wgt.RDat	ENSG00000249407.1	3	136982158	136982159	0.0676	rs13096023	-7.87	rs361237	0.0873	-6.26	5.095172	341	18	enet	0.082	8.7e-10	-4.6997	2.61e-6
GTExv8.EUR.Skin_Not_Sun_Exposed_Suprapubic	/media/kame/Data/_workings/resource/GTEv8//GTExv8.EUR.Skin_Not_Sun_Exposed_Suprapubic/ENSG00000229912.1.wgt.RDat	ENSG00000229912.1	3	197456653	197456654	0.2418	rs4857596	-10.57	rs2060089	0.169	-8.72	-8.225675	393	9	enet	0.15	2e-17	7.77195	7.73e-15
GTExv8.EUR.Skin_Not_Sun_Exposed_Suprapubic	/media/kame/Data/_workings/resource/GTEv8//GTExv8.EUR.Skin_Not_Sun_Exposed_Suprapubic/ENSG00000248360.7.wgt.RDat	ENSG00000248360.7	4	14888168	14888169	0.2621	rs1494957	7.87	rs966311	0.129	7.79	7.41	482	19	enet	0.17	2.3e-19	6.15364	7.57e-10
GTExv8.EUR.Skin_Not_Sun_Exposed_Suprapubic	/media/kame/Data/_workings/resource/GTEv8//GTExv8.EUR.Skin_Not_Sun_Exposed_Suprapubic/ENSG00000151883.17.wgt.RDat	ENSG00000151883.17	5	50665898	50665899	0.1074	rs8188088	8.343	rs27683	0.065634	-6.02	6.36086	263	5	enet	0.058	2.6e-7	-5.23197	1.68e-7
GTExv8.EUR.Skin_Not_Sun_Exposed_Suprapubic	/media/kame/Data/_workings/resource/GTEv8//GTExv8.EUR.Skin_Not_Sun_Exposed_Suprapubic/ENSG00000086189.9.wgt.RDat	ENSG00000086189.9	5	62403938	62403939	0.0915	rs10514933	16.409	rs7734679	0.00724	-4.6	5.750335	373	26	enet	0.021	0.0014	-4.74159	2.12e-6
GTExv8.EUR.Skin_Not_Sun_Exposed_Suprapubic	/media/kame/Data/_workings/resource/GTEv8//GTExv8.EUR.Skin_Not_Sun_Exposed_Suprapubic/ENSG00000251634.2.wgt.RDat	ENSG00000251634.2	5	71128752	71128753	0.4096	rs6453406	-4.761	rs6453406	0.052812	4.89	-4.761485	71	18	enet	0.069	1.7e-8	-5.25047	1.52e-7
GTExv8.EUR.Skin_Not_Sun_Exposed_Suprapubic	/media/kame/Data/_workings/resource/GTEv8//GTExv8.EUR.Skin_Not_Sun_Exposed_Suprapubic/ENSG00000250328.5.wgt.RDat	ENSG00000250328.5	5	122479086	122479087	0.1894	rs6868061	8.453	rs6868061	0.130257	7.72	8.452563	337	32	enet	0.12	8.8e-14	6.5395	6.17e-11
GTExv8.EUR.Skin_Not_Sun_Exposed_Suprapubic	/media/kame/Data/_workings/resource/GTEv8//GTExv8.EUR.Skin_Not_Sun_Exposed_Suprapubic/ENSG00000164296.6.wgt.RDat	ENSG00000164296.6	5	150000319	150000320	0.0669	rs4705407	-6.487	rs4705104	0.035923	-5.14	-5.900406	568	8	enet	0.056	4.5e-7	4.76356	1.9e-6
GTExv8.EUR.Skin_Not_Sun_Exposed_Suprapubic	/media/kame/Data/_workings/resource/GTEv8//GTExv8.EUR.Skin_Not_Sun_Exposed_Suprapubic/ENSG00000278970.1.wgt.RDat	ENSG00000278970.1	5	180831363	180831364	0.1336	rs2619758	-11.004	rs17141236	0.055995	-6.24	-3.286349	361	16	enet	0.077	2.7e-9	6.16667	6.97e-10
GTExv8.EUR.Skin_Not_Sun_Exposed_Suprapubic	/media/kame/Data/_workings/resource/GTEv8//GTExv8.EUR.Skin_Not_Sun_Exposed_Suprapubic/ENSG00000198945.7.wgt.RDat	ENSG00000198945.7	6	130013698	130013699	0.2739	rs9375683	8.34	rs6569648	0.242	10.57	-6.298733	561	19	enet	0.28	7.899999999999999e-33	-6.70091	2.07e-11
GTExv8.EUR.Skin_Not_Sun_Exposed_Suprapubic	/media/kame/Data/_workings/resource/GTEv8//GTExv8.EUR.Skin_Not_Sun_Exposed_Suprapubic/ENSG00000122687.17.wgt.RDat	ENSG00000122687.17	7	2242197	2242198	0.113	rs11773627	12.98	rs3757440	0.126	7.7	5.754325	419	17	enet	0.12	2.8e-13	6.053484	1.42e-9
GTExv8.EUR.Skin_Not_Sun_Exposed_Suprapubic	/media/kame/Data/_workings/resource/GTEv8//GTExv8.EUR.Skin_Not_Sun_Exposed_Suprapubic/ENSG00000136270.13.wgt.RDat	ENSG00000136270.13	7	45112046	45112047	0.1174	rs3735486	-5.7	rs1992292	0.0296	5.61	-3.49278	440	18	enet	0.093	5.7e-11	-4.726103	2.29e-6
GTExv8.EUR.Skin_Not_Sun_Exposed_Suprapubic	/media/kame/Data/_workings/resource/GTEv8//GTExv8.EUR.Skin_Not_Sun_Exposed_Suprapubic/ENSG00000230882.1.wgt.RDat	ENSG00000230882.1	7	76074962	76074963	0.0701	rs9800948	10.45	rs9649679	0.0566	5.23	4.275286	304	15	enet	0.027	3.5e-4	6.351977	2.13e-10
GTExv8.EUR.Skin_Not_Sun_Exposed_Suprapubic	/media/kame/Data/_workings/resource/GTEv8//GTExv8.EUR.Skin_Not_Sun_Exposed_Suprapubic/ENSG00000105856.13.wgt.RDat	ENSG00000105856.13	7	107168960	107168961	0.0465	rs6958639	7.63	rs1121312	0.0122	3.87	-5.65738	335	14	enet	0.0036	0.11	-4.588312	4.47e-6
GTExv8.EUR.Skin_Not_Sun_Exposed_Suprapubic	/media/kame/Data/_workings/resource/GTEv8//GTExv8.EUR.Skin_Not_Sun_Exposed_Suprapubic/ENSG00000077063.10.wgt.RDat	ENSG00000077063.10	7	117874138	117874139	0.0787	rs7807677	10.28	rs6965740	0.0431	5.03	10.148245	343	28	enet	0.028	3e-4	6.950392	3.64e-12
GTExv8.EUR.Skin_Not_Sun_Exposed_Suprapubic	/media/kame/Data/_workings/resource/GTEv8//GTExv8.EUR.Skin_Not_Sun_Exposed_Suprapubic/ENSG00000181195.10.wgt.RDat	ENSG00000181195.10	8	56446733	56446734	0.1369	rs7341548	7	rs2576581	0.0621	-5.74	6.053562	423	30	enet	0.066	3.7e-8	-5.085542	3.67e-7
GTExv8.EUR.Skin_Not_Sun_Exposed_Suprapubic	/media/kame/Data/_workings/resource/GTEv8//GTExv8.EUR.Skin_Not_Sun_Exposed_Suprapubic/ENSG00000172817.3.wgt.RDat	ENSG00000172817.3	8	64798760	64798761	0.072	rs4350019	8.62	rs7817744	0.0308	4.52	4.75386	350	10	enet	0.012	0.014	5.025589	5.02e-7
GTExv8.EUR.Skin_Not_Sun_Exposed_Suprapubic	/media/kame/Data/_workings/resource/GTEv8//GTExv8.EUR.Skin_Not_Sun_Exposed_Suprapubic/ENSG00000156172.5.wgt.RDat	ENSG00000156172.5	8	95269200	95269201	0.2406	rs7815085	8.21	rs7815085	0.152	8.24	8.206534	595	18	enet	0.18	2e-20	6.596862	4.2e-11
GTExv8.EUR.Skin_Not_Sun_Exposed_Suprapubic	/media/kame/Data/_workings/resource/GTEv8//GTExv8.EUR.Skin_Not_Sun_Exposed_Suprapubic/ENSG00000119471.14.wgt.RDat	ENSG00000119471.14	9	112379936	112379937	0.4702	rs7852336	-8.37	rs7852741	0.310732	11.7	-6.651731	454	19	enet	0.37	1.0999999999999999e-44	-5.177454	2.25e-7
GTExv8.EUR.Skin_Not_Sun_Exposed_Suprapubic	/media/kame/Data/_workings/resource/GTEv8//GTExv8.EUR.Skin_Not_Sun_Exposed_Suprapubic/ENSG00000232630.1.wgt.RDat	ENSG00000232630.1	9	125150652	125150653	0.0492	rs391957	11.41	rs2810467	0.021772	4.21	8.426615	308	15	enet	0.011	0.017	8.04789	8.42e-16
GTExv8.EUR.Skin_Not_Sun_Exposed_Suprapubic	/media/kame/Data/_workings/resource/GTEv8//GTExv8.EUR.Skin_Not_Sun_Exposed_Suprapubic/ENSG00000125485.17.wgt.RDat	ENSG00000125485.17	9	132670033	132670034	0.4024	rs3739905	-7.74	rs12683918	0.313567	11.8	-5.73875	534	16	enet	0.32	1.4e-37	-6.878716	6.04e-12
GTExv8.EUR.Skin_Not_Sun_Exposed_Suprapubic	/media/kame/Data/_workings/resource/GTEv8//GTExv8.EUR.Skin_Not_Sun_Exposed_Suprapubic/ENSG00000235106.9.wgt.RDat	ENSG00000235106.9	9	134025438	134025439	0.1413	rs11789898	9.75	rs11789898	0.058682	5.18	9.74828	582	36	enet	0.022	0.0011	6.519003	7.08e-11
GTExv8.EUR.Skin_Not_Sun_Exposed_Suprapubic	/media/kame/Data/_workings/resource/GTEv8//GTExv8.EUR.Skin_Not_Sun_Exposed_Suprapubic/ENSG00000169925.16.wgt.RDat	ENSG00000169925.16	9	134068534	134068535	0.1427	rs11789898	9.75	rs2078778	0.038972	-5.79	8.970868	590	11	enet	0.074	6.4e-9	-7.979524	1.47e-15
GTExv8.EUR.Skin_Not_Sun_Exposed_Suprapubic	/media/kame/Data/_workings/resource/GTEv8//GTExv8.EUR.Skin_Not_Sun_Exposed_Suprapubic/ENSG00000198060.9.wgt.RDat	ENSG00000198060.9	10	92291162	92291163	0.0847	rs11186852	5.73	rs11186898	0.131	-7.59	5.19	304	15	enet	0.11	1.4e-12	-4.61338	3.96e-6
GTExv8.EUR.Skin_Not_Sun_Exposed_Suprapubic	/media/kame/Data/_workings/resource/GTEv8//GTExv8.EUR.Skin_Not_Sun_Exposed_Suprapubic/ENSG00000187122.16.wgt.RDat	ENSG00000187122.16	10	97185919	97185920	0.1947	rs4919096	-12.39	rs1687369	0.156	8.38	-5.38	433	27	enet	0.14	3.7e-16	-5.21347	1.85e-7
GTExv8.EUR.Skin_Not_Sun_Exposed_Suprapubic	/media/kame/Data/_workings/resource/GTEv8//GTExv8.EUR.Skin_Not_Sun_Exposed_Suprapubic/ENSG00000213390.10.wgt.RDat	ENSG00000213390.10	10	97292672	97292673	0.1587	rs4919096	-12.39	rs10882891	0.0717	-6.78	-10.8	447	16	enet	0.062	9e-8	7.90945	2.59e-15
GTExv8.EUR.Skin_Not_Sun_Exposed_Suprapubic	/media/kame/Data/_workings/resource/GTEv8//GTExv8.EUR.Skin_Not_Sun_Exposed_Suprapubic/ENSG00000107833.10.wgt.RDat	ENSG00000107833.10	10	101783412	101783413	0.0802	rs10883688	6.05	rs11191118	0.0593	-5.54	5.16	261	7	enet	0.051	1.3e-6	-4.6831	2.83e-6
GTExv8.EUR.Skin_Not_Sun_Exposed_Suprapubic	/media/kame/Data/_workings/resource/GTEv8//GTExv8.EUR.Skin_Not_Sun_Exposed_Suprapubic/ENSG00000170946.14.wgt.RDat	ENSG00000170946.14	11	31369839	31369840	0.0873	rs566302	-8.6	rs288460	0.0321	-4.48	-8.336131	251	31	enet	0.024	7.9e-4	5.85	4.97e-9
GTExv8.EUR.Skin_Not_Sun_Exposed_Suprapubic	/media/kame/Data/_workings/resource/GTEv8//GTExv8.EUR.Skin_Not_Sun_Exposed_Suprapubic/ENSG00000165916.8.wgt.RDat	ENSG00000165916.8	11	47426472	47426473	0.0916	rs3729989	5.72	rs17726787	0.0656	-6.12	5.100198	288	10	enet	0.059	2e-7	-4.85	1.24e-6
GTExv8.EUR.Skin_Not_Sun_Exposed_Suprapubic	/media/kame/Data/_workings/resource/GTEv8//GTExv8.EUR.Skin_Not_Sun_Exposed_Suprapubic/ENSG00000156599.10.wgt.RDat	ENSG00000156599.10	11	57667746	57667747	0.0564	rs7117205	16.44	rs665058	0.013	-4.63	1.215482	393	19	enet	0.055	5.5e-7	5.69	1.24e-8
GTExv8.EUR.Skin_Not_Sun_Exposed_Suprapubic	/media/kame/Data/_workings/resource/GTEv8//GTExv8.EUR.Skin_Not_Sun_Exposed_Suprapubic/ENSG00000156603.15.wgt.RDat	ENSG00000156603.15	11	57712322	57712323	0.2164	rs7117205	16.44	rs499188	0.136	-8.75	15.880139	386	36	enet	0.17	7e-19	-10.9	7.3e-28
GTExv8.EUR.Skin_Not_Sun_Exposed_Suprapubic	/media/kame/Data/_workings/resource/GTEv8//GTExv8.EUR.Skin_Not_Sun_Exposed_Suprapubic/ENSG00000173715.15.wgt.RDat	ENSG00000173715.15	11	66744450	66744451	0.1333	rs1253440	8.65	rs4294565	0.0135	4.16	-1.54836	256	28	enet	0.034	6.6e-5	-4.69	2.77e-6
GTExv8.EUR.Skin_Not_Sun_Exposed_Suprapubic	/media/kame/Data/_workings/resource/GTEv8//GTExv8.EUR.Skin_Not_Sun_Exposed_Suprapubic/ENSG00000173653.7.wgt.RDat	ENSG00000173653.7	11	66843411	66843412	0.4548	rs1253440	8.65	rs7951189	0.0677	6.26	-0.474443	235	43	enet	0.16	7.7e-18	5.84	5.34e-9
GTExv8.EUR.Skin_Not_Sun_Exposed_Suprapubic	/media/kame/Data/_workings/resource/GTEv8//GTExv8.EUR.Skin_Not_Sun_Exposed_Suprapubic/ENSG00000149294.16.wgt.RDat	ENSG00000149294.16	11	112961246	112961247	0.1575	rs7131440	17.88	rs2054267	0.108	-7.1	3.884886	546	23	enet	0.082	8.3e-10	-5.2	2.02e-7
GTExv8.EUR.Skin_Not_Sun_Exposed_Suprapubic	/media/kame/Data/_workings/resource/GTEv8//GTExv8.EUR.Skin_Not_Sun_Exposed_Suprapubic/ENSG00000149295.13.wgt.RDat	ENSG00000149295.13	11	113475388	113475389	0.1214	rs4245150	19.1	rs4936280	0.0198	-5.28	1.562568	521	23	enet	0.056	4.6e-7	-4.56	5.1e-6
GTExv8.EUR.Skin_Not_Sun_Exposed_Suprapubic	/media/kame/Data/_workings/resource/GTEv8//GTExv8.EUR.Skin_Not_Sun_Exposed_Suprapubic/ENSG00000149548.14.wgt.RDat	ENSG00000149548.14	11	124954120	124954121	0.4091	rs1940171	-10.79	rs7120629	0.0884	-7.22	0.024635	507	62	enet	0.29	2.4e-33	7.47	7.78e-14
GTExv8.EUR.Skin_Not_Sun_Exposed_Suprapubic	/media/kame/Data/_workings/resource/GTEv8//GTExv8.EUR.Skin_Not_Sun_Exposed_Suprapubic/ENSG00000166086.12.wgt.RDat	ENSG00000166086.12	11	134068924	134068925	0.2738	rs671974	9.17	rs610829	0.113	7.05	7.464286	540	43	enet	0.13	1.3e-14	5.46	4.84e-8
GTExv8.EUR.Skin_Not_Sun_Exposed_Suprapubic	/media/kame/Data/_workings/resource/GTEv8//GTExv8.EUR.Skin_Not_Sun_Exposed_Suprapubic/ENSG00000139620.12.wgt.RDat	ENSG00000139620.12	12	48682237	48682238	0.3164	rs10875867	-7.33	rs7304711	0.257351	10.72	-2.943596	378	25	enet	0.26	5.5000000000000005e-30	-4.791232	1.66e-6
GTExv8.EUR.Skin_Not_Sun_Exposed_Suprapubic	/media/kame/Data/_workings/resource/GTEv8//GTExv8.EUR.Skin_Not_Sun_Exposed_Suprapubic/ENSG00000278126.1.wgt.RDat	ENSG00000278126.1	12	51202580	51202581	0.3132	rs4761995	6.14	rs10783420	0.100347	-6.8	-3.400162	400	56	enet	0.1	6.8e-12	4.698963	2.61e-6
GTExv8.EUR.Skin_Not_Sun_Exposed_Suprapubic	/media/kame/Data/_workings/resource/GTEv8//GTExv8.EUR.Skin_Not_Sun_Exposed_Suprapubic/ENSG00000258012.1.wgt.RDat	ENSG00000258012.1	12	92858078	92858079	0.055	rs6538364	11.91	rs12304974	0.013874	4.21	9.765339	446	7	enet	0.021	0.0017	9.334985	1.01e-20
GTExv8.EUR.Skin_Not_Sun_Exposed_Suprapubic	/media/kame/Data/_workings/resource/GTEv8//GTExv8.EUR.Skin_Not_Sun_Exposed_Suprapubic/ENSG00000102189.16.wgt.RDat	ENSG00000102189.16	12	92929330	92929331	0.0621	rs6538364	11.91	rs1979803	0.040915	4.41	11.584653	436	7	enet	0.0082	0.034	11.726064	9.37e-32
GTExv8.EUR.Skin_Not_Sun_Exposed_Suprapubic	/media/kame/Data/_workings/resource/GTEv8//GTExv8.EUR.Skin_Not_Sun_Exposed_Suprapubic/ENSG00000111707.11.wgt.RDat	ENSG00000111707.11	12	118376379	118376380	0.1179	rs17512609	11.58	rs7136216	0.078029	6.21	8.12038	446	20	enet	0.089	1.5e-10	5.964634	2.45e-9
GTExv8.EUR.Skin_Not_Sun_Exposed_Suprapubic	/media/kame/Data/_workings/resource/GTEv8//GTExv8.EUR.Skin_Not_Sun_Exposed_Suprapubic/ENSG00000275759.1.wgt.RDat	ENSG00000275759.1	12	118428280	118428281	0.1808	rs17512609	11.58	rs17441172	0.194003	-9.67	10.191978	448	20	enet	0.22	3.9e-25	-7.276915	3.42e-13
GTExv8.EUR.Skin_Not_Sun_Exposed_Suprapubic	/media/kame/Data/_workings/resource/GTEv8//GTExv8.EUR.Skin_Not_Sun_Exposed_Suprapubic/ENSG00000275409.1.wgt.RDat	ENSG00000275409.1	12	118430146	118430147	0.0989	rs17512609	11.58	rs4766899	0.099812	-7.16	6.499779	449	24	enet	0.092	7.3e-11	-9.021702	1.85e-19
GTExv8.EUR.Skin_Not_Sun_Exposed_Suprapubic	/media/kame/Data/_workings/resource/GTEv8//GTExv8.EUR.Skin_Not_Sun_Exposed_Suprapubic/ENSG00000227676.3.wgt.RDat	ENSG00000227676.3	13	79566726	79566727	0.317	rs7994255	9.38	rs1475797	0.330042	11.93	5.48	373	12	enet	0.32	8.399999999999999e-38	5.21937	1.8e-7
GTExv8.EUR.Skin_Not_Sun_Exposed_Suprapubic	/media/kame/Data/_workings/resource/GTEv8//GTExv8.EUR.Skin_Not_Sun_Exposed_Suprapubic/ENSG00000126790.11.wgt.RDat	ENSG00000126790.11	14	59484429	59484430	0.6014	rs17834238	7.88	rs1268584	0.383953	-12.9	6.92494	457	38	enet	0.46	4.6000000000000005e-59	-4.77272	1.82e-6
GTExv8.EUR.Skin_Not_Sun_Exposed_Suprapubic	/media/kame/Data/_workings/resource/GTEv8//GTExv8.EUR.Skin_Not_Sun_Exposed_Suprapubic/ENSG00000128915.11.wgt.RDat	ENSG00000128915.11	15	60479159	60479160	0.0849	rs341365	8.87	rs11633619	0.00427	4.32	7.039204	575	17	enet	0.014	0.0078	5.0132	5.35e-7
GTExv8.EUR.Skin_Not_Sun_Exposed_Suprapubic	/media/kame/Data/_workings/resource/GTEv8//GTExv8.EUR.Skin_Not_Sun_Exposed_Suprapubic/ENSG00000090487.10.wgt.RDat	ENSG00000090487.10	15	64990309	64990310	0.5157	rs6494509	6.13	rs6494509	0.476	-14.41	6.12805	304	15	enet	0.5	2.7999999999999998e-67	-4.5808	4.63e-6
GTExv8.EUR.Skin_Not_Sun_Exposed_Suprapubic	/media/kame/Data/_workings/resource/GTEv8//GTExv8.EUR.Skin_Not_Sun_Exposed_Suprapubic/ENSG00000166503.8.wgt.RDat	ENSG00000166503.8	15	83208017	83208018	0.1403	rs12441907	-11.15	rs7177462	0.142	7.93	-6.095979	353	23	enet	0.13	6.2e-15	-5.7067	1.15e-8
GTExv8.EUR.Skin_Not_Sun_Exposed_Suprapubic	/media/kame/Data/_workings/resource/GTEv8//GTExv8.EUR.Skin_Not_Sun_Exposed_Suprapubic/ENSG00000259295.6.wgt.RDat	ENSG00000259295.6	15	85191437	85191438	0.2246	rs3748375	-6.37	rs35316992	0.109	6.93	-5.341738	511	22	enet	0.12	2.6e-14	-4.8762	1.08e-6
GTExv8.EUR.Skin_Not_Sun_Exposed_Suprapubic	/media/kame/Data/_workings/resource/GTEv8//GTExv8.EUR.Skin_Not_Sun_Exposed_Suprapubic/ENSG00000182511.11.wgt.RDat	ENSG00000182511.11	15	90883694	90883695	0.174	rs17514846	15.72	rs1894400	0.0718	-6.72	6.877578	487	12	enet	0.099	1.6e-11	-7.482	7.32e-14
GTExv8.EUR.Skin_Not_Sun_Exposed_Suprapubic	/media/kame/Data/_workings/resource/GTEv8//GTExv8.EUR.Skin_Not_Sun_Exposed_Suprapubic/ENSG00000237172.3.wgt.RDat	ENSG00000237172.3	16	67151213	67151214	0.0581	rs152168	6.51	rs9033	0.0503	4.79	4.78769	262	8	enet	0.037	3.2e-5	4.567524	4.94e-6
GTExv8.EUR.Skin_Not_Sun_Exposed_Suprapubic	/media/kame/Data/_workings/resource/GTEv8//GTExv8.EUR.Skin_Not_Sun_Exposed_Suprapubic/ENSG00000261701.6.wgt.RDat	ENSG00000261701.6	16	72063223	72063224	0.0485	rs12925901	-6.92	rs7190257	0.0307	4.17	-5.15247	359	15	enet	0.0017	0.19	-5.390977	7.01e-8
GTExv8.EUR.Skin_Not_Sun_Exposed_Suprapubic	/media/kame/Data/_workings/resource/GTEv8//GTExv8.EUR.Skin_Not_Sun_Exposed_Suprapubic/ENSG00000167523.13.wgt.RDat	ENSG00000167523.13	16	89657845	89657846	0.0876	rs12924572	-7.53	rs2115401	0.0427	4.78	-4.29214	428	4	enet	0.012	0.013	-4.754174	1.99e-6
GTExv8.EUR.Skin_Not_Sun_Exposed_Suprapubic	/media/kame/Data/_workings/resource/GTEv8//GTExv8.EUR.Skin_Not_Sun_Exposed_Suprapubic/ENSG00000272911.1.wgt.RDat	ENSG00000272911.1	17	2688472	2688473	0.1971	rs2240730	-13	rs1109451	0.137	-7.82	-12.09259	438	14	enet	0.095	3.6e-11	10.4	3.15e-25
GTExv8.EUR.Skin_Not_Sun_Exposed_Suprapubic	/media/kame/Data/_workings/resource/GTEv8//GTExv8.EUR.Skin_Not_Sun_Exposed_Suprapubic/ENSG00000277200.1.wgt.RDat	ENSG00000277200.1	17	2723946	2723947	0.6228	rs2240730	-13	rs2286512	0.243	-10.32	-12.62535	447	21	enet	0.38	6.9e-46	7.74	1.01e-14
GTExv8.EUR.Skin_Not_Sun_Exposed_Suprapubic	/media/kame/Data/_workings/resource/GTEv8//GTExv8.EUR.Skin_Not_Sun_Exposed_Suprapubic/ENSG00000170222.11.wgt.RDat	ENSG00000170222.11	17	10697593	10697594	0.111	rs421541	-7.64	rs9904211	0.0695	5.69	-6.36553	494	23	enet	0.049	2e-6	-4.98	6.45e-7
GTExv8.EUR.Skin_Not_Sun_Exposed_Suprapubic	/media/kame/Data/_workings/resource/GTEv8//GTExv8.EUR.Skin_Not_Sun_Exposed_Suprapubic/ENSG00000266588.1.wgt.RDat	ENSG00000266588.1	17	39013031	39013032	0.6479	rs649997	-13.1	rs11868463	0.411	13.38	-2.67153	351	14	enet	0.5	6.4e-66	-4.83	1.39e-6
GTExv8.EUR.Skin_Not_Sun_Exposed_Suprapubic	/media/kame/Data/_workings/resource/GTEv8//GTExv8.EUR.Skin_Not_Sun_Exposed_Suprapubic/ENSG00000214553.9.wgt.RDat	ENSG00000214553.9	17	39027276	39027277	0.6824	rs649997	-13.1	rs7218784	0.405	13.22	-10.30066	355	23	enet	0.53	7.8e-72	-5.38	7.38e-8
GTExv8.EUR.Skin_Not_Sun_Exposed_Suprapubic	/media/kame/Data/_workings/resource/GTEv8//GTExv8.EUR.Skin_Not_Sun_Exposed_Suprapubic/ENSG00000161381.13.wgt.RDat	ENSG00000161381.13	17	39154393	39154394	0.2029	rs649997	-13.1	rs12600916	0.125	7.64	-9.69354	353	16	enet	0.14	9.5e-16	-6.27	3.57e-10
GTExv8.EUR.Skin_Not_Sun_Exposed_Suprapubic	/media/kame/Data/_workings/resource/GTEv8//GTExv8.EUR.Skin_Not_Sun_Exposed_Suprapubic/ENSG00000108797.11.wgt.RDat	ENSG00000108797.11	17	42683917	42683918	0.0544	rs2134808	-6.31	rs4792930	0.0445	-5.24	-5.04909	265	12	enet	0.042	1e-5	5.02	5.11e-7
GTExv8.EUR.Skin_Not_Sun_Exposed_Suprapubic	/media/kame/Data/_workings/resource/GTEv8//GTExv8.EUR.Skin_Not_Sun_Exposed_Suprapubic/ENSG00000262500.1.wgt.RDat	ENSG00000262500.1	17	46243605	46243606	0.3033	rs199456	-23.99	rs169201	0.544	15.75	-23.76528	58	22	enet	0.57	1.7e-80	-19.7	3.3100000000000004e-86
GTExv8.EUR.Skin_Not_Sun_Exposed_Suprapubic	/media/kame/Data/_workings/resource/GTEv8//GTExv8.EUR.Skin_Not_Sun_Exposed_Suprapubic/ENSG00000262539.1.wgt.RDat	ENSG00000262539.1	17	46260605	46260606	0.3691	rs199456	-23.99	rs169201	0.585	16.21	-23.76528	65	23	enet	0.61	7.5e-89	-20.9	2.52e-97
GTExv8.EUR.Skin_Not_Sun_Exposed_Suprapubic	/media/kame/Data/_workings/resource/GTEv8//GTExv8.EUR.Skin_Not_Sun_Exposed_Suprapubic/ENSG00000261575.2.wgt.RDat	ENSG00000261575.2	17	46267036	46267037	0.1495	rs199456	-23.99	rs17689471	0.243	10.33	-15.59392	65	21	enet	0.24	4.3e-27	-15.5	2.64e-54
GTExv8.EUR.Skin_Not_Sun_Exposed_Suprapubic	/media/kame/Data/_workings/resource/GTEv8//GTExv8.EUR.Skin_Not_Sun_Exposed_Suprapubic/ENSG00000228696.8.wgt.RDat	ENSG00000228696.8	17	46361796	46361797	0.6368	rs199456	-23.99	rs199439	0.0628	5.63	-23.8103	60	37	enet	0.23	3.7e-26	-18.2	6.43e-74
GTExv8.EUR.Skin_Not_Sun_Exposed_Suprapubic	/media/kame/Data/_workings/resource/GTEv8//GTExv8.EUR.Skin_Not_Sun_Exposed_Suprapubic/ENSG00000238083.7.wgt.RDat	ENSG00000238083.7	17	46511510	46511511	0.5872	rs199456	-23.99	rs169201	0.402	13.18	-23.76528	135	36	enet	0.5	3.8000000000000003e-66	-16	1.3199999999999998e-57
GTExv8.EUR.Skin_Not_Sun_Exposed_Suprapubic	/media/kame/Data/_workings/resource/GTEv8//GTExv8.EUR.Skin_Not_Sun_Exposed_Suprapubic/ENSG00000073969.18.wgt.RDat	ENSG00000073969.18	17	46590668	46590669	0.038	rs199456	-23.99	rs199529	0.00503	-3.51	-16.18702	146	9	enet	-0.0023	0.9	15.7	1.0199999999999998e-55
GTExv8.EUR.Skin_Not_Sun_Exposed_Suprapubic	/media/kame/Data/_workings/resource/GTEv8//GTExv8.EUR.Skin_Not_Sun_Exposed_Suprapubic/ENSG00000263142.5.wgt.RDat	ENSG00000263142.5	17	47017192	47017193	0.1563	rs199456	-23.99	rs8080126	0.0812	6.27	2.27521	297	37	enet	0.093	6.5e-11	11.9	1.45e-32
GTExv8.EUR.Skin_Not_Sun_Exposed_Suprapubic	/media/kame/Data/_workings/resource/GTEv8//GTExv8.EUR.Skin_Not_Sun_Exposed_Suprapubic/ENSG00000041353.9.wgt.RDat	ENSG00000041353.9	18	54717859	54717860	0.0763	rs7237206	8.24	rs4800967	0.045396	5.7	5.48422	368	19	enet	0.061	1.2e-7	5.90282	3.57e-9
GTExv8.EUR.Skin_Not_Sun_Exposed_Suprapubic	/media/kame/Data/_workings/resource/GTEv8//GTExv8.EUR.Skin_Not_Sun_Exposed_Suprapubic/ENSG00000280239.1.wgt.RDat	ENSG00000280239.1	19	4448809	4448810	0.1138	rs243387	7.63	rs741923	0.0742	-6.06	7.258574	388	15	enet	0.044	7.2e-6	-5.410877	6.27e-8
GTExv8.EUR.Skin_Not_Sun_Exposed_Suprapubic	/media/kame/Data/_workings/resource/GTEv8//GTExv8.EUR.Skin_Not_Sun_Exposed_Suprapubic/ENSG00000167671.11.wgt.RDat	ENSG00000167671.11	19	4457821	4457822	0.2498	rs243387	7.63	rs932276	0.16	8.52	7.133177	390	47	enet	0.17	1.9e-19	5.070004	3.98e-7
GTExv8.EUR.Skin_Not_Sun_Exposed_Suprapubic	/media/kame/Data/_workings/resource/GTEv8//GTExv8.EUR.Skin_Not_Sun_Exposed_Suprapubic/ENSG00000167491.17.wgt.RDat	ENSG00000167491.17	19	19385825	19385826	0.0554	rs10415849	-10.44	rs8105094	0.0258	4.63	-7.71732	344	12	enet	0.038	2.8e-5	-7.225826	4.98e-13
GTExv8.EUR.Skin_Not_Sun_Exposed_Suprapubic	/media/kame/Data/_workings/resource/GTEv8//GTExv8.EUR.Skin_Not_Sun_Exposed_Suprapubic/ENSG00000104866.10.wgt.RDat	ENSG00000104866.10	19	45091791	45091792	0.1739	rs17562787	-6.77	rs10409138	0.145	-8.06	-4.360801	370	14	enet	0.13	6.1e-15	5.25862	1.45e-7
GTExv8.EUR.Skin_Not_Sun_Exposed_Suprapubic	/media/kame/Data/_workings/resource/GTEv8//GTExv8.EUR.Skin_Not_Sun_Exposed_Suprapubic/ENSG00000267346.1.wgt.RDat	ENSG00000267346.1	19	45128568	45128569	0.0951	rs17562787	-6.77	rs10409138	0.0652	6.15	-4.360801	364	11	enet	0.05	1.7e-6	-5.842964	5.13e-9
GTExv8.EUR.Skin_Not_Sun_Exposed_Suprapubic	/media/kame/Data/_workings/resource/GTEv8//GTExv8.EUR.Skin_Not_Sun_Exposed_Suprapubic/ENSG00000161618.9.wgt.RDat	ENSG00000161618.9	19	49453168	49453169	0.366	rs7258719	8.48	rs1578944	0.259	10.73	8.397579	370	26	enet	0.25	2.5e-28	6.506868	7.67e-11
GTExv8.EUR.Skin_Not_Sun_Exposed_Suprapubic	/media/kame/Data/_workings/resource/GTEv8//GTExv8.EUR.Skin_Not_Sun_Exposed_Suprapubic/ENSG00000104872.10.wgt.RDat	ENSG00000104872.10	19	49453496	49453497	0.1174	rs7258719	8.48	rs4801799	0.067	5.83	7.981384	371	11	enet	0.043	7.7e-6	5.517038	3.45e-8
GTExv8.EUR.Skin_Not_Sun_Exposed_Suprapubic	/media/kame/Data/_workings/resource/GTEv8//GTExv8.EUR.Skin_Not_Sun_Exposed_Suprapubic/ENSG00000198959.11.wgt.RDat	ENSG00000198959.11	20	38166577	38166578	0.0982	rs6069105	-7.27	rs6014196	0.093644	6.48	-4.401533	470	13	enet	0.085	4.8e-10	-4.650586	3.31e-6
GTExv8.EUR.Skin_Not_Sun_Exposed_Suprapubic	/media/kame/Data/_workings/resource/GTEv8//GTExv8.EUR.Skin_Not_Sun_Exposed_Suprapubic/ENSG00000166913.12.wgt.RDat	ENSG00000166913.12	20	44885675	44885676	0.1473	rs2425684	-8.68	rs6031855	0.127814	-7.58	-5.476297	431	8	enet	0.1	7.6e-12	5.513065	3.53e-8
GTExv8.EUR.Skin_Not_Sun_Exposed_Suprapubic	/media/kame/Data/_workings/resource/GTEv8//GTExv8.EUR.Skin_Not_Sun_Exposed_Suprapubic/ENSG00000101017.13.wgt.RDat	ENSG00000101017.13	20	46118271	46118272	0.1115	rs2297198	12.2	rs1883832	0.063919	-6.18	7.72554	501	14	enet	0.054	5.9e-7	-7.216318	5.34e-13
GTExv8.EUR.Skin_Not_Sun_Exposed_Suprapubic	/media/kame/Data/_workings/resource/GTEv8//GTExv8.EUR.Skin_Not_Sun_Exposed_Suprapubic/ENSG00000100385.13.wgt.RDat	ENSG00000100385.13	22	37175053	37175054	0.611	rs760719	-7.61	rs228975	0.469901	-14.26	-4.90146	651	36	enet	0.45	3.9e-58	4.78696	1.69e-6
GTExv8.EUR.Skin_Not_Sun_Exposed_Suprapubic	/media/kame/Data/_workings/resource/GTEv8//GTExv8.EUR.Skin_Not_Sun_Exposed_Suprapubic/ENSG00000184164.14.wgt.RDat	ENSG00000184164.14	22	49918166	49918167	0.0936	rs910799	6.24	rs9616380	0.034271	5.35	4.67181	441	7	enet	0.037	3.9e-5	4.60265	4.17e-6
