PANEL	FILE	ID	CHR	P0	P1	HSQ	BEST.GWAS.ID	BEST.GWAS.Z	EQTL.ID	EQTL.R2	EQTL.Z	EQTL.GWAS.Z	NSNP	NWGT	MODEL	MODELCV.R2	MODELCV.PV	TWAS.Z	TWAS.P
GTExv8.EUR.Nerve_Tibial	/media/kame/Data/_workings/resource/GTEv8//GTExv8.EUR.Nerve_Tibial/ENSG00000171608.15.wgt.RDat	ENSG00000171608.15	1	9651731	9651732	0.0982	rs4265433	6.06	rs4240910	0.0797	6.22	-5.139348	322	4	enet	0.078	1.7e-9	-4.88669	1.03e-6
GTExv8.EUR.Nerve_Tibial	/media/kame/Data/_workings/resource/GTEv8//GTExv8.EUR.Nerve_Tibial/ENSG00000142657.20.wgt.RDat	ENSG00000142657.20	1	10398591	10398592	0.1028	rs12402967	-9.03	rs1467653	0.0826	6.37	-6.343955	375	15	enet	0.056	3.2e-7	-6.61422	3.74e-11
GTExv8.EUR.Nerve_Tibial	/media/kame/Data/_workings/resource/GTEv8//GTExv8.EUR.Nerve_Tibial/ENSG00000162373.12.wgt.RDat	ENSG00000162373.12	1	48776968	48776969	0.0685	rs12739065	-9.81	rs11578117	0.0152	-4.07	-7.911537	385	9	enet	0.01	0.021	5.35177	8.71e-8
GTExv8.EUR.Nerve_Tibial	/media/kame/Data/_workings/resource/GTEv8//GTExv8.EUR.Nerve_Tibial/ENSG00000134256.12.wgt.RDat	ENSG00000134256.12	1	117001749	117001750	0.2253	rs10801925	-7.76	rs3736908	0.14	-8.72	-7.046154	412	39	enet	0.15	4.6e-17	5.97369	2.32e-9
GTExv8.EUR.Nerve_Tibial	/media/kame/Data/_workings/resource/GTEv8//GTExv8.EUR.Nerve_Tibial/ENSG00000163239.12.wgt.RDat	ENSG00000163239.12	1	154502218	154502219	0.1066	rs4845681	13.15	rs3811448	0.0689	-6.34	4.167512	403	6	enet	0.051	1.2e-6	-5.75221	8.81e-9
GTExv8.EUR.Nerve_Tibial	/media/kame/Data/_workings/resource/GTEv8//GTExv8.EUR.Nerve_Tibial/ENSG00000143603.18.wgt.RDat	ENSG00000143603.18	1	154870279	154870280	0.2813	rs4845681	13.15	rs10908445	0.167	-8.73	9.153098	417	28	enet	0.26	4.9000000000000004e-30	-7.40059	1.36e-13
GTExv8.EUR.Nerve_Tibial	/media/kame/Data/_workings/resource/GTEv8//GTExv8.EUR.Nerve_Tibial/ENSG00000163346.16.wgt.RDat	ENSG00000163346.16	1	154956122	154956123	0.1285	rs4845681	13.15	rs705094	0.0859	-6.56	7.410643	397	30	enet	0.094	3.5e-11	-5.11955	3.06e-7
GTExv8.EUR.Nerve_Tibial	/media/kame/Data/_workings/resource/GTEv8//GTExv8.EUR.Nerve_Tibial/ENSG00000232093.1.wgt.RDat	ENSG00000232093.1	1	155046117	155046118	0.0884	rs4845681	13.15	rs2306125	0.0447	-5.78	2.813999	378	10	enet	0.053	6.6e-7	-6.12756	8.92e-10
GTExv8.EUR.Nerve_Tibial	/media/kame/Data/_workings/resource/GTEv8//GTExv8.EUR.Nerve_Tibial/ENSG00000160767.20.wgt.RDat	ENSG00000160767.20	1	155255482	155255483	0.085	rs4845681	13.15	rs12034326	0.0218	5.06	-1.164016	302	23	enet	0.043	6.4e-6	-4.91294	8.97e-7
GTExv8.EUR.Nerve_Tibial	/media/kame/Data/_workings/resource/GTEv8//GTExv8.EUR.Nerve_Tibial/ENSG00000213047.12.wgt.RDat	ENSG00000213047.12	1	197775695	197775696	0.0992	rs4026514	10.31	rs2488401	0.0369	5.95	4.643008	335	23	enet	0.068	2e-8	4.60503	4.12e-6
GTExv8.EUR.Nerve_Tibial	/media/kame/Data/_workings/resource/GTEv8//GTExv8.EUR.Nerve_Tibial/ENSG00000272195.1.wgt.RDat	ENSG00000272195.1	1	244971087	244971088	0.2191	rs1196366	6.6	rs11590498	0.228	-10.21	6.060692	463	34	enet	0.24	2.9e-28	-5.19152	2.09e-7
GTExv8.EUR.Nerve_Tibial	/media/kame/Data/_workings/resource/GTEv8//GTExv8.EUR.Nerve_Tibial/ENSG00000138092.10.wgt.RDat	ENSG00000138092.10	2	24793382	24793383	0.1178	rs713587	10.96	rs6721750	0.0798	-6.55	8.296433	312	21	enet	0.095	2.3e-11	-6.36077	2.01e-10
GTExv8.EUR.Nerve_Tibial	/media/kame/Data/_workings/resource/GTEv8//GTExv8.EUR.Nerve_Tibial/ENSG00000138031.14.wgt.RDat	ENSG00000138031.14	2	24919838	24919839	0.1562	rs713587	10.96	rs6721750	0.183	-9.46	8.296433	320	25	enet	0.19	2.1e-21	-8.241492	1.7e-16
GTExv8.EUR.Nerve_Tibial	/media/kame/Data/_workings/resource/GTEv8//GTExv8.EUR.Nerve_Tibial/ENSG00000224165.5.wgt.RDat	ENSG00000224165.5	2	24971389	24971390	0.0726	rs713587	10.96	rs1172294	0.0393	-5.57	10.276547	323	6	enet	0.047	2.5e-6	-7.689299	1.48e-14
GTExv8.EUR.Nerve_Tibial	/media/kame/Data/_workings/resource/GTEv8//GTExv8.EUR.Nerve_Tibial/ENSG00000235072.2.wgt.RDat	ENSG00000235072.2	2	25375844	25375845	0.0636	rs713587	10.96	rs1077492	0.0152	-4.04	9.027829	320	24	enet	0.034	6.2e-5	-5.713941	1.1e-8
GTExv8.EUR.Nerve_Tibial	/media/kame/Data/_workings/resource/GTEv8//GTExv8.EUR.Nerve_Tibial/ENSG00000204685.6.wgt.RDat	ENSG00000204685.6	2	96208825	96208826	0.0321	rs17119922	4.54	rs17119922	0.0251	-3.98	4.541324	153	6	enet	0.027	3.6e-4	-5.136126	2.8e-7
GTExv8.EUR.Nerve_Tibial	/media/kame/Data/_workings/resource/GTEv8//GTExv8.EUR.Nerve_Tibial/ENSG00000144229.11.wgt.RDat	ENSG00000144229.11	2	136765544	136765545	0.274	rs10205768	-6.03	rs1346369	0.153	8.25	4.991318	564	27	enet	0.12	1.7e-14	4.93405	8.05e-7
GTExv8.EUR.Nerve_Tibial	/media/kame/Data/_workings/resource/GTEv8//GTExv8.EUR.Nerve_Tibial/ENSG00000227403.1.wgt.RDat	ENSG00000227403.1	2	161244738	161244739	0.3444	rs1114338	10.14	rs10930013	0.292	-11.42	5.848034	385	35	enet	0.3	7.199999999999999e-36	-4.912645	8.99e-7
GTExv8.EUR.Nerve_Tibial	/media/kame/Data/_workings/resource/GTEv8//GTExv8.EUR.Nerve_Tibial/ENSG00000138378.17.wgt.RDat	ENSG00000138378.17	2	191151595	191151596	0.2277	rs2138913	-6.53	rs6704784	0.198	-9.69	-5.013804	384	15	enet	0.22	5.099999999999999e-25	4.824974	1.4e-6
GTExv8.EUR.Nerve_Tibial	/media/kame/Data/_workings/resource/GTEv8//GTExv8.EUR.Nerve_Tibial/ENSG00000280083.1.wgt.RDat	ENSG00000280083.1	2	191156069	191156070	0.1522	rs2138913	-6.53	rs12623832	0.118	-7.56	-4.561983	384	9	enet	0.1	5.3e-12	4.787469	1.69e-6
GTExv8.EUR.Nerve_Tibial	/media/kame/Data/_workings/resource/GTEv8//GTExv8.EUR.Nerve_Tibial/ENSG00000135913.10.wgt.RDat	ENSG00000135913.10	2	218568360	218568361	0.1581	rs13023540	14.76	rs1863704	0.094	6.76	-8.053761	358	25	enet	0.091	6.7e-11	-6.995032	2.65e-12
GTExv8.EUR.Nerve_Tibial	/media/kame/Data/_workings/resource/GTEv8//GTExv8.EUR.Nerve_Tibial/ENSG00000115556.13.wgt.RDat	ENSG00000115556.13	2	218607764	218607765	0.0262	rs13023540	15.06	rs1863704	0.0303	-4.16	-8.053761	361	10	enet	0.018	0.0025	5.964355	2.46e-9
GTExv8.EUR.Nerve_Tibial	/media/kame/Data/_workings/resource/GTEv8//GTExv8.EUR.Nerve_Tibial/ENSG00000074582.12.wgt.RDat	ENSG00000074582.12	2	218658897	218658898	0.061	rs13023540	15.04	rs612874	0.0605	-5.61	-7.501037	365	15	enet	0.05	1.5e-6	11.407994	3.81e-30
GTExv8.EUR.Nerve_Tibial	/media/kame/Data/_workings/resource/GTEv8//GTExv8.EUR.Nerve_Tibial/ENSG00000180385.8.wgt.RDat	ENSG00000180385.8	3	9987120	9987121	0.1103	rs7626117	-8.58	rs3732967	0.071335	6.51	-5.596909	521	13	enet	0.052	7.7e-7	-5.67758	1.37e-8
GTExv8.EUR.Nerve_Tibial	/media/kame/Data/_workings/resource/GTEv8//GTExv8.EUR.Nerve_Tibial/ENSG00000186162.10.wgt.RDat	ENSG00000186162.10	3	10026364	10026365	0.0707	rs7626117	-8.58	rs6789156	0.05817	5.46	-6.936895	524	25	enet	0.038	2.6e-5	-6.87362	6.26e-12
GTExv8.EUR.Nerve_Tibial	/media/kame/Data/_workings/resource/GTEv8//GTExv8.EUR.Nerve_Tibial/ENSG00000182568.16.wgt.RDat	ENSG00000182568.16	3	18445587	18445588	0.1321	rs336605	6.96	rs6550461	0.059715	5.37	6.545803	362	23	enet	0.059	1.7e-7	5.45132	5e-8
GTExv8.EUR.Nerve_Tibial	/media/kame/Data/_workings/resource/GTEv8//GTExv8.EUR.Nerve_Tibial/ENSG00000172995.16.wgt.RDat	ENSG00000172995.16	3	35638944	35638945	0.0584	rs6550371	-15.09	rs921170	0.025081	4.28	3.500524	403	11	enet	1.1e-5	0.32	6.3552	2.08e-10
GTExv8.EUR.Nerve_Tibial	/media/kame/Data/_workings/resource/GTEv8//GTExv8.EUR.Nerve_Tibial/ENSG00000272886.5.wgt.RDat	ENSG00000272886.5	3	53347609	53347610	0.0592	rs11130367	11.74	rs3774414	0.030534	-4.75	8.555462	405	22	enet	0.03	1.5e-4	-8.07824	6.57e-16
GTExv8.EUR.Nerve_Tibial	/media/kame/Data/_workings/resource/GTEv8//GTExv8.EUR.Nerve_Tibial/ENSG00000073711.10.wgt.RDat	ENSG00000073711.10	3	135965672	135965673	0.0815	rs6771997	-8.31	rs10212558	0.04358	5.16	-7.35944	296	12	enet	0.054	4.9e-7	-6.54889	5.8e-11
GTExv8.EUR.Nerve_Tibial	/media/kame/Data/_workings/resource/GTEv8//GTExv8.EUR.Nerve_Tibial/ENSG00000114790.12.wgt.RDat	ENSG00000114790.12	3	154121002	154121003	0.3706	rs6440914	-6.11	rs1357086	0.357859	-12.56	-3.968846	392	31	enet	0.37	3.4e-46	4.85478	1.21e-6
GTExv8.EUR.Nerve_Tibial	/media/kame/Data/_workings/resource/GTEv8//GTExv8.EUR.Nerve_Tibial/ENSG00000243069.7.wgt.RDat	ENSG00000243069.7	3	154121331	154121332	0.4993	rs6440914	-6.11	rs4346515	0.540707	-15.41	-5.848816	392	30	enet	0.56	1.2000000000000001e-80	5.22423	1.75e-7
GTExv8.EUR.Nerve_Tibial	/media/kame/Data/_workings/resource/GTEv8//GTExv8.EUR.Nerve_Tibial/ENSG00000151834.15.wgt.RDat	ENSG00000151834.15	4	46475229	46475230	0.2353	rs4645250	7.22	rs12510295	0.174873	9.44	6.07	264	21	enet	0.21	2.9e-24	5.43564	5.46e-8
GTExv8.EUR.Nerve_Tibial	/media/kame/Data/_workings/resource/GTEv8//GTExv8.EUR.Nerve_Tibial/ENSG00000138669.9.wgt.RDat	ENSG00000138669.9	4	81215116	81215117	0.2627	rs10034545	-6.5	rs11942269	0.25187	10.61	-5.58	358	16	enet	0.24	2.4e-28	-4.90588	9.3e-7
GTExv8.EUR.Nerve_Tibial	/media/kame/Data/_workings/resource/GTEv8//GTExv8.EUR.Nerve_Tibial/ENSG00000138650.8.wgt.RDat	ENSG00000138650.8	4	133149314	133149315	0.3357	rs9993398	5.15	rs17585940	0.057129	-6.71	-2.05	329	30	enet	0.24	4.3e-28	4.85703	1.19e-6
GTExv8.EUR.Nerve_Tibial	/media/kame/Data/_workings/resource/GTEv8//GTExv8.EUR.Nerve_Tibial/ENSG00000270681.1.wgt.RDat	ENSG00000270681.1	4	151139990	151139991	0.0939	rs6846323	7.22	rs4696652	0.067286	-6.42	6.86	268	16	enet	0.071	9.7e-9	-5.88081	4.08e-9
GTExv8.EUR.Nerve_Tibial	/media/kame/Data/_workings/resource/GTEv8//GTExv8.EUR.Nerve_Tibial/ENSG00000170571.11.wgt.RDat	ENSG00000170571.11	5	50443247	50443248	0.0474	rs8188088	8.343	rs10940346	0.006084	-3.71	7.73	182	9	enet	0.028	2.8e-4	-7.98701	1.38e-15
GTExv8.EUR.Nerve_Tibial	/media/kame/Data/_workings/resource/GTEv8//GTExv8.EUR.Nerve_Tibial/ENSG00000068796.16.wgt.RDat	ENSG00000068796.16	5	62306161	62306162	0.0934	rs10514933	16.409	rs10057876	0.080901	-6.48	16	387	22	enet	0.063	6.2e-8	-12.20484	2.93e-34
GTExv8.EUR.Nerve_Tibial	/media/kame/Data/_workings/resource/GTEv8//GTExv8.EUR.Nerve_Tibial/ENSG00000152942.18.wgt.RDat	ENSG00000152942.18	5	69370013	69370014	0.6695	rs2010352	-10.102	rs6450023	0.093779	6.77	1.34	225	63	enet	0.31	1.4999999999999999e-36	10.74037	6.580000000000001e-27
GTExv8.EUR.Nerve_Tibial	/media/kame/Data/_workings/resource/GTEv8//GTExv8.EUR.Nerve_Tibial/ENSG00000183474.15.wgt.RDat	ENSG00000183474.15	5	69560207	69560208	0.1406	rs2010352	-10.102	rs34221525	9.61e-4	3.38	-1.96	150	62	enet	0.045	4e-6	-10.36013	3.76e-25
GTExv8.EUR.Nerve_Tibial	/media/kame/Data/_workings/resource/GTEv8//GTExv8.EUR.Nerve_Tibial/ENSG00000251634.2.wgt.RDat	ENSG00000251634.2	5	71128752	71128753	0.409	rs6453406	-4.761	rs6453406	0.026513	3.78	-4.76	71	20	enet	0.015	0.0056	-4.63587	3.55e-6
GTExv8.EUR.Nerve_Tibial	/media/kame/Data/_workings/resource/GTEv8//GTExv8.EUR.Nerve_Tibial/ENSG00000055163.19.wgt.RDat	ENSG00000055163.19	5	157266078	157266079	0.1124	rs13154298	7.493	rs2032934	0.051854	-5.32	3.66	471	16	enet	0.037	3.3e-5	-5.32907	9.87e-8
GTExv8.EUR.Nerve_Tibial	/media/kame/Data/_workings/resource/GTEv8//GTExv8.EUR.Nerve_Tibial/ENSG00000245060.6.wgt.RDat	ENSG00000245060.6	5	180831605	180831606	0.1604	rs2619758	-11.004	rs4700988	0.117304	7.23	-10.6	362	6	enet	0.11	2.8e-13	-10.46472	1.25e-25
GTExv8.EUR.Nerve_Tibial	/media/kame/Data/_workings/resource/GTEv8//GTExv8.EUR.Nerve_Tibial/ENSG00000196670.13.wgt.RDat	ENSG00000196670.13	5	180861284	180861285	0.3956	rs2619758	-11.004	rs249307	0.188916	9.48	-11	348	34	enet	0.23	2.1e-26	-8.15069	3.62e-16
GTExv8.EUR.Nerve_Tibial	/media/kame/Data/_workings/resource/GTEv8//GTExv8.EUR.Nerve_Tibial/ENSG00000119899.12.wgt.RDat	ENSG00000119899.12	6	73654154	73654155	0.1106	rs583443	9.07	rs583443	0.0847	6.85	9.066671	382	27	enet	0.077	1.9e-9	7.65703	1.9e-14
GTExv8.EUR.Nerve_Tibial	/media/kame/Data/_workings/resource/GTEv8//GTExv8.EUR.Nerve_Tibial/ENSG00000198945.7.wgt.RDat	ENSG00000198945.7	6	130013698	130013699	0.2993	rs9375683	8.34	rs6569648	0.27	10.94	-6.298733	561	15	enet	0.25	9.700000000000001e-30	-6.86275	6.75e-12
GTExv8.EUR.Nerve_Tibial	/media/kame/Data/_workings/resource/GTEv8//GTExv8.EUR.Nerve_Tibial/ENSG00000122687.17.wgt.RDat	ENSG00000122687.17	7	2242197	2242198	0.4233	rs11773627	12.98	rs7787274	0.281	11.16	5.92907	419	16	enet	0.28	6.599999999999999e-33	5.40861	6.35e-8
GTExv8.EUR.Nerve_Tibial	/media/kame/Data/_workings/resource/GTEv8//GTExv8.EUR.Nerve_Tibial/ENSG00000229358.3.wgt.RDat	ENSG00000229358.3	7	32755407	32755408	0.1971	rs716500	12.88	rs1466144	0.172	-9.63	6.92358	416	23	enet	0.22	4.6e-26	-5.6338800000000004	1.76e-8
GTExv8.EUR.Nerve_Tibial	/media/kame/Data/_workings/resource/GTEv8//GTExv8.EUR.Nerve_Tibial/ENSG00000136280.15.wgt.RDat	ENSG00000136280.15	7	44999474	44999475	0.0757	rs3735486	-5.7	rs10264280	0.0205	4.86	-5.46467	435	23	enet	0.022	0.001	-4.84928	1.24e-6
GTExv8.EUR.Nerve_Tibial	/media/kame/Data/_workings/resource/GTEv8//GTExv8.EUR.Nerve_Tibial/ENSG00000201772.1.wgt.RDat	ENSG00000201772.1	7	45105041	45105042	0.0523	rs3735486	-5.7	rs4724353	0.0348	4.19	-5.42685	439	3	enet	0.021	0.0012	-5.19639	2.03e-7
GTExv8.EUR.Nerve_Tibial	/media/kame/Data/_workings/resource/GTEv8//GTExv8.EUR.Nerve_Tibial/ENSG00000146701.11.wgt.RDat	ENSG00000146701.11	7	76048050	76048051	0.1491	rs9800948	10.45	rs3823882	0.106	-7.75	7.77393	311	6	enet	0.11	3.7e-13	-7.90877	2.6e-15
GTExv8.EUR.Nerve_Tibial	/media/kame/Data/_workings/resource/GTEv8//GTExv8.EUR.Nerve_Tibial/ENSG00000128617.2.wgt.RDat	ENSG00000128617.2	7	128775789	128775790	0.2394	rs11771587	-5.07	rs1044226	0.131	7.67	4.79462	337	41	enet	0.13	3.8e-15	5.15535	2.53e-7
GTExv8.EUR.Nerve_Tibial	/media/kame/Data/_workings/resource/GTEv8//GTExv8.EUR.Nerve_Tibial/ENSG00000272163.1.wgt.RDat	ENSG00000272163.1	8	24913010	24913011	0.0556	rs1016446	6.9	rs17052966	-0.00217	-3.5	-4.75463	487	18	enet	0.0015	0.2	4.96135	7e-7
GTExv8.EUR.Nerve_Tibial	/media/kame/Data/_workings/resource/GTEv8//GTExv8.EUR.Nerve_Tibial/ENSG00000104228.12.wgt.RDat	ENSG00000104228.12	8	27311318	27311319	0.0798	rs4291226	-8.58	rs17446091	0.00516	-4.22	-8.03158	625	29	enet	0.03	1.6e-4	5.25295	1.5e-7
GTExv8.EUR.Nerve_Tibial	/media/kame/Data/_workings/resource/GTEv8//GTExv8.EUR.Nerve_Tibial/ENSG00000176209.11.wgt.RDat	ENSG00000176209.11	8	42541711	42541712	0.3841	rs2974342	5.04	rs2974342	0.46	14.24	5.03512	263	16	enet	0.45	1.9e-58	4.73339	2.21e-6
GTExv8.EUR.Nerve_Tibial	/media/kame/Data/_workings/resource/GTEv8//GTExv8.EUR.Nerve_Tibial/ENSG00000254251.1.wgt.RDat	ENSG00000254251.1	8	90859239	90859240	0.0538	rs10112439	9.25	rs1352159	0.0508	-5.48	2.78086	317	15	enet	0.037	2.8e-5	-4.96332	6.93e-7
GTExv8.EUR.Nerve_Tibial	/media/kame/Data/_workings/resource/GTEv8//GTExv8.EUR.Nerve_Tibial/ENSG00000169398.19.wgt.RDat	ENSG00000169398.19	8	141002215	141002216	0.0829	rs938724	10.56	rs7820179	0.0432	-4.96	-8.02729	407	23	enet	0.02	0.0016	4.73701	2.17e-6
GTExv8.EUR.Nerve_Tibial	/media/kame/Data/_workings/resource/GTEv8//GTExv8.EUR.Nerve_Tibial/ENSG00000204791.9.wgt.RDat	ENSG00000204791.9	8	144049078	144049079	0.1282	rs11136344	4.73	rs11990215	0.0472	-5.03	3.9105	280	13	enet	0.03	1.5e-4	-4.71409	2.43e-6
GTExv8.EUR.Nerve_Tibial	/media/kame/Data/_workings/resource/GTEv8//GTExv8.EUR.Nerve_Tibial/ENSG00000107105.14.wgt.RDat	ENSG00000107105.14	9	23826336	23826337	0.0753	rs4977892	9.93	rs3793601	0.00832	4.29	4.839287	391	2	enet	-0.0011	0.48	4.82833	1.38e-6
GTExv8.EUR.Nerve_Tibial	/media/kame/Data/_workings/resource/GTEv8//GTExv8.EUR.Nerve_Tibial/ENSG00000165092.12.wgt.RDat	ENSG00000165092.12	9	73080441	73080442	0.0941	rs8187890	-6.59	rs13292677	0.068	-5.76	-5.254942	394	11	enet	0.052	9e-7	4.67498	2.94e-6
GTExv8.EUR.Nerve_Tibial	/media/kame/Data/_workings/resource/GTEv8//GTExv8.EUR.Nerve_Tibial/ENSG00000172159.15.wgt.RDat	ENSG00000172159.15	9	83538545	83538546	0.2988	rs4877253	6.72	rs13439910	0.168	8.76	5.381018	481	42	enet	0.18	2.7e-21	5.04574	4.52e-7
GTExv8.EUR.Nerve_Tibial	/media/kame/Data/_workings/resource/GTEv8//GTExv8.EUR.Nerve_Tibial/ENSG00000232630.1.wgt.RDat	ENSG00000232630.1	9	125150652	125150653	0.0942	rs391957	11.41	rs359591	0.0965	7.76	8.935261	308	25	enet	0.11	2e-12	7.48594	7.1e-14
GTExv8.EUR.Nerve_Tibial	/media/kame/Data/_workings/resource/GTEv8//GTExv8.EUR.Nerve_Tibial/ENSG00000165219.21.wgt.RDat	ENSG00000165219.21	9	125261793	125261794	0.1562	rs391957	11.41	rs372225	0.131	7.69	5.406377	314	14	enet	0.085	3.2e-10	5.67432	1.39e-8
GTExv8.EUR.Nerve_Tibial	/media/kame/Data/_workings/resource/GTEv8//GTExv8.EUR.Nerve_Tibial/ENSG00000125485.17.wgt.RDat	ENSG00000125485.17	9	132670033	132670034	0.466	rs3739905	-7.74	rs11243850	0.38	12.95	-7.687515	534	34	enet	0.37	3.7e-45	-7.25896	3.9e-13
GTExv8.EUR.Nerve_Tibial	/media/kame/Data/_workings/resource/GTEv8//GTExv8.EUR.Nerve_Tibial/ENSG00000235106.9.wgt.RDat	ENSG00000235106.9	9	134025438	134025439	0.1074	rs11789898	9.75	rs11789898	0.0417	5.67	9.74828	582	8	enet	0.052	9e-7	5.57707	2.45e-8
GTExv8.EUR.Nerve_Tibial	/media/kame/Data/_workings/resource/GTEv8//GTExv8.EUR.Nerve_Tibial/ENSG00000169925.16.wgt.RDat	ENSG00000169925.16	9	134068534	134068535	0.1263	rs11789898	9.75	rs11789898	0.0611	-6.19	9.74828	590	8	enet	0.08	1e-9	-6.28537	3.27e-10
GTExv8.EUR.Nerve_Tibial	/media/kame/Data/_workings/resource/GTEv8//GTExv8.EUR.Nerve_Tibial/ENSG00000152465.17.wgt.RDat	ENSG00000152465.17	10	15168692	15168693	0.2411	rs10906845	9.52	rs10906845	0.17187	-8.88	9.523866	526	5	enet	0.18	3.3e-21	-8.39018	4.85e-17
GTExv8.EUR.Nerve_Tibial	/media/kame/Data/_workings/resource/GTEv8//GTExv8.EUR.Nerve_Tibial/ENSG00000187122.16.wgt.RDat	ENSG00000187122.16	10	97185919	97185920	0.403	rs4919096	-12.39	rs701814	0.424302	13.8	-5.371759	434	18	enet	0.42	7.3e-54	-6.2324	4.59e-10
GTExv8.EUR.Nerve_Tibial	/media/kame/Data/_workings/resource/GTEv8//GTExv8.EUR.Nerve_Tibial/ENSG00000148795.6.wgt.RDat	ENSG00000148795.6	10	102837532	102837533	0.0542	rs10883782	8.04	rs619824	0.041212	4.93	5.294394	345	13	enet	0.028	2.8e-4	5.63874	1.71e-8
GTExv8.EUR.Nerve_Tibial	/media/kame/Data/_workings/resource/GTEv8//GTExv8.EUR.Nerve_Tibial/ENSG00000198825.12.wgt.RDat	ENSG00000198825.12	10	119726096	119726097	0.0571	rs12785053	8.48	rs2223082	-0.002069	3.93	2.133394	495	5	enet	-0.002	0.73	5.53	3.2e-8
GTExv8.EUR.Nerve_Tibial	/media/kame/Data/_workings/resource/GTEv8//GTExv8.EUR.Nerve_Tibial/ENSG00000170946.14.wgt.RDat	ENSG00000170946.14	11	31369839	31369840	0.06	rs566302	-8.6	rs7104512	0.008895	3.62	-1.761909	251	15	enet	0.0093	0.025	4.636217	3.55e-6
GTExv8.EUR.Nerve_Tibial	/media/kame/Data/_workings/resource/GTEv8//GTExv8.EUR.Nerve_Tibial/ENSG00000156599.10.wgt.RDat	ENSG00000156599.10	11	57667746	57667747	0.0738	rs7117205	16.44	rs7117205	0.029548	5.5	16.437954	393	40	enet	0.013	0.0086	10.595117	3.1400000000000003e-26
GTExv8.EUR.Nerve_Tibial	/media/kame/Data/_workings/resource/GTEv8//GTExv8.EUR.Nerve_Tibial/ENSG00000213593.9.wgt.RDat	ENSG00000213593.9	11	57712599	57712600	0.0461	rs7117205	16.44	rs731384	0.020993	-4.34	12.020573	386	20	enet	0.016	0.0047	-8.86739	7.49e-19
GTExv8.EUR.Nerve_Tibial	/media/kame/Data/_workings/resource/GTEv8//GTExv8.EUR.Nerve_Tibial/ENSG00000124920.13.wgt.RDat	ENSG00000124920.13	11	61752648	61752649	0.0851	rs11230664	-10.54	rs198476	0.058418	-5.42	4.824501	398	6	enet	0.025	5e-4	-4.73802	2.16e-6
GTExv8.EUR.Nerve_Tibial	/media/kame/Data/_workings/resource/GTEv8//GTExv8.EUR.Nerve_Tibial/ENSG00000174165.7.wgt.RDat	ENSG00000174165.7	11	66546237	66546238	0.1011	rs1253440	8.65	rs2305535	0.095644	-6.61	4.817834	262	13	enet	0.11	2.9e-13	-4.705751	2.53e-6
GTExv8.EUR.Nerve_Tibial	/media/kame/Data/_workings/resource/GTEv8//GTExv8.EUR.Nerve_Tibial/ENSG00000170209.4.wgt.RDat	ENSG00000170209.4	11	113387790	113387791	0.4867	rs4245150	19.1	rs10891540	0.252492	-11.79	10.029396	513	22	enet	0.46	5.200000000000001e-60	-4.887124	1.02e-6
GTExv8.EUR.Nerve_Tibial	/media/kame/Data/_workings/resource/GTEv8//GTExv8.EUR.Nerve_Tibial/ENSG00000019102.11.wgt.RDat	ENSG00000019102.11	11	124752237	124752238	0.093	rs1940171	-10.79	rs4337053	0.024169	4.38	-4.177449	509	15	enet	0.023	8.3e-4	-5.671173	1.42e-8
GTExv8.EUR.Nerve_Tibial	/media/kame/Data/_workings/resource/GTEv8//GTExv8.EUR.Nerve_Tibial/ENSG00000149548.14.wgt.RDat	ENSG00000149548.14	11	124954120	124954121	0.2475	rs1940171	-10.79	rs3809055	0.047395	7.24	4.242886	508	25	enet	0.19	1.9e-21	8.589936	8.7e-18
GTExv8.EUR.Nerve_Tibial	/media/kame/Data/_workings/resource/GTEv8//GTExv8.EUR.Nerve_Tibial/ENSG00000189079.15.wgt.RDat	ENSG00000189079.15	12	45729664	45729665	0.0815	rs1468993	13.03	rs3815661	0.058	5.67	11.615132	390	26	enet	0.041	1.1e-5	8.33	8.36e-17
GTExv8.EUR.Nerve_Tibial	/media/kame/Data/_workings/resource/GTEv8//GTExv8.EUR.Nerve_Tibial/ENSG00000139620.12.wgt.RDat	ENSG00000139620.12	12	48682237	48682238	0.4323	rs10875867	-7.33	rs10875852	0.322	12.26	-5.694107	378	14	enet	0.34	1.3e-41	-4.64	3.47e-6
GTExv8.EUR.Nerve_Tibial	/media/kame/Data/_workings/resource/GTEv8//GTExv8.EUR.Nerve_Tibial/ENSG00000278126.1.wgt.RDat	ENSG00000278126.1	12	51202580	51202581	0.4877	rs4761995	6.14	rs10783420	0.071	-7.69	-3.400162	400	44	enet	0.17	8.4e-20	4.71	2.49e-6
GTExv8.EUR.Nerve_Tibial	/media/kame/Data/_workings/resource/GTEv8//GTExv8.EUR.Nerve_Tibial/ENSG00000187510.8.wgt.RDat	ENSG00000187510.8	12	92721461	92721462	0.2527	rs6538364	11.91	rs10777438	0.0777	6.36	4.32461	467	40	enet	0.14	9.9e-16	4.81	1.49e-6
GTExv8.EUR.Nerve_Tibial	/media/kame/Data/_workings/resource/GTEv8//GTExv8.EUR.Nerve_Tibial/ENSG00000102189.16.wgt.RDat	ENSG00000102189.16	12	92929330	92929331	0.1178	rs6538364	11.91	rs4616079	0.0679	-6.11	10.253509	435	27	enet	0.075	3.4e-9	-8.28	1.23e-16
GTExv8.EUR.Nerve_Tibial	/media/kame/Data/_workings/resource/GTEv8//GTExv8.EUR.Nerve_Tibial/ENSG00000275759.1.wgt.RDat	ENSG00000275759.1	12	118428280	118428281	0.2093	rs17512609	11.58	rs17440893	0.251	-10.77	11.198781	448	28	enet	0.26	5.1000000000000004e-30	-9.44	3.72e-21
GTExv8.EUR.Nerve_Tibial	/media/kame/Data/_workings/resource/GTEv8//GTExv8.EUR.Nerve_Tibial/ENSG00000275409.1.wgt.RDat	ENSG00000275409.1	12	118430146	118430147	0.1228	rs17512609	11.58	rs2062519	0.0689	-6.14	6.706673	449	12	enet	0.081	8e-10	-5.97	2.39e-9
GTExv8.EUR.Nerve_Tibial	/media/kame/Data/_workings/resource/GTEv8//GTExv8.EUR.Nerve_Tibial/ENSG00000139364.10.wgt.RDat	ENSG00000139364.10	12	125186835	125186836	0.2605	rs748548	13.36	rs10744203	0.228	-10.12	6.980986	531	5	enet	0.21	4.8e-24	-6.64	3.1e-11
GTExv8.EUR.Nerve_Tibial	/media/kame/Data/_workings/resource/GTEv8//GTExv8.EUR.Nerve_Tibial/ENSG00000180138.7.wgt.RDat	ENSG00000180138.7	13	37105663	37105664	0.0811	rs9547713	6.28	rs2243710	0.035048	-4.76	6.146209	545	13	enet	0.0098	0.021	-5.14463	2.68e-7
GTExv8.EUR.Nerve_Tibial	/media/kame/Data/_workings/resource/GTEv8//GTExv8.EUR.Nerve_Tibial/ENSG00000126790.11.wgt.RDat	ENSG00000126790.11	14	59484429	59484430	0.524	rs17834238	7.88	rs1268584	0.458773	-14.2	6.924942	455	29	enet	0.53	3.9e-74	-4.681412	2.85e-6
GTExv8.EUR.Nerve_Tibial	/media/kame/Data/_workings/resource/GTEv8//GTExv8.EUR.Nerve_Tibial/ENSG00000189227.5.wgt.RDat	ENSG00000189227.5	15	67521067	67521068	0.0606	rs2286664	14.79	rs7183168	0.00782	-3.63	5.837162	419	2	enet	0.017	0.0036	-5.57628	2.46e-8
GTExv8.EUR.Nerve_Tibial	/media/kame/Data/_workings/resource/GTEv8//GTExv8.EUR.Nerve_Tibial/ENSG00000137764.19.wgt.RDat	ENSG00000137764.19	15	67542708	67542709	0.3203	rs2286664	14.79	rs2286664	0.237	-10.68	14.786833	409	17	enet	0.24	1.2e-27	-13.62426	2.87e-42
GTExv8.EUR.Nerve_Tibial	/media/kame/Data/_workings/resource/GTEv8//GTExv8.EUR.Nerve_Tibial/ENSG00000188779.10.wgt.RDat	ENSG00000188779.10	15	67819703	67819704	0.1242	rs2286664	14.79	rs12441715	0.126	-7.81	13.457571	348	14	enet	0.12	2e-14	-11.10596	1.17e-28
GTExv8.EUR.Nerve_Tibial	/media/kame/Data/_workings/resource/GTEv8//GTExv8.EUR.Nerve_Tibial/ENSG00000067221.13.wgt.RDat	ENSG00000067221.13	15	73994621	73994622	0.3092	rs10162627	-6.24	rs10162627	0.24	10.52	-6.244427	405	21	enet	0.24	3.6000000000000003e-28	-5.48653	4.1e-8
GTExv8.EUR.Nerve_Tibial	/media/kame/Data/_workings/resource/GTEv8//GTExv8.EUR.Nerve_Tibial/ENSG00000166503.8.wgt.RDat	ENSG00000166503.8	15	83208017	83208018	0.0365	rs12441907	-11.15	rs11852496	0.0393	-4.76	-7.177951	353	9	enet	0.025	5.6e-4	6.95546	3.51e-12
GTExv8.EUR.Nerve_Tibial	/media/kame/Data/_workings/resource/GTEv8//GTExv8.EUR.Nerve_Tibial/ENSG00000177082.12.wgt.RDat	ENSG00000177082.12	15	84654342	84654343	0.202	rs7237	-6.46	rs35316992	0.198	-9.79	-5.341738	345	21	enet	0.21	4.0000000000000004e-24	5.12737	2.94e-7
GTExv8.EUR.Nerve_Tibial	/media/kame/Data/_workings/resource/GTEv8//GTExv8.EUR.Nerve_Tibial/ENSG00000259295.6.wgt.RDat	ENSG00000259295.6	15	85191437	85191438	0.3082	rs3748375	-6.37	rs11637142	0.189	9.36	-5.989711	511	23	enet	0.21	8.4e-24	-4.8209	1.43e-6
GTExv8.EUR.Nerve_Tibial	/media/kame/Data/_workings/resource/GTEv8//GTExv8.EUR.Nerve_Tibial/ENSG00000182511.11.wgt.RDat	ENSG00000182511.11	15	90883694	90883695	0.2025	rs17514846	15.72	rs1894400	0.0798	-6.54	6.877578	485	8	enet	0.079	1.3e-9	-6.01818	1.76e-9
GTExv8.EUR.Nerve_Tibial	/media/kame/Data/_workings/resource/GTEv8//GTExv8.EUR.Nerve_Tibial/ENSG00000237172.3.wgt.RDat	ENSG00000237172.3	16	67151213	67151214	0.0633	rs152168	6.51	rs12597880	0.04074	5.18	4.307882	261	6	enet	0.04	1.3e-5	5.2874	1.24e-7
GTExv8.EUR.Nerve_Tibial	/media/kame/Data/_workings/resource/GTEv8//GTExv8.EUR.Nerve_Tibial/ENSG00000205078.5.wgt.RDat	ENSG00000205078.5	16	77206440	77206441	0.6603	rs7186803	12.6	rs11865641	0.581698	15.97	6.502878	727	15	enet	0.58	3.9999999999999997e-84	6.60418	4e-11
GTExv8.EUR.Nerve_Tibial	/media/kame/Data/_workings/resource/GTEv8//GTExv8.EUR.Nerve_Tibial/ENSG00000185324.21.wgt.RDat	ENSG00000185324.21	16	89680736	89680737	0.7052	rs12924572	-7.53	rs12924572	0.433682	-13.82	-7.527066	417	29	enet	0.6	9.7e-89	5.39115	7e-8
GTExv8.EUR.Nerve_Tibial	/media/kame/Data/_workings/resource/GTEv8//GTExv8.EUR.Nerve_Tibial/ENSG00000070444.14.wgt.RDat	ENSG00000070444.14	17	2401117	2401118	0.0818	rs2240730	-13	rs2429909	0.042494	-5.51	3.95	411	6	enet	0.038	2.1e-5	-6.14	8.1e-10
GTExv8.EUR.Nerve_Tibial	/media/kame/Data/_workings/resource/GTEv8//GTExv8.EUR.Nerve_Tibial/ENSG00000272911.1.wgt.RDat	ENSG00000272911.1	17	2688472	2688473	0.2122	rs2240730	-13	rs1109451	0.188016	-9.14	-12.1	437	14	enet	0.17	9.8e-20	10.1	7.16e-24
GTExv8.EUR.Nerve_Tibial	/media/kame/Data/_workings/resource/GTEv8//GTExv8.EUR.Nerve_Tibial/ENSG00000277200.1.wgt.RDat	ENSG00000277200.1	17	2723946	2723947	0.3676	rs2240730	-13	rs2286512	0.203222	-9.5	-12.6	446	23	enet	0.31	1.5e-37	7.64	2.24e-14
GTExv8.EUR.Nerve_Tibial	/media/kame/Data/_workings/resource/GTEv8//GTExv8.EUR.Nerve_Tibial/ENSG00000187824.8.wgt.RDat	ENSG00000187824.8	17	10730315	10730316	0.1162	rs421541	-7.64	rs10521170	0.048386	-5.68	-5.92	491	16	enet	0.025	5e-4	6.05	1.47e-9
GTExv8.EUR.Nerve_Tibial	/media/kame/Data/_workings/resource/GTEv8//GTExv8.EUR.Nerve_Tibial/ENSG00000263874.2.wgt.RDat	ENSG00000263874.2	17	38925167	38925168	0.1858	rs649997	-13.1	rs660413	0.115915	-7.25	-5.77	356	22	enet	0.11	4.4e-13	11.4	5.7e-30
GTExv8.EUR.Nerve_Tibial	/media/kame/Data/_workings/resource/GTEv8//GTExv8.EUR.Nerve_Tibial/ENSG00000033627.16.wgt.RDat	ENSG00000033627.16	17	42458843	42458844	0.0356	rs12453256	-6.38	rs2301647	0.036281	-4.85	-5.83	251	5	enet	0.025	5e-4	5.92	3.25e-9
GTExv8.EUR.Nerve_Tibial	/media/kame/Data/_workings/resource/GTEv8//GTExv8.EUR.Nerve_Tibial/ENSG00000262500.1.wgt.RDat	ENSG00000262500.1	17	46243605	46243606	0.1604	rs199456	-23.99	rs199439	0.340353	12.54	-23.8	58	18	enet	0.35	2.2e-43	-19.5	2.27e-84
GTExv8.EUR.Nerve_Tibial	/media/kame/Data/_workings/resource/GTEv8//GTExv8.EUR.Nerve_Tibial/ENSG00000262539.1.wgt.RDat	ENSG00000262539.1	17	46260605	46260606	0.4033	rs199456	-23.99	rs169201	0.580748	15.96	-23.8	65	31	enet	0.57	3.6e-83	-22.1	1.94e-108
GTExv8.EUR.Nerve_Tibial	/media/kame/Data/_workings/resource/GTEv8//GTExv8.EUR.Nerve_Tibial/ENSG00000261575.2.wgt.RDat	ENSG00000261575.2	17	46267036	46267037	0.0904	rs199456	-23.99	rs17689882	0.169718	8.71	-15.6	65	29	enet	0.16	8.1e-19	-17.4	8.8e-68
GTExv8.EUR.Nerve_Tibial	/media/kame/Data/_workings/resource/GTEv8//GTExv8.EUR.Nerve_Tibial/ENSG00000228696.8.wgt.RDat	ENSG00000228696.8	17	46361796	46361797	0.7433	rs199456	-23.99	rs17698176	0.097459	6.68	-0.403	60	30	enet	0.25	1.3e-29	-7.99	1.35e-15
GTExv8.EUR.Nerve_Tibial	/media/kame/Data/_workings/resource/GTEv8//GTExv8.EUR.Nerve_Tibial/ENSG00000238083.7.wgt.RDat	ENSG00000238083.7	17	46511510	46511511	0.5861	rs199456	-23.99	rs169201	0.502118	14.94	-23.8	135	23	enet	0.56	1.7e-80	-20.9	1.1699999999999997e-96
GTExv8.EUR.Nerve_Tibial	/media/kame/Data/_workings/resource/GTEv8//GTExv8.EUR.Nerve_Tibial/ENSG00000232300.1.wgt.RDat	ENSG00000232300.1	17	46562794	46562795	0.2151	rs199456	-23.99	rs17692129	0.09451	-7.1	-0.248	135	20	enet	0.15	2e-17	-12.5	5.76e-36
GTExv8.EUR.Nerve_Tibial	/media/kame/Data/_workings/resource/GTEv8//GTExv8.EUR.Nerve_Tibial/ENSG00000185829.17.wgt.RDat	ENSG00000185829.17	17	46579681	46579682	0.4714	rs199456	-23.99	rs17692129	0.129952	-7.63	-0.248	142	78	enet	0.23	1.9e-26	-14.2	9.23e-46
GTExv8.EUR.Nerve_Tibial	/media/kame/Data/_workings/resource/GTEv8//GTExv8.EUR.Nerve_Tibial/ENSG00000073969.18.wgt.RDat	ENSG00000073969.18	17	46590668	46590669	0.0791	rs199456	-23.99	rs17692129	0.016566	3.82	-0.248	146	15	enet	0.011	0.016	12	2.59e-33
GTExv8.EUR.Nerve_Tibial	/media/kame/Data/_workings/resource/GTEv8//GTExv8.EUR.Nerve_Tibial/ENSG00000108379.9.wgt.RDat	ENSG00000108379.9	17	46833057	46833058	0.1985	rs199456	-23.99	rs199520	0.154851	8.47	-15.6	256	24	enet	0.15	5.5e-17	-15	1.42e-50
GTExv8.EUR.Nerve_Tibial	/media/kame/Data/_workings/resource/GTEv8//GTExv8.EUR.Nerve_Tibial/ENSG00000159199.13.wgt.RDat	ENSG00000159199.13	17	48892764	48892765	0.1161	rs1523136	7.6	rs1800632	0.080145	-6.53	5.04	392	21	enet	0.086	2.2e-10	-4.83	1.4e-6
GTExv8.EUR.Nerve_Tibial	/media/kame/Data/_workings/resource/GTEv8//GTExv8.EUR.Nerve_Tibial/ENSG00000159210.9.wgt.RDat	ENSG00000159210.9	17	48945116	48945117	0.051	rs1523136	7.6	rs1800632	7.96e-4	-3.96	5.04	399	9	enet	-2.2e-4	0.34	-4.66	3.09e-6
GTExv8.EUR.Nerve_Tibial	/media/kame/Data/_workings/resource/GTEv8//GTExv8.EUR.Nerve_Tibial/ENSG00000278730.1.wgt.RDat	ENSG00000278730.1	17	68127329	68127330	0.2499	rs35191309	-5.34	rs8075604	0.03067	5.73	3.43	320	17	enet	0.15	1.5e-17	5.42	6.07e-8
GTExv8.EUR.Nerve_Tibial	/media/kame/Data/_workings/resource/GTEv8//GTExv8.EUR.Nerve_Tibial/ENSG00000267023.5.wgt.RDat	ENSG00000267023.5	17	68152467	68152468	0.0701	rs35191309	-5.34	rs8075604	0.026967	4.1	3.43	320	21	enet	0.03	1.7e-4	5.45	5.18e-8
GTExv8.EUR.Nerve_Tibial	/media/kame/Data/_workings/resource/GTEv8//GTExv8.EUR.Nerve_Tibial/ENSG00000129667.12.wgt.RDat	ENSG00000129667.12	17	76501789	76501790	0.1133	rs881564	6.01	rs8067774	0.092214	6.46	-3.98	495	29	enet	0.08	1.1e-9	-4.82	1.45e-6
GTExv8.EUR.Nerve_Tibial	/media/kame/Data/_workings/resource/GTEv8//GTExv8.EUR.Nerve_Tibial/ENSG00000178927.17.wgt.RDat	ENSG00000178927.17	17	82450828	82450829	0.287	rs9303029	6.96	rs2306758	0.232006	-10.31	6	401	14	enet	0.23	1.2e-26	-6.17	6.7e-10
GTExv8.EUR.Nerve_Tibial	/media/kame/Data/_workings/resource/GTEv8//GTExv8.EUR.Nerve_Tibial/ENSG00000198081.10.wgt.RDat	ENSG00000198081.10	18	5297052	5297053	0.1492	rs1785418	5.48	rs4797206	0.107485	7.01	-5.266565	508	7	enet	0.078	1.8e-9	-4.756727	1.97e-6
GTExv8.EUR.Nerve_Tibial	/media/kame/Data/_workings/resource/GTEv8//GTExv8.EUR.Nerve_Tibial/ENSG00000263720.1.wgt.RDat	ENSG00000263720.1	18	65865261	65865262	0.1373	rs1872330	8.51	rs2291343	0.095943	6.6	5.758903	401	12	enet	0.084	4.3e-10	4.72337	2.32e-6
GTExv8.EUR.Nerve_Tibial	/media/kame/Data/_workings/resource/GTEv8//GTExv8.EUR.Nerve_Tibial/ENSG00000071626.16.wgt.RDat	ENSG00000071626.16	19	1407568	1407569	0.1054	rs35940485	-7.75	rs3760994	0.071393	-5.76	-6.785027	397	2	enet	0.044	5.4e-6	5.05813	4.23e-7
GTExv8.EUR.Nerve_Tibial	/media/kame/Data/_workings/resource/GTEv8//GTExv8.EUR.Nerve_Tibial/ENSG00000280239.1.wgt.RDat	ENSG00000280239.1	19	4448809	4448810	0.2592	rs243387	7.63	rs932276	0.270282	-11.63	7.133177	388	20	enet	0.31	1.2999999999999999e-36	-4.70206	2.58e-6
GTExv8.EUR.Nerve_Tibial	/media/kame/Data/_workings/resource/GTEv8//GTExv8.EUR.Nerve_Tibial/ENSG00000219665.8.wgt.RDat	ENSG00000219665.8	19	11987616	11987617	0.1169	rs7259845	5.1	rs10404882	0.077985	-6.36	4.322547	310	17	enet	0.079	1.4e-9	-4.63191	3.62e-6
GTExv8.EUR.Nerve_Tibial	/media/kame/Data/_workings/resource/GTEv8//GTExv8.EUR.Nerve_Tibial/ENSG00000095059.15.wgt.RDat	ENSG00000095059.15	19	12681901	12681902	0.0805	rs2303731	-7.68	rs722571	0.03298	-4.84	-6.102865	299	7	enet	0.042	9.7e-6	5.23836	1.62e-7
GTExv8.EUR.Nerve_Tibial	/media/kame/Data/_workings/resource/GTEv8//GTExv8.EUR.Nerve_Tibial/ENSG00000105576.15.wgt.RDat	ENSG00000105576.15	19	12724010	12724011	0.3462	rs2303731	-7.68	rs722572	0.141886	8.06	-5.409339	296	28	enet	0.13	4.1e-15	-5.10604	3.29e-7
GTExv8.EUR.Nerve_Tibial	/media/kame/Data/_workings/resource/GTEv8//GTExv8.EUR.Nerve_Tibial/ENSG00000184162.14.wgt.RDat	ENSG00000184162.14	19	19203423	19203424	0.0453	rs10415849	-10.44	rs8108647	0.016263	-3.67	-7.534451	332	14	enet	0.0048	0.078	5.11155	3.2e-7
GTExv8.EUR.Nerve_Tibial	/media/kame/Data/_workings/resource/GTEv8//GTExv8.EUR.Nerve_Tibial/ENSG00000189114.6.wgt.RDat	ENSG00000189114.6	19	45178744	45178745	0.1021	rs17562787	-6.77	rs10417101	0.05364	-5.45	-6.510802	369	12	enet	0.047	2.5e-6	6.76493	1.33e-11
GTExv8.EUR.Nerve_Tibial	/media/kame/Data/_workings/resource/GTEv8//GTExv8.EUR.Nerve_Tibial/ENSG00000266907.1.wgt.RDat	ENSG00000266907.1	19	56322309	56322310	0.3094	rs8101140	-5.54	rs2304125	0.149275	8.31	-5.123774	558	48	enet	0.11	6.6e-13	-4.76738	1.87e-6
GTExv8.EUR.Nerve_Tibial	/media/kame/Data/_workings/resource/GTEv8//GTExv8.EUR.Nerve_Tibial/ENSG00000101017.13.wgt.RDat	ENSG00000101017.13	20	46118271	46118272	0.1907	rs2297198	12.2	rs1883832	0.144758	-8.03	7.72554	501	20	enet	0.14	9.7e-16	-5.63312	1.77e-8
GTExv8.EUR.Nerve_Tibial	/media/kame/Data/_workings/resource/GTEv8//GTExv8.EUR.Nerve_Tibial/ENSG00000160216.18.wgt.RDat	ENSG00000160216.18	21	43865185	43865186	0.0989	rs1893208	-5.66	rs3788094	-0.002059	3.4	-5.15443	262	26	enet	0.015	0.0064	-5.17066	2.33e-7
GTExv8.EUR.Nerve_Tibial	/media/kame/Data/_workings/resource/GTEv8//GTExv8.EUR.Nerve_Tibial/ENSG00000100024.14.wgt.RDat	ENSG00000100024.14	22	24494106	24494107	0.2063	rs5760452	9.22	rs2298383	0.219953	10.39	7.41752	396	6	enet	0.24	2.7000000000000003e-28	6.42515	1.32e-10
GTExv8.EUR.Nerve_Tibial	/media/kame/Data/_workings/resource/GTEv8//GTExv8.EUR.Nerve_Tibial/ENSG00000184459.8.wgt.RDat	ENSG00000184459.8	22	32464483	32464484	0.3694	rs3213515	-10.26	rs9621472	0.320218	11.92	-3.27637	638	9	enet	0.31	8e-38	-5.1899	2.1e-7
GTExv8.EUR.Nerve_Tibial	/media/kame/Data/_workings/resource/GTEv8//GTExv8.EUR.Nerve_Tibial/ENSG00000100225.17.wgt.RDat	ENSG00000100225.17	22	32474675	32474676	0.5142	rs3213515	-10.26	rs715542	0.391589	-13.28	-7.24206	639	15	enet	0.39	5.8999999999999996e-49	4.59325	4.36e-6
