PANEL	FILE	ID	CHR	P0	P1	HSQ	BEST.GWAS.ID	BEST.GWAS.Z	EQTL.ID	EQTL.R2	EQTL.Z	EQTL.GWAS.Z	NSNP	NWGT	MODEL	MODELCV.R2	MODELCV.PV	TWAS.Z	TWAS.P
GTExv8.EUR.Brain_Hypothalamus	/media/kame/Data/_workings/resource/GTEv8//GTExv8.EUR.Brain_Hypothalamus/ENSG00000204084.12.wgt.RDat	ENSG00000204084.12	1	37947056	37947057	0.2836	rs573744	9.24	rs4653329	0.161	5.3	7.36	462	7	enet	0.12	6.6e-6	6.27668	3.46e-10
GTExv8.EUR.Brain_Hypothalamus	/media/kame/Data/_workings/resource/GTEv8//GTExv8.EUR.Brain_Hypothalamus/ENSG00000143603.18.wgt.RDat	ENSG00000143603.18	1	154870279	154870280	0.2437	rs4845681	13.15	rs10908445	0.169	-5.19	9.15	417	34	enet	0.14	9.4e-7	-7.90082	2.77e-15
GTExv8.EUR.Brain_Hypothalamus	/media/kame/Data/_workings/resource/GTEv8//GTExv8.EUR.Brain_Hypothalamus/ENSG00000272195.1.wgt.RDat	ENSG00000272195.1	1	244971087	244971088	0.5543	rs1196366	6.6	rs2291426	0.512	-8.97	6.29	461	17	enet	0.46	1.3e-22	-5.35321	8.64e-8
GTExv8.EUR.Brain_Hypothalamus	/media/kame/Data/_workings/resource/GTEv8//GTExv8.EUR.Brain_Hypothalamus/ENSG00000203666.12.wgt.RDat	ENSG00000203666.12	1	245002120	245002121	0.5529	rs1196366	6.6	rs672008	0.428	8.24	5.92	470	26	enet	0.35	2.8e-16	5.09151	3.55e-7
GTExv8.EUR.Brain_Hypothalamus	/media/kame/Data/_workings/resource/GTEv8//GTExv8.EUR.Brain_Hypothalamus/ENSG00000115556.13.wgt.RDat	ENSG00000115556.13	2	218607764	218607765	0.0741	rs13023540	15.13	rs7607369	0.0378	-4.11	-5.657232	365	12	enet	0.0058	0.17	6.36437	1.96e-10
GTExv8.EUR.Brain_Hypothalamus	/media/kame/Data/_workings/resource/GTEv8//GTExv8.EUR.Brain_Hypothalamus/ENSG00000280417.1.wgt.RDat	ENSG00000280417.1	3	53046165	53046166	0.14	rs11130367	11.74	rs4687717	0.00377	4.13	5.7758	361	22	enet	0.0073	0.15	5.47049	4.49e-8
GTExv8.EUR.Brain_Hypothalamus	/media/kame/Data/_workings/resource/GTEv8//GTExv8.EUR.Brain_Hypothalamus/ENSG00000174891.12.wgt.RDat	ENSG00000174891.12	3	158107788	158107789	0.1784	rs6779266	8.9	rs17684859	0.0809	-4.52	-0.26844	319	16	enet	0.069	5.6e-4	4.80722	1.53e-6
GTExv8.EUR.Brain_Hypothalamus	/media/kame/Data/_workings/resource/GTEv8//GTExv8.EUR.Brain_Hypothalamus/ENSG00000118849.9.wgt.RDat	ENSG00000118849.9	3	158732695	158732696	0.506	rs827117	8.43	rs16829322	0.183	5.61	-2.62579	398	36	enet	0.2	3.8e-9	-4.84419	1.27e-6
GTExv8.EUR.Brain_Hypothalamus	/media/kame/Data/_workings/resource/GTEv8//GTExv8.EUR.Brain_Hypothalamus/ENSG00000014824.13.wgt.RDat	ENSG00000014824.13	4	41990471	41990472	0.262	rs6447132	-9.57	rs6447132	0.127681	5.37	-9.56711	423	10	enet	0.12	3.9e-6	-8.84889	8.84e-19
GTExv8.EUR.Brain_Hypothalamus	/media/kame/Data/_workings/resource/GTEv8//GTExv8.EUR.Brain_Hypothalamus/ENSG00000247828.7.wgt.RDat	ENSG00000247828.7	5	88269070	88269071	0.4686	rs10044618	-9.74	rs390856	0.34862	7.54	-5.85506	254	31	enet	0.29	3.2e-13	-6.04845	1.46e-9
GTExv8.EUR.Brain_Hypothalamus	/media/kame/Data/_workings/resource/GTEv8//GTExv8.EUR.Brain_Hypothalamus/ENSG00000122687.17.wgt.RDat	ENSG00000122687.17	7	2242197	2242198	0.373	rs11773627	12.98	rs6461233	0.290988	6.97	6.11785	415	9	enet	0.22	3.2e-10	5.588547	2.29e-8
GTExv8.EUR.Brain_Hypothalamus	/media/kame/Data/_workings/resource/GTEv8//GTExv8.EUR.Brain_Hypothalamus/ENSG00000196683.10.wgt.RDat	ENSG00000196683.10	7	22822851	22822852	0.2329	rs11770879	6.99	rs2240727	0.134307	-5.42	4.59375	497	7	enet	0.15	3.3e-7	-4.414545	1.01e-5
GTExv8.EUR.Brain_Hypothalamus	/media/kame/Data/_workings/resource/GTEv8//GTExv8.EUR.Brain_Hypothalamus/ENSG00000105976.14.wgt.RDat	ENSG00000105976.14	7	116672389	116672390	0.3003	rs2402118	7.35	rs2299439	0.25638	-6.84	3.70971	340	17	enet	0.31	3.8e-14	-4.838956	1.31e-6
GTExv8.EUR.Brain_Hypothalamus	/media/kame/Data/_workings/resource/GTEv8//GTExv8.EUR.Brain_Hypothalamus/ENSG00000176209.11.wgt.RDat	ENSG00000176209.11	8	42541711	42541712	0.4234	rs2974342	5.04	rs2923428	0.290564	6.86	4.94208	262	15	enet	0.25	1.1e-11	4.40921	1.04e-5
GTExv8.EUR.Brain_Hypothalamus	/media/kame/Data/_workings/resource/GTEv8//GTExv8.EUR.Brain_Hypothalamus/ENSG00000281649.1.wgt.RDat	ENSG00000281649.1	9	37079856	37079857	0.2796	rs10973282	9.9	rs308495	0.07108	-4.14	7.78473	465	2	enet	0.031	0.016	-7.1386	9.43e-13
GTExv8.EUR.Brain_Hypothalamus	/media/kame/Data/_workings/resource/GTEv8//GTExv8.EUR.Brain_Hypothalamus/ENSG00000169925.16.wgt.RDat	ENSG00000169925.16	9	134068534	134068535	0.2184	rs11789898	9.75	rs10993907	0.01229	-3.82	9.09888	587	22	enet	0.002	0.25	-5.6155	1.96e-8
GTExv8.EUR.Brain_Hypothalamus	/media/kame/Data/_workings/resource/GTEv8//GTExv8.EUR.Brain_Hypothalamus/ENSG00000174165.7.wgt.RDat	ENSG00000174165.7	11	66546237	66546238	0.1819	rs1253440	8.65	rs3179961	0.176261	-5.45	5.35893	262	23	enet	0.13	2.4e-6	-4.95331	7.3e-7
GTExv8.EUR.Brain_Hypothalamus	/media/kame/Data/_workings/resource/GTEv8//GTExv8.EUR.Brain_Hypothalamus/ENSG00000275759.1.wgt.RDat	ENSG00000275759.1	12	118428280	118428281	0.2611	rs17512609	11.58	rs17512574	0.116	-5.37	11.038999	447	31	enet	0.17	3.5e-8	-8.25563	1.51e-16
GTExv8.EUR.Brain_Hypothalamus	/media/kame/Data/_workings/resource/GTEv8//GTExv8.EUR.Brain_Hypothalamus/ENSG00000275409.1.wgt.RDat	ENSG00000275409.1	12	118430146	118430147	0.155	rs17512609	11.58	rs2062525	0.011	3.63	0.485123	448	26	enet	0.052	0.0024	-4.70353	2.56e-6
GTExv8.EUR.Brain_Hypothalamus	/media/kame/Data/_workings/resource/GTEv8//GTExv8.EUR.Brain_Hypothalamus/ENSG00000100461.17.wgt.RDat	ENSG00000100461.17	14	22917801	22917802	0.434	rs1570342	8.52	rs2295680	0.107665	-5.31	3.069	570	24	enet	0.13	2.6e-6	-4.98568	6.17e-7
GTExv8.EUR.Brain_Hypothalamus	/media/kame/Data/_workings/resource/GTEv8//GTExv8.EUR.Brain_Hypothalamus/ENSG00000260316.2.wgt.RDat	ENSG00000260316.2	16	905223	905224	0.2487	rs12446849	-6.25	rs12443534	-0.00136	-3.12	-5.79251	429	17	enet	-0.0046	0.59	5.2236	1.76e-7
GTExv8.EUR.Brain_Hypothalamus	/media/kame/Data/_workings/resource/GTEv8//GTExv8.EUR.Brain_Hypothalamus/ENSG00000133028.10.wgt.RDat	ENSG00000133028.10	17	10698374	10698375	0.2632	rs421541	-7.64	rs9904211	0.201692	6.03	-6.36553	494	14	enet	0.2	1.8e-9	-5.6877	1.29e-8
GTExv8.EUR.Brain_Hypothalamus	/media/kame/Data/_workings/resource/GTEv8//GTExv8.EUR.Brain_Hypothalamus/ENSG00000187824.8.wgt.RDat	ENSG00000187824.8	17	10730315	10730316	0.4343	rs421541	-7.64	rs9904211	0.346789	-7.73	-6.36553	491	27	enet	0.36	9.9e-17	6.2061	5.43e-10
GTExv8.EUR.Brain_Hypothalamus	/media/kame/Data/_workings/resource/GTEv8//GTExv8.EUR.Brain_Hypothalamus/ENSG00000177302.14.wgt.RDat	ENSG00000177302.14	17	18315006	18315007	0.2777	rs4925144	5.82	rs2605141	0.124118	5.31	4.84154	275	18	enet	0.13	1.6e-6	4.3435	1.4e-5
GTExv8.EUR.Brain_Hypothalamus	/media/kame/Data/_workings/resource/GTEv8//GTExv8.EUR.Brain_Hypothalamus/ENSG00000037042.8.wgt.RDat	ENSG00000037042.8	17	42659304	42659305	0.1855	rs12453256	-6.36	rs7217821	0.171788	5.56	-4.94252	258	10	enet	0.13	1.7e-6	-4.4094	1.04e-5
GTExv8.EUR.Brain_Hypothalamus	/media/kame/Data/_workings/resource/GTEv8//GTExv8.EUR.Brain_Hypothalamus/ENSG00000262500.1.wgt.RDat	ENSG00000262500.1	17	46243605	46243606	0.4806	rs199456	-23.99	rs199451	0.403338	8.68	-23.77808	59	24	enet	0.43	1.2e-20	-20.7158	2.5e-95
GTExv8.EUR.Brain_Hypothalamus	/media/kame/Data/_workings/resource/GTEv8//GTExv8.EUR.Brain_Hypothalamus/ENSG00000262539.1.wgt.RDat	ENSG00000262539.1	17	46260605	46260606	0.4288	rs199456	-23.99	rs199451	0.525397	9.04	-23.77808	66	29	enet	0.52	3.3e-26	-23.0204	2.91e-117
GTExv8.EUR.Brain_Hypothalamus	/media/kame/Data/_workings/resource/GTEv8//GTExv8.EUR.Brain_Hypothalamus/ENSG00000261575.2.wgt.RDat	ENSG00000261575.2	17	46267036	46267037	0.1662	rs199456	-23.99	rs199530	0.158384	5.71	-16.16554	66	26	enet	0.13	1.8e-6	-13.4766	2.15e-41
GTExv8.EUR.Brain_Hypothalamus	/media/kame/Data/_workings/resource/GTEv8//GTExv8.EUR.Brain_Hypothalamus/ENSG00000260075.1.wgt.RDat	ENSG00000260075.1	17	46372854	46372855	0.7811	rs199456	-23.99	rs17698176	0.22729	6.89	-0.40279	65	21	enet	0.45	9.1e-22	-4.377	1.2e-5
GTExv8.EUR.Brain_Hypothalamus	/media/kame/Data/_workings/resource/GTEv8//GTExv8.EUR.Brain_Hypothalamus/ENSG00000238083.7.wgt.RDat	ENSG00000238083.7	17	46511510	46511511	0.7234	rs199456	-23.99	rs169201	0.539403	9.21	-23.76528	132	46	enet	0.59	3.4e-32	-18.6452	1.3800000000000001e-77
GTExv8.EUR.Brain_Hypothalamus	/media/kame/Data/_workings/resource/GTEv8//GTExv8.EUR.Brain_Hypothalamus/ENSG00000185829.17.wgt.RDat	ENSG00000185829.17	17	46579681	46579682	0.4618	rs199456	-23.99	rs183211	0.377556	7.91	-10.61616	139	49	enet	0.37	2e-17	-14.7221	4.6500000000000004e-49
GTExv8.EUR.Brain_Hypothalamus	/media/kame/Data/_workings/resource/GTEv8//GTExv8.EUR.Brain_Hypothalamus/ENSG00000159210.9.wgt.RDat	ENSG00000159210.9	17	48945116	48945117	0.3861	rs1523136	7.6	rs2270576	0.26529199999999997	-6.59	5.19625	397	25	enet	0.25	3e-11	-5.8252	5.71e-9
GTExv8.EUR.Brain_Hypothalamus	/media/kame/Data/_workings/resource/GTEv8//GTExv8.EUR.Brain_Hypothalamus/ENSG00000178927.17.wgt.RDat	ENSG00000178927.17	17	82450828	82450829	0.3414	rs9303029	6.96	rs3751913	0.123356	-5.7	6.89709	401	8	enet	0.12	4.1e-6	-6.8931	5.46e-12
GTExv8.EUR.Brain_Hypothalamus	/media/kame/Data/_workings/resource/GTEv8//GTExv8.EUR.Brain_Hypothalamus/ENSG00000161618.9.wgt.RDat	ENSG00000161618.9	19	49453168	49453169	0.4795	rs7258719	8.48	rs1578944	0.248	6.37	8.39758	371	21	enet	0.2	4.1e-9	6.02951	1.64e-9
GTExv8.EUR.Brain_Hypothalamus	/media/kame/Data/_workings/resource/GTEv8//GTExv8.EUR.Brain_Hypothalamus/ENSG00000184164.14.wgt.RDat	ENSG00000184164.14	22	49918166	49918167	0.184	rs910799	6.24	rs761879	0.11159	4.97	4.40766	439	23	enet	0.085	1.3e-4	4.6267	3.72e-6
