PANEL	FILE	ID	CHR	P0	P1	HSQ	BEST.GWAS.ID	BEST.GWAS.Z	EQTL.ID	EQTL.R2	EQTL.Z	EQTL.GWAS.Z	NSNP	NWGT	MODEL	MODELCV.R2	MODELCV.PV	TWAS.Z	TWAS.P
GTExv8.EUR.Heart_Atrial_Appendage	/media/kame/Data/_workings/resource/GTEv8//GTExv8.EUR.Heart_Atrial_Appendage/ENSG00000204084.12.wgt.RDat	ENSG00000204084.12	1	37947056	37947057	0.2923	rs573744	9.24	rs4653329	0.195	8.24	7.359191	461	12	enet	0.22	5.7e-19	5.54509	2.94e-8
GTExv8.EUR.Heart_Atrial_Appendage	/media/kame/Data/_workings/resource/GTEv8//GTExv8.EUR.Heart_Atrial_Appendage/ENSG00000163239.12.wgt.RDat	ENSG00000163239.12	1	154502218	154502219	0.1748	rs4845681	13.15	rs7526293	0.132	-6.72	4.591305	403	5	enet	0.11	7.7e-10	-4.574513	4.77e-6
GTExv8.EUR.Heart_Atrial_Appendage	/media/kame/Data/_workings/resource/GTEv8//GTExv8.EUR.Heart_Atrial_Appendage/ENSG00000163354.14.wgt.RDat	ENSG00000163354.14	1	155033780	155033781	0.0936	rs4845681	13.15	rs10908452	0.071	-5.15	8.408595	378	10	enet	0.049	4.4e-5	-7.004071	2.49e-12
GTExv8.EUR.Heart_Atrial_Appendage	/media/kame/Data/_workings/resource/GTEv8//GTExv8.EUR.Heart_Atrial_Appendage/ENSG00000143590.13.wgt.RDat	ENSG00000143590.13	1	155078871	155078872	0.0839	rs4845681	13.15	rs2066981	-0.00195	3.75	-1.6519	373	23	enet	0.0037	0.14	-4.908477	9.18e-7
GTExv8.EUR.Heart_Atrial_Appendage	/media/kame/Data/_workings/resource/GTEv8//GTExv8.EUR.Heart_Atrial_Appendage/ENSG00000160767.20.wgt.RDat	ENSG00000160767.20	1	155255482	155255483	0.1031	rs4845681	13.15	rs10908452	0.0147	-4.38	8.408595	302	17	enet	0.041	1.8e-4	-4.51936	6.2e-6
GTExv8.EUR.Heart_Atrial_Appendage	/media/kame/Data/_workings/resource/GTEv8//GTExv8.EUR.Heart_Atrial_Appendage/ENSG00000152061.23.wgt.RDat	ENSG00000152061.23	1	174159409	174159410	0.0743	rs7536102	12.55	rs4442420	0.0302	5.08	6.59977	275	24	enet	0.043	1.2e-4	5.131673	2.87e-7
GTExv8.EUR.Heart_Atrial_Appendage	/media/kame/Data/_workings/resource/GTEv8//GTExv8.EUR.Heart_Atrial_Appendage/ENSG00000227373.5.wgt.RDat	ENSG00000227373.5	1	174160003	174160004	0.0864	rs7536102	12.55	rs10912766	0.11	6.46	8.680005	275	60	enet	0.11	2.2e-9	9.512311	1.86e-21
GTExv8.EUR.Heart_Atrial_Appendage	/media/kame/Data/_workings/resource/GTEv8//GTExv8.EUR.Heart_Atrial_Appendage/ENSG00000272195.1.wgt.RDat	ENSG00000272195.1	1	244971087	244971088	0.4969	rs1196366	6.6	rs2291426	0.519	-12.83	6.291535	462	32	enet	0.5	1e-49	-5.573543	2.5e-8
GTExv8.EUR.Heart_Atrial_Appendage	/media/kame/Data/_workings/resource/GTEv8//GTExv8.EUR.Heart_Atrial_Appendage/ENSG00000280083.1.wgt.RDat	ENSG00000280083.1	2	191156069	191156070	0.0738	rs2138913	-6.53	rs6704784	0.073438	-5.14	-5.013804	384	9	enet	0.06	6.6e-6	4.967165	6.79e-7
GTExv8.EUR.Heart_Atrial_Appendage	/media/kame/Data/_workings/resource/GTEv8//GTExv8.EUR.Heart_Atrial_Appendage/ENSG00000135913.10.wgt.RDat	ENSG00000135913.10	2	218568360	218568361	0.0767	rs13023540	14.75	rs4674338	0.046747	4.57	-7.587036	363	4	enet	0.036	4.1e-4	-7.599082	2.98e-14
GTExv8.EUR.Heart_Atrial_Appendage	/media/kame/Data/_workings/resource/GTEv8//GTExv8.EUR.Heart_Atrial_Appendage/ENSG00000144580.13.wgt.RDat	ENSG00000144580.13	2	218568579	218568580	0.0656	rs13023540	14.75	rs4674305	0.022934	3.59	-6.511963	363	13	enet	-6.7e-4	0.38	-5.70511	1.16e-8
GTExv8.EUR.Heart_Atrial_Appendage	/media/kame/Data/_workings/resource/GTEv8//GTExv8.EUR.Heart_Atrial_Appendage/ENSG00000115556.13.wgt.RDat	ENSG00000115556.13	2	218607764	218607765	0.1218	rs13023540	15.05	rs4674332	0.071834	-5.38	-8.433015	366	39	enet	0.044	1e-4	5.477659	4.31e-8
GTExv8.EUR.Heart_Atrial_Appendage	/media/kame/Data/_workings/resource/GTEv8//GTExv8.EUR.Heart_Atrial_Appendage/ENSG00000151090.17.wgt.RDat	ENSG00000151090.17	3	24495281	24495282	0.3566	rs7611219	-11.17	rs1865712	0.132	6.72	-8.44535	587	19	enet	0.14	1.6e-12	-5.51316	3.52e-8
GTExv8.EUR.Heart_Atrial_Appendage	/media/kame/Data/_workings/resource/GTEv8//GTExv8.EUR.Heart_Atrial_Appendage/ENSG00000172340.14.wgt.RDat	ENSG00000172340.14	3	67654613	67654614	0.2925	rs1490270	9.05	rs6779718	0.0912	-6.11	3.47391	411	32	enet	0.18	4.5e-15	-4.4808	7.44e-6
GTExv8.EUR.Heart_Atrial_Appendage	/media/kame/Data/_workings/resource/GTEv8//GTExv8.EUR.Heart_Atrial_Appendage/ENSG00000273133.1.wgt.RDat	ENSG00000273133.1	4	15564252	15564253	0.1957	rs12508186	8.9	rs12500587	0.187881	7.86	5.397627	543	28	enet	0.18	4e-15	5.56128	2.68e-8
GTExv8.EUR.Heart_Atrial_Appendage	/media/kame/Data/_workings/resource/GTEv8//GTExv8.EUR.Heart_Atrial_Appendage/ENSG00000118564.14.wgt.RDat	ENSG00000118564.14	4	15681660	15681661	0.1157	rs12508186	8.9	rs4557256	0.093371	-5.97	7.628788	553	11	enet	0.064	3.1e-6	-6.78231	1.18e-11
GTExv8.EUR.Heart_Atrial_Appendage	/media/kame/Data/_workings/resource/GTEv8//GTExv8.EUR.Heart_Atrial_Appendage/ENSG00000164366.3.wgt.RDat	ENSG00000164366.3	5	218214	218215	0.1286	rs2115275	6.92	rs9763161	0.07456	5.02	6.834446	289	11	enet	0.052	2.5e-5	6.216895	5.07e-10
GTExv8.EUR.Heart_Atrial_Appendage	/media/kame/Data/_workings/resource/GTEv8//GTExv8.EUR.Heart_Atrial_Appendage/ENSG00000068796.16.wgt.RDat	ENSG00000068796.16	5	62306161	62306162	0.0787	rs10514933	16.41	rs7722692	0.005998	-3.79	12.400546	387	23	enet	-0.003	0.79	-8.607001	7.5e-18
GTExv8.EUR.Heart_Atrial_Appendage	/media/kame/Data/_workings/resource/GTEv8//GTExv8.EUR.Heart_Atrial_Appendage/ENSG00000086200.16.wgt.RDat	ENSG00000086200.16	5	62403971	62403972	0.0533	rs10514933	16.41	rs784901	0.028911	-4.75	3.184105	373	13	enet	0.019	0.0083	-7.972055	1.56e-15
GTExv8.EUR.Heart_Atrial_Appendage	/media/kame/Data/_workings/resource/GTEv8//GTExv8.EUR.Heart_Atrial_Appendage/ENSG00000247828.7.wgt.RDat	ENSG00000247828.7	5	88269070	88269071	0.4186	rs10044618	-9.74	rs16903057	0.408721	11.64	-5.888247	250	16	enet	0.42	8.3e-39	-5.004151	5.61e-7
GTExv8.EUR.Heart_Atrial_Appendage	/media/kame/Data/_workings/resource/GTEv8//GTExv8.EUR.Heart_Atrial_Appendage/ENSG00000164307.12.wgt.RDat	ENSG00000164307.12	5	96808099	96808100	0.3055	rs27038	7.01	rs27433	0.202551	8.11	6.499249	493	28	enet	0.25	2e-21	4.785992	1.7e-6
GTExv8.EUR.Heart_Atrial_Appendage	/media/kame/Data/_workings/resource/GTEv8//GTExv8.EUR.Heart_Atrial_Appendage/ENSG00000249996.1.wgt.RDat	ENSG00000249996.1	5	123036270	123036271	0.1873	rs3776181	-8.22	rs3776181	0.10398	-6.63	-8.219886	433	10	enet	0.13	2.3e-11	7.326075	2.37e-13
GTExv8.EUR.Heart_Atrial_Appendage	/media/kame/Data/_workings/resource/GTEv8//GTExv8.EUR.Heart_Atrial_Appendage/ENSG00000196670.13.wgt.RDat	ENSG00000196670.13	5	180861284	180861285	0.2984	rs2619758	-11	rs2619754	0.163252	7.79	-9.627177	347	23	enet	0.14	1.9e-12	-8.573047	1.01e-17
GTExv8.EUR.Heart_Atrial_Appendage	/media/kame/Data/_workings/resource/GTEv8//GTExv8.EUR.Heart_Atrial_Appendage/ENSG00000085382.11.wgt.RDat	ENSG00000085382.11	6	104859918	104859919	0.1297	rs314280	9.39	rs2499667	0.0957	-6.25	2.748936	374	21	enet	0.097	8.5e-9	-4.4851	7.29e-6
GTExv8.EUR.Heart_Atrial_Appendage	/media/kame/Data/_workings/resource/GTEv8//GTExv8.EUR.Heart_Atrial_Appendage/ENSG00000122687.17.wgt.RDat	ENSG00000122687.17	7	2242197	2242198	0.179	rs11773627	12.98	rs7787274	0.101547	5.98	5.92907	417	10	enet	0.087	5.7e-8	6.092713	1.11e-9
GTExv8.EUR.Heart_Atrial_Appendage	/media/kame/Data/_workings/resource/GTEv8//GTExv8.EUR.Heart_Atrial_Appendage/ENSG00000229358.3.wgt.RDat	ENSG00000229358.3	7	32755407	32755408	0.1532	rs716500	12.88	rs6462381	0.098919000000000007	-5.76	4.30431	416	26	enet	0.1	2.9e-9	-7.560112	4.03e-14
GTExv8.EUR.Heart_Atrial_Appendage	/media/kame/Data/_workings/resource/GTEv8//GTExv8.EUR.Heart_Atrial_Appendage/ENSG00000128617.2.wgt.RDat	ENSG00000128617.2	7	128775789	128775790	0.3333	rs11771587	-5.07	rs1044226	0.200082	8.13	4.79462	337	44	enet	0.21	3.7e-18	4.515593	6.31e-6
GTExv8.EUR.Heart_Atrial_Appendage	/media/kame/Data/_workings/resource/GTEv8//GTExv8.EUR.Heart_Atrial_Appendage/ENSG00000246430.6.wgt.RDat	ENSG00000246430.6	8	56559822	56559823	0.1572	rs7341548	7	rs2670027	0.1092	-6.44	6.735173	389	14	enet	0.081	1.5e-7	-5.77396	7.74e-9
GTExv8.EUR.Heart_Atrial_Appendage	/media/kame/Data/_workings/resource/GTEv8//GTExv8.EUR.Heart_Atrial_Appendage/ENSG00000251396.6.wgt.RDat	ENSG00000251396.6	8	60516794	60516795	0.0656	rs6471873	6.05	rs6471880	0.033896	4.28	3.607971	401	8	enet	-0.0025	0.64	4.93681	7.94e-7
GTExv8.EUR.Heart_Atrial_Appendage	/media/kame/Data/_workings/resource/GTEv8//GTExv8.EUR.Heart_Atrial_Appendage/ENSG00000123119.11.wgt.RDat	ENSG00000123119.11	8	90791632	90791633	0.169	rs10112439	9.25	rs4609161	0.029791	-4.43	-0.164945	303	12	enet	0.025	0.0029	5.01145	5.4e-7
GTExv8.EUR.Heart_Atrial_Appendage	/media/kame/Data/_workings/resource/GTEv8//GTExv8.EUR.Heart_Atrial_Appendage/ENSG00000155099.7.wgt.RDat	ENSG00000155099.7	8	91041063	91041064	0.0484	rs10112439	9.25	rs1386111	0.035328	4.26	5.211095	300	4	enet	0.036	4.1e-4	5.59095	2.26e-8
GTExv8.EUR.Heart_Atrial_Appendage	/media/kame/Data/_workings/resource/GTEv8//GTExv8.EUR.Heart_Atrial_Appendage/ENSG00000240590.1.wgt.RDat	ENSG00000240590.1	8	110105963	110105964	0.1025	rs13276609	8.07	rs13438990	0.00467	-3.72	-0.730881	281	19	enet	0.014	0.019	4.60991	4.03e-6
GTExv8.EUR.Heart_Atrial_Appendage	/media/kame/Data/_workings/resource/GTEv8//GTExv8.EUR.Heart_Atrial_Appendage/ENSG00000280303.2.wgt.RDat	ENSG00000280303.2	8	140636280	140636281	0.0507	rs938724	10.56	rs7824374	0.048379	4.61	5.520412	367	7	enet	0.018	0.0094	7.20219	5.93e-13
GTExv8.EUR.Heart_Atrial_Appendage	/media/kame/Data/_workings/resource/GTEv8//GTExv8.EUR.Heart_Atrial_Appendage/ENSG00000125485.17.wgt.RDat	ENSG00000125485.17	9	132670033	132670034	0.191	rs3739905	-7.74	rs11243850	0.080943	5.8	-7.68751	533	16	enet	0.077	3e-7	-5.79893	6.67e-9
GTExv8.EUR.Heart_Atrial_Appendage	/media/kame/Data/_workings/resource/GTEv8//GTExv8.EUR.Heart_Atrial_Appendage/ENSG00000169925.16.wgt.RDat	ENSG00000169925.16	9	134068534	134068535	0.1323	rs11789898	9.75	rs10993907	0.013072	-4.14	9.09888	589	11	enet	0.015	0.015	-4.67685	2.91e-6
GTExv8.EUR.Heart_Atrial_Appendage	/media/kame/Data/_workings/resource/GTEv8//GTExv8.EUR.Heart_Atrial_Appendage/ENSG00000152465.17.wgt.RDat	ENSG00000152465.17	10	15168692	15168693	0.1993	rs10906845	9.52	rs10906841	0.039701	-4.96	5.4	525	9	enet	0.065	2.5e-6	-6.07075	1.27e-9
GTExv8.EUR.Heart_Atrial_Appendage	/media/kame/Data/_workings/resource/GTEv8//GTExv8.EUR.Heart_Atrial_Appendage/ENSG00000187122.16.wgt.RDat	ENSG00000187122.16	10	97185919	97185920	0.2566	rs4919096	-12.39	rs701815	0.261242	9.15	-5.35	438	18	enet	0.26	1.8000000000000001e-22	-5.08482	3.68e-7
GTExv8.EUR.Heart_Atrial_Appendage	/media/kame/Data/_workings/resource/GTEv8//GTExv8.EUR.Heart_Atrial_Appendage/ENSG00000166441.12.wgt.RDat	ENSG00000166441.12	11	8682410	8682411	0.0896	rs2073685	8.35	rs2270958	0.00656	-3.8	6.460812	493	8	enet	0.0083	0.058	-5.63733	1.73e-8
GTExv8.EUR.Heart_Atrial_Appendage	/media/kame/Data/_workings/resource/GTEv8//GTExv8.EUR.Heart_Atrial_Appendage/ENSG00000165916.8.wgt.RDat	ENSG00000165916.8	11	47426472	47426473	0.0724	rs3729989	5.72	rs3729989	0.0614	-4.59	5.719271	288	15	enet	0.037	3.3e-4	-4.97214	6.62e-7
GTExv8.EUR.Heart_Atrial_Appendage	/media/kame/Data/_workings/resource/GTEv8//GTExv8.EUR.Heart_Atrial_Appendage/ENSG00000156599.10.wgt.RDat	ENSG00000156599.10	11	57667746	57667747	0.0773	rs7117205	16.44	rs10896632	0.0351	-4.42	8.687601	393	22	enet	0.028	0.0016	-9.88525	4.8199999999999994e-23
GTExv8.EUR.Heart_Atrial_Appendage	/media/kame/Data/_workings/resource/GTEv8//GTExv8.EUR.Heart_Atrial_Appendage/ENSG00000156603.15.wgt.RDat	ENSG00000156603.15	11	57712322	57712323	0.1887	rs7117205	16.44	rs7936998	0.152	-7.02	15.897229	386	26	enet	0.14	2.5e-12	-14.36396	8.71e-47
GTExv8.EUR.Heart_Atrial_Appendage	/media/kame/Data/_workings/resource/GTEv8//GTExv8.EUR.Heart_Atrial_Appendage/ENSG00000248746.5.wgt.RDat	ENSG00000248746.5	11	66546394	66546395	0.107	rs1253440	8.65	rs1815739	0.117	-6.21	7.708094	262	6	enet	0.066	2.1e-6	-7.32748	2.35e-13
GTExv8.EUR.Heart_Atrial_Appendage	/media/kame/Data/_workings/resource/GTEv8//GTExv8.EUR.Heart_Atrial_Appendage/ENSG00000149548.14.wgt.RDat	ENSG00000149548.14	11	124954120	124954121	0.147	rs1940171	-10.79	rs3809055	0.0178	3.73	4.242886	508	36	enet	0.0065	0.081	7.37219	1.68e-13
GTExv8.EUR.Heart_Atrial_Appendage	/media/kame/Data/_workings/resource/GTEv8//GTExv8.EUR.Heart_Atrial_Appendage/ENSG00000255455.2.wgt.RDat	ENSG00000255455.2	11	130870246	130870247	0.134	rs3751039	7.36	rs12365680	0.065	-5.3	6.022109	646	15	enet	0.034	5.4e-4	-6.09018	1.13e-9
GTExv8.EUR.Heart_Atrial_Appendage	/media/kame/Data/_workings/resource/GTEv8//GTExv8.EUR.Heart_Atrial_Appendage/ENSG00000102189.16.wgt.RDat	ENSG00000102189.16	12	92929330	92929331	0.0518	rs6538364	11.91	rs7980123	0.04971	-4.48	11.778626	436	7	enet	0.021	0.0054	-11.7	8.9e-32
GTExv8.EUR.Heart_Atrial_Appendage	/media/kame/Data/_workings/resource/GTEv8//GTExv8.EUR.Heart_Atrial_Appendage/ENSG00000275759.1.wgt.RDat	ENSG00000275759.1	12	118428280	118428281	0.3572	rs17512609	11.58	rs17512609	0.277227	-9.85	11.581894	447	58	enet	0.39	4.0999999999999995e-36	-6.58	4.72e-11
GTExv8.EUR.Heart_Atrial_Appendage	/media/kame/Data/_workings/resource/GTEv8//GTExv8.EUR.Heart_Atrial_Appendage/ENSG00000275409.1.wgt.RDat	ENSG00000275409.1	12	118430146	118430147	0.1055	rs17512609	11.58	rs17619932	0.065044	-5	9.421401	448	9	enet	0.046	7.3e-5	-8.48	2.33e-17
GTExv8.EUR.Heart_Atrial_Appendage	/media/kame/Data/_workings/resource/GTEv8//GTExv8.EUR.Heart_Atrial_Appendage/ENSG00000005812.10.wgt.RDat	ENSG00000005812.10	13	77027194	77027195	0.0743	rs9530617	-7.17	rs9544420	0.01928	-4.53	-5.99521	441	14	enet	0.008	0.061	4.658077	3.19e-6
GTExv8.EUR.Heart_Atrial_Appendage	/media/kame/Data/_workings/resource/GTEv8//GTExv8.EUR.Heart_Atrial_Appendage/ENSG00000128944.13.wgt.RDat	ENSG00000128944.13	15	40382720	40382721	0.7005	rs17672041	4.75	rs17671250	0.586512	13.64	4.68	391	7	enet	0.58	1.8e-61	4.67744	2.9e-6
GTExv8.EUR.Heart_Atrial_Appendage	/media/kame/Data/_workings/resource/GTEv8//GTExv8.EUR.Heart_Atrial_Appendage/ENSG00000197361.7.wgt.RDat	ENSG00000197361.7	15	63597352	63597353	0.1651	rs17772465	11.75	rs11852815	0.124441	-6.46	4.56	382	7	enet	0.1	5e-9	-4.68473	2.8e-6
GTExv8.EUR.Heart_Atrial_Appendage	/media/kame/Data/_workings/resource/GTEv8//GTExv8.EUR.Heart_Atrial_Appendage/ENSG00000103599.19.wgt.RDat	ENSG00000103599.19	15	67254799	67254800	0.0878	rs2286664	14.79	rs12910062	0.04119	-4.79	3.38	483	16	enet	0.024	0.0033	-5.65961	1.52e-8
GTExv8.EUR.Heart_Atrial_Appendage	/media/kame/Data/_workings/resource/GTEv8//GTExv8.EUR.Heart_Atrial_Appendage/ENSG00000137764.19.wgt.RDat	ENSG00000137764.19	15	67542708	67542709	0.2977	rs2286664	14.79	rs4776361	0.250098	-9.42	14.2	409	27	enet	0.28	3.9e-24	-10.56199	4.47e-26
GTExv8.EUR.Heart_Atrial_Appendage	/media/kame/Data/_workings/resource/GTEv8//GTExv8.EUR.Heart_Atrial_Appendage/ENSG00000188779.10.wgt.RDat	ENSG00000188779.10	15	67819703	67819704	0.0877	rs2286664	14.79	rs16951304	0.008043	-4.32	11.7	350	24	enet	0.0058	0.093	-6.25189	4.06e-10
GTExv8.EUR.Heart_Atrial_Appendage	/media/kame/Data/_workings/resource/GTEv8//GTExv8.EUR.Heart_Atrial_Appendage/ENSG00000067221.13.wgt.RDat	ENSG00000067221.13	15	73994621	73994622	0.2216	rs10162627	-6.24	rs11636016	0.178126	8.37	-4.49	402	11	enet	0.21	3.2e-18	-4.81766	1.45e-6
GTExv8.EUR.Heart_Atrial_Appendage	/media/kame/Data/_workings/resource/GTEv8//GTExv8.EUR.Heart_Atrial_Appendage/ENSG00000169594.13.wgt.RDat	ENSG00000169594.13	15	83284713	83284714	0.0567	rs12441907	-11.15	rs11858468	0.030052	4.17	-7.14	348	7	enet	0.021	0.0057	-5.37475	7.67e-8
GTExv8.EUR.Heart_Atrial_Appendage	/media/kame/Data/_workings/resource/GTEv8//GTExv8.EUR.Heart_Atrial_Appendage/ENSG00000205078.5.wgt.RDat	ENSG00000205078.5	16	77206440	77206441	0.3814	rs7186803	12.6	rs11865641	0.339	10.4	6.502878	726	12	enet	0.33	3e-29	4.82	1.45e-6
GTExv8.EUR.Heart_Atrial_Appendage	/media/kame/Data/_workings/resource/GTEv8//GTExv8.EUR.Heart_Atrial_Appendage/ENSG00000129993.14.wgt.RDat	ENSG00000129993.14	16	88977203	88977204	0.0684	rs488251	-6.44	rs1673932	0.0582	-5.02	-5.8281790000000004	438	8	enet	0.022	0.005	5.27	1.34e-7
GTExv8.EUR.Heart_Atrial_Appendage	/media/kame/Data/_workings/resource/GTEv8//GTExv8.EUR.Heart_Atrial_Appendage/ENSG00000185324.21.wgt.RDat	ENSG00000185324.21	16	89680736	89680737	0.6417	rs12924572	-7.53	rs1805008	0.23	-10.38	-2.977068	417	17	enet	0.41	1.3000000000000001e-37	5.62	1.94e-8
GTExv8.EUR.Heart_Atrial_Appendage	/media/kame/Data/_workings/resource/GTEv8//GTExv8.EUR.Heart_Atrial_Appendage/ENSG00000272911.1.wgt.RDat	ENSG00000272911.1	17	2688472	2688473	0.1901	rs2240730	-13	rs1109451	0.102463	-5.94	-12.1	437	11	enet	0.098	8.1e-9	6.95391	3.55e-12
GTExv8.EUR.Heart_Atrial_Appendage	/media/kame/Data/_workings/resource/GTEv8//GTExv8.EUR.Heart_Atrial_Appendage/ENSG00000262050.1.wgt.RDat	ENSG00000262050.1	17	2712308	2712309	0.0975	rs2240730	-13	rs11656227	-8.79e-4	3.3	-0.0874	441	21	enet	0.0014	0.23	-5.62522	1.85e-8
GTExv8.EUR.Heart_Atrial_Appendage	/media/kame/Data/_workings/resource/GTEv8//GTExv8.EUR.Heart_Atrial_Appendage/ENSG00000277200.1.wgt.RDat	ENSG00000277200.1	17	2723946	2723947	0.3083	rs2240730	-13	rs7212318	0.02855	-5.65	1.17	446	21	enet	0.13	2.1e-11	5.9874	2.13e-9
GTExv8.EUR.Heart_Atrial_Appendage	/media/kame/Data/_workings/resource/GTEv8//GTExv8.EUR.Heart_Atrial_Appendage/ENSG00000170222.11.wgt.RDat	ENSG00000170222.11	17	10697593	10697594	0.1136	rs421541	-7.64	rs9904211	0.064028	5.1	-6.37	493	13	enet	0.034	5.4e-4	-6.55973	5.39e-11
GTExv8.EUR.Heart_Atrial_Appendage	/media/kame/Data/_workings/resource/GTEv8//GTExv8.EUR.Heart_Atrial_Appendage/ENSG00000133028.10.wgt.RDat	ENSG00000133028.10	17	10698374	10698375	0.1511	rs421541	-7.64	rs8075503	0.104889	5.86	-5.43	493	28	enet	0.036	3.9e-4	-6.2481	4.15e-10
GTExv8.EUR.Heart_Atrial_Appendage	/media/kame/Data/_workings/resource/GTEv8//GTExv8.EUR.Heart_Atrial_Appendage/ENSG00000187824.8.wgt.RDat	ENSG00000187824.8	17	10730315	10730316	0.1316	rs421541	-7.64	rs9898817	0.148414	-6.9	-6.98	490	7	enet	0.13	1.3e-11	6.76004	1.38e-11
GTExv8.EUR.Heart_Atrial_Appendage	/media/kame/Data/_workings/resource/GTEv8//GTExv8.EUR.Heart_Atrial_Appendage/ENSG00000263874.2.wgt.RDat	ENSG00000263874.2	17	38925167	38925168	0.4907	rs649997	-13.1	rs573556	0.189014	-7.85	-2.31	356	21	enet	0.29	1.8e-25	9.29286	1.5e-20
GTExv8.EUR.Heart_Atrial_Appendage	/media/kame/Data/_workings/resource/GTEv8//GTExv8.EUR.Heart_Atrial_Appendage/ENSG00000108797.11.wgt.RDat	ENSG00000108797.11	17	42683917	42683918	0.0907	rs12453256	-6.33	rs2676531	0.069539	-5.92	-4.95	266	11	enet	0.082	1.3e-7	4.49289	7.03e-6
GTExv8.EUR.Heart_Atrial_Appendage	/media/kame/Data/_workings/resource/GTEv8//GTExv8.EUR.Heart_Atrial_Appendage/ENSG00000136448.11.wgt.RDat	ENSG00000136448.11	17	45051661	45051662	0.2179	rs7217321	-8.12	rs6503422	0.160845	7.39	-4.44	326	8	enet	0.15	1e-12	-4.98551	6.18e-7
GTExv8.EUR.Heart_Atrial_Appendage	/media/kame/Data/_workings/resource/GTEv8//GTExv8.EUR.Heart_Atrial_Appendage/ENSG00000262539.1.wgt.RDat	ENSG00000262539.1	17	46260605	46260606	0.4634	rs199456	-23.99	rs17689471	0.559191	13.58	-15.6	66	24	enet	0.57	5.3e-59	-19.57719	2.4200000000000002e-85
GTExv8.EUR.Heart_Atrial_Appendage	/media/kame/Data/_workings/resource/GTEv8//GTExv8.EUR.Heart_Atrial_Appendage/ENSG00000261575.2.wgt.RDat	ENSG00000261575.2	17	46267036	46267037	0.1648	rs199456	-23.99	rs17689471	0.141877	6.94	-15.6	66	24	enet	0.15	3.4e-13	-16.13646	1.41e-58
GTExv8.EUR.Heart_Atrial_Appendage	/media/kame/Data/_workings/resource/GTEv8//GTExv8.EUR.Heart_Atrial_Appendage/ENSG00000228696.8.wgt.RDat	ENSG00000228696.8	17	46361796	46361797	0.5797	rs199456	-23.99	rs17698176	0.047369	4.85	-0.403	61	27	enet	0.19	3.7e-16	-10.58041	3.67e-26
GTExv8.EUR.Heart_Atrial_Appendage	/media/kame/Data/_workings/resource/GTEv8//GTExv8.EUR.Heart_Atrial_Appendage/ENSG00000238083.7.wgt.RDat	ENSG00000238083.7	17	46511510	46511511	0.538	rs199456	-23.99	rs169201	0.437005	12.07	-23.8	136	31	enet	0.5	9.1e-49	-19.41382	5.9e-84
GTExv8.EUR.Heart_Atrial_Appendage	/media/kame/Data/_workings/resource/GTEv8//GTExv8.EUR.Heart_Atrial_Appendage/ENSG00000185829.17.wgt.RDat	ENSG00000185829.17	17	46579681	46579682	0.4349	rs199456	-23.99	rs17692129	0.255338	-9.16	-0.248	143	24	enet	0.29	1.0999999999999999e-25	-5.92141	3.19e-9
GTExv8.EUR.Heart_Atrial_Appendage	/media/kame/Data/_workings/resource/GTEv8//GTExv8.EUR.Heart_Atrial_Appendage/ENSG00000073969.18.wgt.RDat	ENSG00000073969.18	17	46590668	46590669	0.2484	rs199456	-23.99	rs35732828	0.08907	6.04	2.47	147	11	enet	0.088	4.8e-8	5.78585	7.21e-9
GTExv8.EUR.Heart_Atrial_Appendage	/media/kame/Data/_workings/resource/GTEv8//GTExv8.EUR.Heart_Atrial_Appendage/ENSG00000108379.9.wgt.RDat	ENSG00000108379.9	17	46833057	46833058	0.0847	rs199456	-23.99	rs199498	0.052221	5.09	-16.4	257	19	enet	0.033	6.8e-4	-11.58888	4.69e-31
GTExv8.EUR.Heart_Atrial_Appendage	/media/kame/Data/_workings/resource/GTEv8//GTExv8.EUR.Heart_Atrial_Appendage/ENSG00000105576.15.wgt.RDat	ENSG00000105576.15	19	12724010	12724011	0.1411	rs2303731	-7.68	rs722572	0.0767	5.72	-5.409339	296	11	enet	0.063	3.7e-6	-5.050531	4.41e-7
GTExv8.EUR.Heart_Atrial_Appendage	/media/kame/Data/_workings/resource/GTEv8//GTExv8.EUR.Heart_Atrial_Appendage/ENSG00000213996.12.wgt.RDat	ENSG00000213996.12	19	19273390	19273391	0.1028	rs10415849	-10.44	rs769267	0.0704	6	-4.304218	357	16	enet	0.065	2.6e-6	-5.575951	2.46e-8
GTExv8.EUR.Heart_Atrial_Appendage	/media/kame/Data/_workings/resource/GTEv8//GTExv8.EUR.Heart_Atrial_Appendage/ENSG00000161618.9.wgt.RDat	ENSG00000161618.9	19	49453168	49453169	0.4188	rs7258719	8.48	rs10853810	0.303	-9.88	-1.084492	370	18	enet	0.37	1.9999999999999998e-33	4.83109	1.36e-6
GTExv8.EUR.Heart_Atrial_Appendage	/media/kame/Data/_workings/resource/GTEv8//GTExv8.EUR.Heart_Atrial_Appendage/ENSG00000240225.10.wgt.RDat	ENSG00000240225.10	19	56368098	56368099	0.3474	rs8101140	-5.54	rs2288856	0.232	8.79	-4.906683	538	15	enet	0.21	3.2e-18	-5.378296	7.52e-8
GTExv8.EUR.Heart_Atrial_Appendage	/media/kame/Data/_workings/resource/GTEv8//GTExv8.EUR.Heart_Atrial_Appendage/ENSG00000185917.13.wgt.RDat	ENSG00000185917.13	21	36079388	36079389	0.136	rs11701590	-5.39	rs2835241	0.099459	-5.75	-4.794528	502	6	enet	0.082	1.4e-7	4.7054	2.53e-6
