PANEL	FILE	ID	CHR	P0	P1	HSQ	BEST.GWAS.ID	BEST.GWAS.Z	EQTL.ID	EQTL.R2	EQTL.Z	EQTL.GWAS.Z	NSNP	NWGT	MODEL	MODELCV.R2	MODELCV.PV	TWAS.Z	TWAS.P
GTExv8.EUR.Pituitary	/media/kame/Data/_workings/resource/GTEv8//GTExv8.EUR.Pituitary/ENSG00000157330.9.wgt.RDat	ENSG00000157330.9	1	12746214	12746215	0.0907	rs1008477	-7.12	rs1018386	0.050061	-3.72	-6.79	211	10	enet	0.024	0.012	4.8	1.57e-6
GTExv8.EUR.Pituitary	/media/kame/Data/_workings/resource/GTEv8//GTExv8.EUR.Pituitary/ENSG00000204084.12.wgt.RDat	ENSG00000204084.12	1	37947056	37947057	0.3725	rs573744	9.24	rs2306627	0.279282	7.87	7.35	455	19	enet	0.19	5.3e-12	6.04	1.5e-9
GTExv8.EUR.Pituitary	/media/kame/Data/_workings/resource/GTEv8//GTExv8.EUR.Pituitary/ENSG00000143603.18.wgt.RDat	ENSG00000143603.18	1	154870279	154870280	0.2965	rs4845681	13.15	rs4845681	0.151397	6.2	13.2	416	31	enet	0.11	4.9e-7	9.17	4.78e-20
GTExv8.EUR.Pituitary	/media/kame/Data/_workings/resource/GTEv8//GTExv8.EUR.Pituitary/ENSG00000163354.14.wgt.RDat	ENSG00000163354.14	1	155033780	155033781	0.2478	rs4845681	13.15	rs10908452	0.125782	-6.53	8.41	377	11	enet	0.14	3.7e-9	-7.48	7.44e-14
GTExv8.EUR.Pituitary	/media/kame/Data/_workings/resource/GTEv8//GTExv8.EUR.Pituitary/ENSG00000232093.1.wgt.RDat	ENSG00000232093.1	1	155046117	155046118	0.1282	rs4845681	13.15	rs7553195	0.059477	-4.17	11.3	377	3	enet	0.02	0.02	-11.3	1.62e-29
GTExv8.EUR.Pituitary	/media/kame/Data/_workings/resource/GTEv8//GTExv8.EUR.Pituitary/ENSG00000198700.9.wgt.RDat	ENSG00000198700.9	1	201834953	201834954	0.1822	rs12562614	9.18	rs6701026	0.004139	-4.15	7.5	538	2	enet	0.0032	0.19	-7.57	3.86e-14
GTExv8.EUR.Pituitary	/media/kame/Data/_workings/resource/GTEv8//GTExv8.EUR.Pituitary/ENSG00000143801.16.wgt.RDat	ENSG00000143801.16	1	226870183	226870184	0.0957	rs7534366	7.93	rs6759	0.086904	-4.67	7.44	493	4	enet	0.052	3.8e-4	-7.4	1.34e-13
GTExv8.EUR.Pituitary	/media/kame/Data/_workings/resource/GTEv8//GTExv8.EUR.Pituitary/ENSG00000272195.1.wgt.RDat	ENSG00000272195.1	1	244971087	244971088	0.4194	rs1196366	6.6	rs2291426	0.445036	-9.86	6.29	462	15	enet	0.44	1.5999999999999999e-29	-4.6	4.2e-6
GTExv8.EUR.Pituitary	/media/kame/Data/_workings/resource/GTEv8//GTExv8.EUR.Pituitary/ENSG00000224165.5.wgt.RDat	ENSG00000224165.5	2	24971389	24971390	0.1456	rs713587	10.96	rs1172294	0.113618	-5.23	10.3	322	14	enet	0.092	2.9e-6	-9.10705	8.47e-20
GTExv8.EUR.Pituitary	/media/kame/Data/_workings/resource/GTEv8//GTExv8.EUR.Pituitary/ENSG00000115137.11.wgt.RDat	ENSG00000115137.11	2	24972093	24972094	0.093	rs713587	10.96	rs6546199	0.00395	3.59	-4.23	322	14	enet	0.042	0.0013	-5.42304	5.86e-8
GTExv8.EUR.Pituitary	/media/kame/Data/_workings/resource/GTEv8//GTExv8.EUR.Pituitary/ENSG00000119787.13.wgt.RDat	ENSG00000119787.13	2	38377284	38377285	0.2193	rs6724418	6.76	rs4670861	0.12411	-5.81	5.62	475	9	enet	0.1	9.7e-7	-5.2216	1.77e-7
GTExv8.EUR.Pituitary	/media/kame/Data/_workings/resource/GTEv8//GTExv8.EUR.Pituitary/ENSG00000270820.5.wgt.RDat	ENSG00000270820.5	2	61471187	61471188	0.229	rs7591402	9.81	rs766447	0.081685	-5.43	-3.2	298	41	enet	0.13	1.3e-8	4.97552	6.51e-7
GTExv8.EUR.Pituitary	/media/kame/Data/_workings/resource/GTEv8//GTExv8.EUR.Pituitary/ENSG00000227403.1.wgt.RDat	ENSG00000227403.1	2	161244738	161244739	0.498	rs1114338	10.14	rs10930013	0.332452	-8.71	5.85	385	13	enet	0.34	1.6e-21	-4.76092	1.93e-6
GTExv8.EUR.Pituitary	/media/kame/Data/_workings/resource/GTEv8//GTExv8.EUR.Pituitary/ENSG00000144401.14.wgt.RDat	ENSG00000144401.14	2	207625927	207625928	0.2139	rs2952769	-7.69	rs2551971	0.1563	-6.23	-7.5	404	20	enet	0.15	1.5e-9	7.03844	1.94e-12
GTExv8.EUR.Pituitary	/media/kame/Data/_workings/resource/GTEv8//GTExv8.EUR.Pituitary/ENSG00000115556.13.wgt.RDat	ENSG00000115556.13	2	218607764	218607765	0.0622	rs13023540	15.13	rs10165754	0.020751	3.6	-4.6	365	1	enet	-0.0027	0.52	-4.59692	4.29e-6
GTExv8.EUR.Pituitary	/media/kame/Data/_workings/resource/GTEv8//GTExv8.EUR.Pituitary/ENSG00000163482.11.wgt.RDat	ENSG00000163482.11	2	218672740	218672741	0.059	rs13023540	14.39	rs13023540	0.04376	4.53	14.4	373	22	enet	0.021	0.017	12.95061	2.3299999999999998e-38
GTExv8.EUR.Pituitary	/media/kame/Data/_workings/resource/GTEv8//GTExv8.EUR.Pituitary/ENSG00000186162.10.wgt.RDat	ENSG00000186162.10	3	10026364	10026365	0.1665	rs7626117	-8.58	rs279545	0.145758	5.79	-7.579079	527	14	enet	0.1	1e-6	-6.894919	5.39e-12
GTExv8.EUR.Pituitary	/media/kame/Data/_workings/resource/GTEv8//GTExv8.EUR.Pituitary/ENSG00000182568.16.wgt.RDat	ENSG00000182568.16	3	18445587	18445588	0.2127	rs336605	6.96	rs6550461	0.121004	5.39	6.545803	363	12	enet	0.068	5.3e-5	6.657758	2.78e-11
GTExv8.EUR.Pituitary	/media/kame/Data/_workings/resource/GTEv8//GTExv8.EUR.Pituitary/ENSG00000113946.3.wgt.RDat	ENSG00000113946.3	3	190322540	190322541	0.1565	rs6780419	-5.81	rs7641462	0.019994	-4.01	-3.748492	558	5	enet	0.005	0.15	4.537256	5.7e-6
GTExv8.EUR.Pituitary	/media/kame/Data/_workings/resource/GTEv8//GTExv8.EUR.Pituitary/ENSG00000119231.10.wgt.RDat	ENSG00000119231.10	3	196867855	196867856	0.2284	rs2089979	5.25	rs555582	0.148286	5.8	-5.011807	429	5	enet	0.12	1.2e-7	-4.979171	6.39e-7
GTExv8.EUR.Pituitary	/media/kame/Data/_workings/resource/GTEv8//GTExv8.EUR.Pituitary/ENSG00000230732.4.wgt.RDat	ENSG00000230732.4	3	196912645	196912646	0.1414	rs2089979	5.25	rs555582	0.039211	4.57	-5.011807	445	4	enet	0.052	3.7e-4	-4.61471	3.94e-6
GTExv8.EUR.Pituitary	/media/kame/Data/_workings/resource/GTEv8//GTExv8.EUR.Pituitary/ENSG00000033178.12.wgt.RDat	ENSG00000033178.12	4	67701178	67701179	0.3157	rs1038432	6.04	rs4860262	0.245221	-7.59	4.81862	400	18	enet	0.22	1.3e-13	-4.73323	2.21e-6
GTExv8.EUR.Pituitary	/media/kame/Data/_workings/resource/GTEv8//GTExv8.EUR.Pituitary/ENSG00000164366.3.wgt.RDat	ENSG00000164366.3	5	218214	218215	0.1471	rs2115275	6.92	rs9763161	0.09356	5.15	6.83445	289	12	enet	0.086	6.4e-6	4.96396	6.91e-7
GTExv8.EUR.Pituitary	/media/kame/Data/_workings/resource/GTEv8//GTExv8.EUR.Pituitary/ENSG00000152942.18.wgt.RDat	ENSG00000152942.18	5	69370013	69370014	0.1777	rs2010352	-10.1	rs7707347	0.01986	3.65	1.29892	227	123	enet	0.038	0.0023	9.1886	3.98e-20
GTExv8.EUR.Pituitary	/media/kame/Data/_workings/resource/GTEv8//GTExv8.EUR.Pituitary/ENSG00000250328.5.wgt.RDat	ENSG00000250328.5	5	122479086	122479087	0.1799	rs6868061	8.45	rs6868061	0.12942	-5.6	8.45256	338	14	enet	0.098	1.3e-6	-7.26716	3.67e-13
GTExv8.EUR.Pituitary	/media/kame/Data/_workings/resource/GTEv8//GTExv8.EUR.Pituitary/ENSG00000184347.14.wgt.RDat	ENSG00000184347.14	5	169301128	169301129	0.2125	rs3734099	-11.03	rs1592818	0.0579	4.26	4.95032	598	20	enet	0.0098	0.077	4.55124	5.33e-6
GTExv8.EUR.Pituitary	/media/kame/Data/_workings/resource/GTEv8//GTExv8.EUR.Pituitary/ENSG00000187772.7.wgt.RDat	ENSG00000187772.7	6	104936849	104936850	0.2698	rs314280	9.39	rs314286	0.214	7.15	7.699083	375	23	enet	0.18	3.4e-11	7.09884	1.26e-12
GTExv8.EUR.Pituitary	/media/kame/Data/_workings/resource/GTEv8//GTExv8.EUR.Pituitary/ENSG00000198945.7.wgt.RDat	ENSG00000198945.7	6	130013698	130013699	0.502	rs9375683	8.34	rs6569648	0.412	9.53	-6.298733	561	16	enet	0.4	3.9999999999999996e-26	-6.83491	8.21e-12
GTExv8.EUR.Pituitary	/media/kame/Data/_workings/resource/GTEv8//GTExv8.EUR.Pituitary/ENSG00000176349.11.wgt.RDat	ENSG00000176349.11	7	1838585	1838586	0.1079	rs11773627	12.98	rs6951956	0.0348	4.85	10.888732	355	8	enet	0.04	0.0018	5.52492	3.3e-8
GTExv8.EUR.Pituitary	/media/kame/Data/_workings/resource/GTEv8//GTExv8.EUR.Pituitary/ENSG00000122687.17.wgt.RDat	ENSG00000122687.17	7	2242197	2242198	0.2753	rs11773627	12.98	rs6461233	0.224	7.46	6.117845	415	17	enet	0.18	3.8e-11	5.17202	2.32e-7
GTExv8.EUR.Pituitary	/media/kame/Data/_workings/resource/GTEv8//GTExv8.EUR.Pituitary/ENSG00000127948.15.wgt.RDat	ENSG00000127948.15	7	75899199	75899200	0.1038	rs9800948	10.45	rs10085567	0.0543	4.8	9.177013	304	11	enet	0.061	1.3e-4	5.35673	8.47e-8
GTExv8.EUR.Pituitary	/media/kame/Data/_workings/resource/GTEv8//GTExv8.EUR.Pituitary/ENSG00000184647.10.wgt.RDat	ENSG00000184647.10	8	10525545	10525546	0.1663	rs11249991	7.22	rs6601475	0.139813	5.95	5.737698	714	17	enet	0.11	1.6e-7	5.0105	5.43e-7
GTExv8.EUR.Pituitary	/media/kame/Data/_workings/resource/GTEv8//GTExv8.EUR.Pituitary/ENSG00000232630.1.wgt.RDat	ENSG00000232630.1	9	125150652	125150653	0.1238	rs391957	11.41	rs12009	0.007535	4.54	7.81251	307	25	enet	0.044	9.9e-4	4.785931	1.7e-6
GTExv8.EUR.Pituitary	/media/kame/Data/_workings/resource/GTEv8//GTExv8.EUR.Pituitary/ENSG00000228510.2.wgt.RDat	ENSG00000228510.2	9	128444586	128444587	0.2454	rs7023913	-4.97	rs2807622	0.243093	-7.32	-4.59863	283	8	enet	0.2	1.4e-12	4.716533	2.4e-6
GTExv8.EUR.Pituitary	/media/kame/Data/_workings/resource/GTEv8//GTExv8.EUR.Pituitary/ENSG00000213390.10.wgt.RDat	ENSG00000213390.10	10	97292672	97292673	0.1527	rs4919096	-12.39	rs10786321	0.044597	-4.46	-9.499291	446	18	enet	0.083	8.7e-6	6.304669	2.89e-10
GTExv8.EUR.Pituitary	/media/kame/Data/_workings/resource/GTEv8//GTExv8.EUR.Pituitary/ENSG00000134824.13.wgt.RDat	ENSG00000134824.13	11	61816255	61816256	0.2469	rs12791961	-10.08	rs174579	0.131	5.87	-3.64456	415	14	enet	0.16	7.9e-10	-4.60493	4.13e-6
GTExv8.EUR.Pituitary	/media/kame/Data/_workings/resource/GTEv8//GTExv8.EUR.Pituitary/ENSG00000174080.10.wgt.RDat	ENSG00000174080.10	11	66568840	66568841	0.3429	rs1253440	8.65	rs1815739	0.286	-7.91	7.708094	256	12	enet	0.26	2.1e-16	-5.45908	4.79e-8
GTExv8.EUR.Pituitary	/media/kame/Data/_workings/resource/GTEv8//GTExv8.EUR.Pituitary/ENSG00000256757.1.wgt.RDat	ENSG00000256757.1	11	113405320	113405321	0.0858	rs4245150	19.1	rs11214598	0.0835	-4.72	5.185034	512	22	enet	0.041	0.0015	-5.97969	2.24e-9
GTExv8.EUR.Pituitary	/media/kame/Data/_workings/resource/GTEv8//GTExv8.EUR.Pituitary/ENSG00000149548.14.wgt.RDat	ENSG00000149548.14	11	124954120	124954121	0.2648	rs1940171	-10.79	rs3809055	0.118	5.55	4.242886	508	21	enet	0.13	2.4e-8	6.36756	1.92e-10
GTExv8.EUR.Pituitary	/media/kame/Data/_workings/resource/GTEv8//GTExv8.EUR.Pituitary/ENSG00000139620.12.wgt.RDat	ENSG00000139620.12	12	48682237	48682238	0.3622	rs10875867	-7.33	rs7304711	0.199384	7.05	-2.943596	378	17	enet	0.22	1.9e-13	-4.66409	3.1e-6
GTExv8.EUR.Pituitary	/media/kame/Data/_workings/resource/GTEv8//GTExv8.EUR.Pituitary/ENSG00000278126.1.wgt.RDat	ENSG00000278126.1	12	51202580	51202581	0.4499	rs4761995	6.14	rs6580806	0.248672	-7.54	-3.314512	401	31	enet	0.25	8.9e-16	4.65847	3.19e-6
GTExv8.EUR.Pituitary	/media/kame/Data/_workings/resource/GTEv8//GTExv8.EUR.Pituitary/ENSG00000258035.1.wgt.RDat	ENSG00000258035.1	12	94186043	94186044	0.1739	rs11107458	9.44	rs12425752	0.085763	4.83	8.053465	616	21	enet	0.034	0.0037	5.37571	7.63e-8
GTExv8.EUR.Pituitary	/media/kame/Data/_workings/resource/GTEv8//GTExv8.EUR.Pituitary/ENSG00000151148.13.wgt.RDat	ENSG00000151148.13	12	109477544	109477545	0.1003	rs7313797	13.27	rs7956536	0.019776	-4.3	10.316663	426	12	enet	0.044	0.001	-5.25482	1.48e-7
GTExv8.EUR.Pituitary	/media/kame/Data/_workings/resource/GTEv8//GTExv8.EUR.Pituitary/ENSG00000139428.11.wgt.RDat	ENSG00000139428.11	12	109573873	109573874	0.1698	rs7313797	13.27	rs4766471	0.075558	-4.28	7.455283	438	21	enet	0.098	1.5e-6	-5.6676	1.45e-8
GTExv8.EUR.Pituitary	/media/kame/Data/_workings/resource/GTEv8//GTExv8.EUR.Pituitary/ENSG00000277873.1.wgt.RDat	ENSG00000277873.1	12	118025517	118025518	0.214	rs17512609	11.58	rs428073	-0.00428	-3.76	3.241873	557	49	enet	0.0012	0.26	-5.37878	7.5e-8
GTExv8.EUR.Pituitary	/media/kame/Data/_workings/resource/GTEv8//GTExv8.EUR.Pituitary/ENSG00000275759.1.wgt.RDat	ENSG00000275759.1	12	118428280	118428281	0.1831	rs17512609	11.58	rs17512574	0.184402	-6.91	11.038999	447	18	enet	0.17	1.3e-10	-10.63759	1.99e-26
GTExv8.EUR.Pituitary	/media/kame/Data/_workings/resource/GTEv8//GTExv8.EUR.Pituitary/ENSG00000102710.19.wgt.RDat	ENSG00000102710.19	13	37059712	37059713	0.1492	rs9547713	6.28	rs9547713	0.06802	4.87	6.284768	528	24	enet	0.074	2.7e-5	4.6414	3.46e-6
GTExv8.EUR.Pituitary	/media/kame/Data/_workings/resource/GTEv8//GTExv8.EUR.Pituitary/ENSG00000227676.3.wgt.RDat	ENSG00000227676.3	13	79566726	79566727	0.2814	rs7994255	9.38	rs1475797	0.27418	7.92	5.477481	371	21	enet	0.26	3.4e-16	5.3541	8.6e-8
GTExv8.EUR.Pituitary	/media/kame/Data/_workings/resource/GTEv8//GTExv8.EUR.Pituitary/ENSG00000128944.13.wgt.RDat	ENSG00000128944.13	15	40382720	40382721	0.7367	rs17672041	4.75	rs17671250	0.624	11.67	4.682765	391	12	enet	0.63	1.8999999999999997e-48	4.68906	2.74e-6
GTExv8.EUR.Pituitary	/media/kame/Data/_workings/resource/GTEv8//GTExv8.EUR.Pituitary/ENSG00000259248.5.wgt.RDat	ENSG00000259248.5	15	63601294	63601295	0.1103	rs17772465	11.75	rs17766325	0.032	-4.43	11.63583	380	7	enet	0.036	0.0029	-7.94407	1.96e-15
GTExv8.EUR.Pituitary	/media/kame/Data/_workings/resource/GTEv8//GTExv8.EUR.Pituitary/ENSG00000090487.10.wgt.RDat	ENSG00000090487.10	15	64990309	64990310	0.2598	rs6494509	6.13	rs4128936	0.166	-6.33	5.625496	304	10	enet	0.17	2e-10	-5.00342	5.63e-7
GTExv8.EUR.Pituitary	/media/kame/Data/_workings/resource/GTEv8//GTExv8.EUR.Pituitary/ENSG00000137764.19.wgt.RDat	ENSG00000137764.19	15	67542708	67542709	0.1425	rs2286664	14.79	rs4776361	0.101	-5.41	14.20409	409	43	enet	0.081	1.1e-5	-11.4149	3.52e-30
GTExv8.EUR.Pituitary	/media/kame/Data/_workings/resource/GTEv8//GTExv8.EUR.Pituitary/ENSG00000188779.10.wgt.RDat	ENSG00000188779.10	15	67819703	67819704	0.2663	rs2286664	14.79	rs884202	0.147	-6.75	3.993425	338	16	enet	0.17	8.2e-11	-4.78377	1.72e-6
GTExv8.EUR.Pituitary	/media/kame/Data/_workings/resource/GTEv8//GTExv8.EUR.Pituitary/ENSG00000067221.13.wgt.RDat	ENSG00000067221.13	15	73994621	73994622	0.1829	rs10162627	-6.24	rs2304718	0.15	6.18	-4.694598	401	9	enet	0.15	1.7e-9	-4.95712	7.15e-7
GTExv8.EUR.Pituitary	/media/kame/Data/_workings/resource/GTEv8//GTExv8.EUR.Pituitary/ENSG00000103876.11.wgt.RDat	ENSG00000103876.11	15	80152489	80152490	0.3891	rs7180958	-9.69	rs1030865	0.3	8.29	-8.375535	515	16	enet	0.29	2.7e-18	-8.36367	6.08e-17
GTExv8.EUR.Pituitary	/media/kame/Data/_workings/resource/GTEv8//GTExv8.EUR.Pituitary/ENSG00000259404.5.wgt.RDat	ENSG00000259404.5	15	84080167	84080168	0.5335	rs1480821	-5.77	rs12910334	0.194	6.7	-4.836119	206	28	enet	0.18	3.3e-11	-5.50207	3.75e-8
GTExv8.EUR.Pituitary	/media/kame/Data/_workings/resource/GTEv8//GTExv8.EUR.Pituitary/ENSG00000181026.14.wgt.RDat	ENSG00000181026.14	15	88621295	88621296	0.1992	rs7402984	-6.55	rs12148410	0.145	-5.73	5.176252	454	4	enet	0.083	8.9e-6	-4.8703	1.11e-6
GTExv8.EUR.Pituitary	/media/kame/Data/_workings/resource/GTEv8//GTExv8.EUR.Pituitary/ENSG00000182511.11.wgt.RDat	ENSG00000182511.11	15	90883694	90883695	0.192	rs17514846	15.72	rs17514846	0.0772	-4.7	15.717781	486	19	enet	0.054	3e-4	-9.55412	1.2500000000000001e-21
GTExv8.EUR.Pituitary	/media/kame/Data/_workings/resource/GTEv8//GTExv8.EUR.Pituitary/ENSG00000262801.5.wgt.RDat	ENSG00000262801.5	16	13246315	13246316	0.1309	rs2856621	-11.33	rs275404	0.03204	4.15	6.185455	561	6	enet	-0.0035	0.62	6.13057	8.76e-10
GTExv8.EUR.Pituitary	/media/kame/Data/_workings/resource/GTEv8//GTExv8.EUR.Pituitary/ENSG00000205078.5.wgt.RDat	ENSG00000205078.5	16	77206440	77206441	0.3305	rs7186803	12.6	rs8061864	0.253901	7.88	5.670581	718	5	enet	0.21	5.1e-13	6.27003	3.61e-10
GTExv8.EUR.Pituitary	/media/kame/Data/_workings/resource/GTEv8//GTExv8.EUR.Pituitary/ENSG00000185324.21.wgt.RDat	ENSG00000185324.21	16	89680736	89680737	0.6078	rs12924572	-7.53	rs12924572	0.37812	-9.12	-7.527066	410	22	enet	0.41	3.9000000000000004e-27	4.92458	8.45e-7
GTExv8.EUR.Pituitary	/media/kame/Data/_workings/resource/GTEv8//GTExv8.EUR.Pituitary/ENSG00000272911.1.wgt.RDat	ENSG00000272911.1	17	2688472	2688473	0.3116	rs2240730	-13	rs2240730	0.244	-7.58	-13	437	2	enet	0.25	2.1e-15	12.87482	6.239999999999999e-38
GTExv8.EUR.Pituitary	/media/kame/Data/_workings/resource/GTEv8//GTExv8.EUR.Pituitary/ENSG00000277200.1.wgt.RDat	ENSG00000277200.1	17	2723946	2723947	0.3279	rs2240730	-13	rs7209772	0.057	-6.27	-11.4	446	7	enet	0.21	6.6e-13	5.83979	5.23e-9
GTExv8.EUR.Pituitary	/media/kame/Data/_workings/resource/GTEv8//GTExv8.EUR.Pituitary/ENSG00000261963.3.wgt.RDat	ENSG00000261963.3	17	2749503	2749504	0.3209	rs2240730	-13	rs11654991	0.153	-6.73	-11.2	441	24	enet	0.19	6.2e-12	6.79006	1.12e-11
GTExv8.EUR.Pituitary	/media/kame/Data/_workings/resource/GTEv8//GTExv8.EUR.Pituitary/ENSG00000109063.14.wgt.RDat	ENSG00000109063.14	17	10657308	10657309	0.3426	rs421541	-7.64	rs9904211	0.198	6.83	-6.37	516	11	enet	0.21	1e-12	-5.17593	2.27e-7
GTExv8.EUR.Pituitary	/media/kame/Data/_workings/resource/GTEv8//GTExv8.EUR.Pituitary/ENSG00000133028.10.wgt.RDat	ENSG00000133028.10	17	10698374	10698375	0.1498	rs421541	-7.64	rs9904211	0.137	5.57	-6.37	492	5	enet	0.14	1.1e-8	-6.31237	2.75e-10
GTExv8.EUR.Pituitary	/media/kame/Data/_workings/resource/GTEv8//GTExv8.EUR.Pituitary/ENSG00000263400.6.wgt.RDat	ENSG00000263400.6	17	10729776	10729777	0.3599	rs421541	-7.64	rs10521170	0.284	-8.01	-5.92	489	14	enet	0.23	1.9e-14	6.24069	4.36e-10
GTExv8.EUR.Pituitary	/media/kame/Data/_workings/resource/GTEv8//GTExv8.EUR.Pituitary/ENSG00000187824.8.wgt.RDat	ENSG00000187824.8	17	10730315	10730316	0.3204	rs421541	-7.64	rs483734	0.274	-7.79	-7.24	489	11	enet	0.24	9.4e-15	7.12844	1.02e-12
GTExv8.EUR.Pituitary	/media/kame/Data/_workings/resource/GTEv8//GTExv8.EUR.Pituitary/ENSG00000264016.2.wgt.RDat	ENSG00000264016.2	17	10769015	10769016	0.2894	rs421541	-7.64	rs10521170	0.183	-6.65	-5.92	483	34	enet	0.16	3.4e-10	5.23711	1.63e-7
GTExv8.EUR.Pituitary	/media/kame/Data/_workings/resource/GTEv8//GTExv8.EUR.Pituitary/ENSG00000263508.5.wgt.RDat	ENSG00000263508.5	17	10849540	10849541	0.2003	rs421541	-7.64	rs10521170	0.191	-7.02	-5.92	478	9	enet	0.17	1.2e-10	6.7148	1.88e-11
GTExv8.EUR.Pituitary	/media/kame/Data/_workings/resource/GTEv8//GTExv8.EUR.Pituitary/ENSG00000177302.14.wgt.RDat	ENSG00000177302.14	17	18315006	18315007	0.2108	rs4925144	5.82	rs7225932	0.199	6.75	5.06	275	17	enet	0.18	5.6e-11	4.99227	5.97e-7
GTExv8.EUR.Pituitary	/media/kame/Data/_workings/resource/GTEv8//GTExv8.EUR.Pituitary/ENSG00000108797.11.wgt.RDat	ENSG00000108797.11	17	42683917	42683918	0.0647	rs12453256	-6.33	rs2271028	0.0412	4.23	4.22	266	9	enet	0.035	0.0031	4.50371	6.68e-6
GTExv8.EUR.Pituitary	/media/kame/Data/_workings/resource/GTEv8//GTExv8.EUR.Pituitary/ENSG00000262500.1.wgt.RDat	ENSG00000262500.1	17	46243605	46243606	0.3033	rs199456	-23.99	rs199451	0.512	10.75	-23.8	59	23	enet	0.51	1.4e-35	-19.99348	6.2799999999999995e-89
GTExv8.EUR.Pituitary	/media/kame/Data/_workings/resource/GTEv8//GTExv8.EUR.Pituitary/ENSG00000262539.1.wgt.RDat	ENSG00000262539.1	17	46260605	46260606	0.3823	rs199456	-23.99	rs199451	0.56	11.29	-23.8	66	31	enet	0.57	1.9e-41	-20.44803	6.26e-93
GTExv8.EUR.Pituitary	/media/kame/Data/_workings/resource/GTEv8//GTExv8.EUR.Pituitary/ENSG00000261575.2.wgt.RDat	ENSG00000261575.2	17	46267036	46267037	0.153	rs199456	-23.99	rs8072451	0.237	7.46	-15.6	66	25	enet	0.22	8.5e-14	-15.8721	9.889999999999999e-57
GTExv8.EUR.Pituitary	/media/kame/Data/_workings/resource/GTEv8//GTExv8.EUR.Pituitary/ENSG00000238083.7.wgt.RDat	ENSG00000238083.7	17	46511510	46511511	0.6422	rs199456	-23.99	rs199451	0.563	11.17	-23.8	136	33	enet	0.61	1.1e-46	-19.34142	2.41e-83
GTExv8.EUR.Pituitary	/media/kame/Data/_workings/resource/GTEv8//GTExv8.EUR.Pituitary/ENSG00000232300.1.wgt.RDat	ENSG00000232300.1	17	46562794	46562795	0.1468	rs199456	-23.99	rs7224296	0.145	6.29	-7.63	136	12	enet	0.13	1.3e-8	-9.70093	2.99e-22
GTExv8.EUR.Pituitary	/media/kame/Data/_workings/resource/GTEv8//GTExv8.EUR.Pituitary/ENSG00000185829.17.wgt.RDat	ENSG00000185829.17	17	46579681	46579682	0.661	rs199456	-23.99	rs169201	0.329	9.27	-23.8	143	21	enet	0.56	3e-41	-15.05499	3.2e-51
GTExv8.EUR.Pituitary	/media/kame/Data/_workings/resource/GTEv8//GTExv8.EUR.Pituitary/ENSG00000108379.9.wgt.RDat	ENSG00000108379.9	17	46833057	46833058	0.2738	rs199456	-23.99	rs199449	0.22	8.01	-10	256	21	enet	0.23	2.3e-14	-13.50404	1.48e-41
GTExv8.EUR.Pituitary	/media/kame/Data/_workings/resource/GTEv8//GTExv8.EUR.Pituitary/ENSG00000159210.9.wgt.RDat	ENSG00000159210.9	17	48945116	48945117	0.1157	rs1523136	7.6	rs1800632	0.0722	-4.87	5.04	399	6	enet	0.0021	0.23	-4.96091	7.02e-7
GTExv8.EUR.Pituitary	/media/kame/Data/_workings/resource/GTEv8//GTExv8.EUR.Pituitary/ENSG00000178927.17.wgt.RDat	ENSG00000178927.17	17	82450828	82450829	0.3299	rs9303029	6.96	rs3751913	0.189	-6.97	6.9	401	10	enet	0.15	2.4e-9	-6.7476	1.5e-11
GTExv8.EUR.Pituitary	/media/kame/Data/_workings/resource/GTEv8//GTExv8.EUR.Pituitary/ENSG00000141431.10.wgt.RDat	ENSG00000141431.10	18	33578576	33578577	0.1393	rs4997493	11.83	rs12957087	0.044106	-3.9	7.8349	321	10	enet	0.022	0.016	-7.624731	2.45e-14
GTExv8.EUR.Pituitary	/media/kame/Data/_workings/resource/GTEv8//GTExv8.EUR.Pituitary/ENSG00000081138.13.wgt.RDat	ENSG00000081138.13	18	65750251	65750252	0.1804	rs1872330	8.51	rs6566176	0.065389	5.07	4.7665	413	17	enet	0.034	0.0038	5.63013	1.8e-8
GTExv8.EUR.Pituitary	/media/kame/Data/_workings/resource/GTEv8//GTExv8.EUR.Pituitary/ENSG00000280239.1.wgt.RDat	ENSG00000280239.1	19	4448809	4448810	0.1779	rs243387	7.63	rs2705	0.143717	-6.03	7.5083	387	17	enet	0.12	1.6e-7	-7.03101	2.05e-12
GTExv8.EUR.Pituitary	/media/kame/Data/_workings/resource/GTEv8//GTExv8.EUR.Pituitary/ENSG00000129933.20.wgt.RDat	ENSG00000129933.20	19	19320844	19320845	0.1364	rs10415849	-10.44	rs2074301	0.013349	-3.49	-8.074757	364	9	enet	0.011	0.064	5.74969	8.94e-9
GTExv8.EUR.Pituitary	/media/kame/Data/_workings/resource/GTEv8//GTExv8.EUR.Pituitary/ENSG00000267346.1.wgt.RDat	ENSG00000267346.1	19	45128568	45128569	0.3522	rs17562787	-6.77	rs10409138	0.185464	6.6	-4.360801	364	24	enet	0.14	3.9e-9	-5.5254200000000004	3.29e-8
GTExv8.EUR.Pituitary	/media/kame/Data/_workings/resource/GTEv8//GTExv8.EUR.Pituitary/ENSG00000189114.6.wgt.RDat	ENSG00000189114.6	19	45178744	45178745	0.1564	rs17562787	-6.77	rs11881409	0.129575	-5.45	-5.513337	369	6	enet	0.12	5.6e-8	5.65803	1.53e-8
GTExv8.EUR.Pituitary	/media/kame/Data/_workings/resource/GTEv8//GTExv8.EUR.Pituitary/ENSG00000161618.9.wgt.RDat	ENSG00000161618.9	19	49453168	49453169	0.5757	rs7258719	8.48	rs10853810	0.232765	-7.65	-1.084492	369	24	enet	0.38	2.1e-24	6.21791	5.04e-10
GTExv8.EUR.Pituitary	/media/kame/Data/_workings/resource/GTEv8//GTExv8.EUR.Pituitary/ENSG00000166913.12.wgt.RDat	ENSG00000166913.12	20	44885675	44885676	0.2871	rs2425684	-8.68	rs6031849	0.168728	-6.36	-5.6799	428	26	enet	0.13	1.6e-8	4.95099	7.38e-7
GTExv8.EUR.Pituitary	/media/kame/Data/_workings/resource/GTEv8//GTExv8.EUR.Pituitary/ENSG00000203880.11.wgt.RDat	ENSG00000203880.11	20	64255694	64255695	0.2721	rs6062359	9	rs6010742	0.008906	4.2	-7.5094	227	17	enet	0.033	0.004	-7.33825	2.16e-13
GTExv8.EUR.Pituitary	/media/kame/Data/_workings/resource/GTEv8//GTExv8.EUR.Pituitary/ENSG00000255568.3.wgt.RDat	ENSG00000255568.3	21	39313934	39313935	0.1526	rs2837129	-8.63	rs2836966	0.09174	-5.61	5.58056	671	11	enet	0.1	6.2e-7	-4.5735	4.8e-6
GTExv8.EUR.Pituitary	/media/kame/Data/_workings/resource/GTEv8//GTExv8.EUR.Pituitary/ENSG00000160190.13.wgt.RDat	ENSG00000160190.13	21	42496007	42496008	0.3471	rs11203196	5.79	rs366703	0.22964	7.95	-5.06855	724	32	enet	0.28	1.5e-17	-5.1113	3.2e-7
GTExv8.EUR.Pituitary	/media/kame/Data/_workings/resource/GTEv8//GTExv8.EUR.Pituitary/ENSG00000100024.14.wgt.RDat	ENSG00000100024.14	22	24494106	24494107	0.1079	rs5760452	9.22	rs2298383	0.059145	4.56	7.41752	391	9	enet	0.042	0.0014	6.89985	5.21e-12
