PANEL	FILE	ID	CHR	P0	P1	HSQ	BEST.GWAS.ID	BEST.GWAS.Z	EQTL.ID	EQTL.R2	EQTL.Z	EQTL.GWAS.Z	NSNP	NWGT	MODEL	MODELCV.R2	MODELCV.PV	TWAS.Z	TWAS.P
GTExv8.EUR.Skin_Sun_Exposed_Lower_leg	/media/kame/Data/_workings/resource/GTEv8//GTExv8.EUR.Skin_Sun_Exposed_Lower_leg/ENSG00000269925.1.wgt.RDat	ENSG00000269925.1	1	7776382	7776383	0.1021	rs9434618	-5.83	rs707455	0.039	4.77	3.652684	458	15	enet	0.0098	0.014	4.84133	1.29e-6
GTExv8.EUR.Skin_Sun_Exposed_Lower_leg	/media/kame/Data/_workings/resource/GTEv8//GTExv8.EUR.Skin_Sun_Exposed_Lower_leg/ENSG00000142657.20.wgt.RDat	ENSG00000142657.20	1	10398591	10398592	0.1378	rs12402967	-9.03	rs6541085	0.136	8.55	-5.790087	377	13	enet	0.1	6.3e-14	-5.63557	1.74e-8
GTExv8.EUR.Skin_Sun_Exposed_Lower_leg	/media/kame/Data/_workings/resource/GTEv8//GTExv8.EUR.Skin_Sun_Exposed_Lower_leg/ENSG00000126091.19.wgt.RDat	ENSG00000126091.19	1	43705823	43705824	0.126	rs11590627	-10.18	rs3762423	0.0598	6.53	-6.249148	423	10	enet	0.11	3e-14	-6.09039	1.13e-9
GTExv8.EUR.Skin_Sun_Exposed_Lower_leg	/media/kame/Data/_workings/resource/GTEv8//GTExv8.EUR.Skin_Sun_Exposed_Lower_leg/ENSG00000143603.18.wgt.RDat	ENSG00000143603.18	1	154870279	154870280	0.10780000000000001	rs4845681	13.15	rs10796933	-2.32e-4	-3.74	-0.696849	417	27	enet	0.018	0.0014	-5.48196	4.21e-8
GTExv8.EUR.Skin_Sun_Exposed_Lower_leg	/media/kame/Data/_workings/resource/GTEv8//GTExv8.EUR.Skin_Sun_Exposed_Lower_leg/ENSG00000163344.5.wgt.RDat	ENSG00000163344.5	1	154936990	154936991	0.0575	rs4845681	13.15	rs705094	0.0463	5.1	7.410643	399	11	enet	0.043	1.4e-6	6.57183	4.97e-11
GTExv8.EUR.Skin_Sun_Exposed_Lower_leg	/media/kame/Data/_workings/resource/GTEv8//GTExv8.EUR.Skin_Sun_Exposed_Lower_leg/ENSG00000232093.1.wgt.RDat	ENSG00000232093.1	1	155046117	155046118	0.2534	rs4845681	13.15	rs11264300	0.165	-9.35	8.875752	378	26	enet	0.16	7.9e-21	-6.12149	9.27e-10
GTExv8.EUR.Skin_Sun_Exposed_Lower_leg	/media/kame/Data/_workings/resource/GTEv8//GTExv8.EUR.Skin_Sun_Exposed_Lower_leg/ENSG00000152061.23.wgt.RDat	ENSG00000152061.23	1	174159409	174159410	0.2007	rs7536102	12.55	rs12563301	0.175	9.56	5.526839	276	21	enet	0.18	3.1999999999999998e-24	6.50628	7.7e-11
GTExv8.EUR.Skin_Sun_Exposed_Lower_leg	/media/kame/Data/_workings/resource/GTEv8//GTExv8.EUR.Skin_Sun_Exposed_Lower_leg/ENSG00000272195.1.wgt.RDat	ENSG00000272195.1	1	244971087	244971088	0.2393	rs1196366	6.6	rs2291426	0.23	-11.12	6.291535	464	26	enet	0.23	2.6000000000000002e-30	-5.81896	5.92e-9
GTExv8.EUR.Skin_Sun_Exposed_Lower_leg	/media/kame/Data/_workings/resource/GTEv8//GTExv8.EUR.Skin_Sun_Exposed_Lower_leg/ENSG00000138031.14.wgt.RDat	ENSG00000138031.14	2	24919838	24919839	0.0531	rs713587	10.96	rs11676272	0.0574	-5.98	10.935267	320	11	enet	0.037	7e-6	-9.61107	7.18e-22
GTExv8.EUR.Skin_Sun_Exposed_Lower_leg	/media/kame/Data/_workings/resource/GTEv8//GTExv8.EUR.Skin_Sun_Exposed_Lower_leg/ENSG00000224165.5.wgt.RDat	ENSG00000224165.5	2	24971389	24971390	0.0355	rs713587	10.96	rs713586	0.0152	-3.79	10.751019	323	15	enet	0.013	0.0055	-7.08463	1.39e-12
GTExv8.EUR.Skin_Sun_Exposed_Lower_leg	/media/kame/Data/_workings/resource/GTEv8//GTExv8.EUR.Skin_Sun_Exposed_Lower_leg/ENSG00000138378.17.wgt.RDat	ENSG00000138378.17	2	191151595	191151596	0.1759	rs2138913	-6.53	rs6704784	0.139	-8.61	-5.013804	384	21	enet	0.13	1.6e-17	4.70531	2.53e-6
GTExv8.EUR.Skin_Sun_Exposed_Lower_leg	/media/kame/Data/_workings/resource/GTEv8//GTExv8.EUR.Skin_Sun_Exposed_Lower_leg/ENSG00000280083.1.wgt.RDat	ENSG00000280083.1	2	191156069	191156070	0.1294	rs2138913	-6.53	rs6704784	0.123	-8.22	-5.013804	384	14	enet	0.12	6.6e-16	4.9657	6.85e-7
GTExv8.EUR.Skin_Sun_Exposed_Lower_leg	/media/kame/Data/_workings/resource/GTEv8//GTExv8.EUR.Skin_Sun_Exposed_Lower_leg/ENSG00000144401.14.wgt.RDat	ENSG00000144401.14	2	207625927	207625928	0.0568	rs2952769	-7.69	rs2709387	0.0374	-5.27	-6.992879	404	28	enet	0.028	9.9e-5	6.33866	2.32e-10
GTExv8.EUR.Skin_Sun_Exposed_Lower_leg	/media/kame/Data/_workings/resource/GTEv8//GTExv8.EUR.Skin_Sun_Exposed_Lower_leg/ENSG00000135913.10.wgt.RDat	ENSG00000135913.10	2	218568360	218568361	0.0856	rs13023540	14.75	rs6720403	0.0674	6.18	-7.363722	364	18	enet	0.057	3.2e-8	-6.52019	7.02e-11
GTExv8.EUR.Skin_Sun_Exposed_Lower_leg	/media/kame/Data/_workings/resource/GTEv8//GTExv8.EUR.Skin_Sun_Exposed_Lower_leg/ENSG00000115556.13.wgt.RDat	ENSG00000115556.13	2	218607764	218607765	0.0382	rs13023540	15.05	rs500422	0.0193	4.17	-6.422679	367	14	enet	0.012	0.0075	-5.11742	3.1e-7
GTExv8.EUR.Skin_Sun_Exposed_Lower_leg	/media/kame/Data/_workings/resource/GTEv8//GTExv8.EUR.Skin_Sun_Exposed_Lower_leg/ENSG00000074582.12.wgt.RDat	ENSG00000074582.12	2	218658897	218658898	0.0246	rs13023540	15.03	rs1344642	0.0145	-3.68	-5.941915	371	15	enet	0.0019	0.16	6.60503	3.97e-11
GTExv8.EUR.Skin_Sun_Exposed_Lower_leg	/media/kame/Data/_workings/resource/GTEv8//GTExv8.EUR.Skin_Sun_Exposed_Lower_leg/ENSG00000180385.8.wgt.RDat	ENSG00000180385.8	3	9987120	9987121	0.134	rs7626117	-8.58	rs7633769	0.096069	7.43	-5.571608	524	17	enet	0.088	4.8e-12	-5.35444	8.58e-8
GTExv8.EUR.Skin_Sun_Exposed_Lower_leg	/media/kame/Data/_workings/resource/GTEv8//GTExv8.EUR.Skin_Sun_Exposed_Lower_leg/ENSG00000186162.10.wgt.RDat	ENSG00000186162.10	3	10026364	10026365	0.0668	rs7626117	-8.58	rs17032278	0.026708	4.94	-6.789223	527	22	enet	0.026	1.4e-4	-5.88935	3.88e-9
GTExv8.EUR.Skin_Sun_Exposed_Lower_leg	/media/kame/Data/_workings/resource/GTEv8//GTExv8.EUR.Skin_Sun_Exposed_Lower_leg/ENSG00000254999.3.wgt.RDat	ENSG00000254999.3	3	10115591	10115592	0.1022	rs7626117	-8.58	rs6785976	0.104699	-7.45	-5.943018	567	13	enet	0.1	2e-13	5.70433	1.17e-8
GTExv8.EUR.Skin_Sun_Exposed_Lower_leg	/media/kame/Data/_workings/resource/GTEv8//GTExv8.EUR.Skin_Sun_Exposed_Lower_leg/ENSG00000154822.17.wgt.RDat	ENSG00000154822.17	3	16802650	16802651	0.0742	rs748832	11.53	rs11712047	0.043868	5.55	5.191056	481	12	enet	0.023	3.2e-4	4.69389	2.68e-6
GTExv8.EUR.Skin_Sun_Exposed_Lower_leg	/media/kame/Data/_workings/resource/GTEv8//GTExv8.EUR.Skin_Sun_Exposed_Lower_leg/ENSG00000182568.16.wgt.RDat	ENSG00000182568.16	3	18445587	18445588	0.0678	rs336605	6.96	rs6550461	0.04675	5.44	6.545803	363	11	enet	0.014	0.0043	6.18345	6.27e-10
GTExv8.EUR.Skin_Sun_Exposed_Lower_leg	/media/kame/Data/_workings/resource/GTEv8//GTExv8.EUR.Skin_Sun_Exposed_Lower_leg/ENSG00000172995.16.wgt.RDat	ENSG00000172995.16	3	35638944	35638945	0.056	rs6550371	-15.09	rs17201655	0.015711	4.17	1.974128	403	7	enet	0.0044	0.072	6.50128	7.96e-11
GTExv8.EUR.Skin_Sun_Exposed_Lower_leg	/media/kame/Data/_workings/resource/GTEv8//GTExv8.EUR.Skin_Sun_Exposed_Lower_leg/ENSG00000168779.19.wgt.RDat	ENSG00000168779.19	3	158106502	158106503	0.038	rs6779266	8.9	rs6774911	0.016914	3.78	7.547948	319	18	enet	0.0064	0.039	7.60003	2.96e-14
GTExv8.EUR.Skin_Sun_Exposed_Lower_leg	/media/kame/Data/_workings/resource/GTEv8//GTExv8.EUR.Skin_Sun_Exposed_Lower_leg/ENSG00000229912.1.wgt.RDat	ENSG00000229912.1	3	197456653	197456654	0.2435	rs4857596	-10.57	rs13099300	0.194841	9.99	7.992667	393	18	enet	0.19	2.6e-25	7.20291	5.89e-13
GTExv8.EUR.Skin_Sun_Exposed_Lower_leg	/media/kame/Data/_workings/resource/GTEv8//GTExv8.EUR.Skin_Sun_Exposed_Lower_leg/ENSG00000248360.7.wgt.RDat	ENSG00000248360.7	4	14888168	14888169	0.2034	rs1494957	7.87	rs1994942	0.158	9.18	7.57	482	17	enet	0.16	1.4e-21	6.4713	9.72e-11
GTExv8.EUR.Skin_Sun_Exposed_Lower_leg	/media/kame/Data/_workings/resource/GTEv8//GTExv8.EUR.Skin_Sun_Exposed_Lower_leg/ENSG00000137449.15.wgt.RDat	ENSG00000137449.15	4	15002673	15002674	0.1307	rs1494957	7.87	rs2604543	0.0248	-4.67	6.57	483	45	enet	0.022	4.3e-4	-5.59782	2.17e-8
GTExv8.EUR.Skin_Sun_Exposed_Lower_leg	/media/kame/Data/_workings/resource/GTEv8//GTExv8.EUR.Skin_Sun_Exposed_Lower_leg/ENSG00000033178.12.wgt.RDat	ENSG00000033178.12	4	67701178	67701179	0.0717	rs1038432	6.04	rs1548119	0.053	-5.79	4.83	402	25	enet	0.028	1e-4	-4.72434	2.31e-6
GTExv8.EUR.Skin_Sun_Exposed_Lower_leg	/media/kame/Data/_workings/resource/GTEv8//GTExv8.EUR.Skin_Sun_Exposed_Lower_leg/ENSG00000168769.13.wgt.RDat	ENSG00000168769.13	4	105145874	105145875	0.0714	rs2189234	10.69	rs6818637	0.08	6.46	10.5	379	3	enet	0.049	3e-7	9.27927	1.71e-20
GTExv8.EUR.Skin_Sun_Exposed_Lower_leg	/media/kame/Data/_workings/resource/GTEv8//GTExv8.EUR.Skin_Sun_Exposed_Lower_leg/ENSG00000138685.13.wgt.RDat	ENSG00000138685.13	4	122826707	122826708	0.1055	rs6534362	-5.56	rs16997714	0.0106	4.75	-4.53	315	8	enet	0.014	0.0043	-4.63466	3.58e-6
GTExv8.EUR.Skin_Sun_Exposed_Lower_leg	/media/kame/Data/_workings/resource/GTEv8//GTExv8.EUR.Skin_Sun_Exposed_Lower_leg/ENSG00000270681.1.wgt.RDat	ENSG00000270681.1	4	151139990	151139991	0.0583	rs6846323	7.22	rs10857253	0.0828	-6.78	6.58	268	14	enet	0.064	4.9e-9	-6.11843	9.45e-10
GTExv8.EUR.Skin_Sun_Exposed_Lower_leg	/media/kame/Data/_workings/resource/GTEv8//GTExv8.EUR.Skin_Sun_Exposed_Lower_leg/ENSG00000086189.9.wgt.RDat	ENSG00000086189.9	5	62403938	62403939	0.0496	rs10514933	16.409	rs7717128	0.030808	-5.03	12.774867	373	13	enet	0.043	1.4e-6	-6.083818	1.17e-9
GTExv8.EUR.Skin_Sun_Exposed_Lower_leg	/media/kame/Data/_workings/resource/GTEv8//GTExv8.EUR.Skin_Sun_Exposed_Lower_leg/ENSG00000273841.4.wgt.RDat	ENSG00000273841.4	5	69369641	69369642	0.0357	rs2010352	-10.102	rs12187268	0.044957	-5.02	-6.549737	225	6	enet	0.036	1e-5	5.875202	4.22e-9
GTExv8.EUR.Skin_Sun_Exposed_Lower_leg	/media/kame/Data/_workings/resource/GTEv8//GTExv8.EUR.Skin_Sun_Exposed_Lower_leg/ENSG00000250328.5.wgt.RDat	ENSG00000250328.5	5	122479086	122479087	0.1313	rs6868061	8.453	rs1478370	0.111271	7.76	7.661511	339	12	enet	0.1	6.1e-14	7.374239	1.65e-13
GTExv8.EUR.Skin_Sun_Exposed_Lower_leg	/media/kame/Data/_workings/resource/GTEv8//GTExv8.EUR.Skin_Sun_Exposed_Lower_leg/ENSG00000164296.6.wgt.RDat	ENSG00000164296.6	5	150000319	150000320	0.2313	rs4705407	-6.487	rs4705104	0.154836	-8.94	-5.900406	565	28	enet	0.13	4.9e-17	5.886786	3.94e-9
GTExv8.EUR.Skin_Sun_Exposed_Lower_leg	/media/kame/Data/_workings/resource/GTEv8//GTExv8.EUR.Skin_Sun_Exposed_Lower_leg/ENSG00000169230.9.wgt.RDat	ENSG00000169230.9	5	177303773	177303774	0.2493	rs11952102	-8.186	rs28362590	0.180092	-10.14	-4.125792	315	6	enet	0.19	4.6e-25	5.40035	6.65e-8
GTExv8.EUR.Skin_Sun_Exposed_Lower_leg	/media/kame/Data/_workings/resource/GTEv8//GTExv8.EUR.Skin_Sun_Exposed_Lower_leg/ENSG00000198945.7.wgt.RDat	ENSG00000198945.7	6	130013698	130013699	0.2822	rs9375683	8.34	rs6569648	0.286	12.13	-6.298733	561	15	enet	0.29	2.7999999999999998e-39	-6.15233	7.64e-10
GTExv8.EUR.Skin_Sun_Exposed_Lower_leg	/media/kame/Data/_workings/resource/GTEv8//GTExv8.EUR.Skin_Sun_Exposed_Lower_leg/ENSG00000259828.1.wgt.RDat	ENSG00000259828.1	6	141447010	141447011	0.0761	rs9403315	9.32	rs10081087	0.0521	5.35	6.81737	271	20	enet	0.044	1.2e-6	5.76391	8.22e-9
GTExv8.EUR.Skin_Sun_Exposed_Lower_leg	/media/kame/Data/_workings/resource/GTEv8//GTExv8.EUR.Skin_Sun_Exposed_Lower_leg/ENSG00000122687.17.wgt.RDat	ENSG00000122687.17	7	2242197	2242198	0.0967	rs11773627	12.98	rs6461233	0.0911	7.24	6.11785	419	9	enet	0.078	8.9e-11	6.099928	1.06e-9
GTExv8.EUR.Skin_Sun_Exposed_Lower_leg	/media/kame/Data/_workings/resource/GTEv8//GTExv8.EUR.Skin_Sun_Exposed_Lower_leg/ENSG00000230882.1.wgt.RDat	ENSG00000230882.1	7	76074962	76074963	0.1112	rs9800948	10.45	rs4732595	0.0911	6.93	8.83735	307	27	enet	0.1	8.9e-14	6.70068	2.07e-11
GTExv8.EUR.Skin_Sun_Exposed_Lower_leg	/media/kame/Data/_workings/resource/GTEv8//GTExv8.EUR.Skin_Sun_Exposed_Lower_leg/ENSG00000227038.3.wgt.RDat	ENSG00000227038.3	7	76108778	76108779	0.0437	rs9800948	10.45	rs4732542	0.0294	4.28	9.08398	293	13	enet	0.0078	0.026	7.783011	7.08e-15
GTExv8.EUR.Skin_Sun_Exposed_Lower_leg	/media/kame/Data/_workings/resource/GTEv8//GTExv8.EUR.Skin_Sun_Exposed_Lower_leg/ENSG00000077063.10.wgt.RDat	ENSG00000077063.10	7	117874138	117874139	0.2198	rs7807677	10.28	rs6965740	0.162	9.14	10.14825	343	36	enet	0.17	1e-22	6.327123	2.5e-10
GTExv8.EUR.Skin_Sun_Exposed_Lower_leg	/media/kame/Data/_workings/resource/GTEv8//GTExv8.EUR.Skin_Sun_Exposed_Lower_leg/ENSG00000172817.3.wgt.RDat	ENSG00000172817.3	8	64798760	64798761	0.07	rs4350019	8.62	rs8192899	0.028029	5.39	6.536999	350	24	enet	0.011	0.0096	4.60933	4.04e-6
GTExv8.EUR.Skin_Sun_Exposed_Lower_leg	/media/kame/Data/_workings/resource/GTEv8//GTExv8.EUR.Skin_Sun_Exposed_Lower_leg/ENSG00000251003.7.wgt.RDat	ENSG00000251003.7	8	106060523	106060524	0.0585	rs12541635	-9.74	rs2029878	-0.001135	3.21	3.613408	412	17	enet	0.0062	0.042	4.72335	2.32e-6
GTExv8.EUR.Skin_Sun_Exposed_Lower_leg	/media/kame/Data/_workings/resource/GTEv8//GTExv8.EUR.Skin_Sun_Exposed_Lower_leg/ENSG00000227603.1.wgt.RDat	ENSG00000227603.1	9	93437120	93437121	0.3603	rs7853605	8.89	rs7036984	0.294	12.33	4.14	492	15	enet	0.3	1.8e-41	4.88415	1.04e-6
GTExv8.EUR.Skin_Sun_Exposed_Lower_leg	/media/kame/Data/_workings/resource/GTEv8//GTExv8.EUR.Skin_Sun_Exposed_Lower_leg/ENSG00000232630.1.wgt.RDat	ENSG00000232630.1	9	125150652	125150653	0.0378	rs391957	11.41	rs359591	0.0376	4.91	8.94	309	16	enet	0.023	4e-4	7.69243	1.44e-14
GTExv8.EUR.Skin_Sun_Exposed_Lower_leg	/media/kame/Data/_workings/resource/GTEv8//GTExv8.EUR.Skin_Sun_Exposed_Lower_leg/ENSG00000167123.18.wgt.RDat	ENSG00000167123.18	9	128411750	128411751	0.1505	rs7023913	-4.97	rs2807622	0.106	8.17	-4.6	282	7	enet	0.086	8.2e-12	-4.58221	4.6e-6
GTExv8.EUR.Skin_Sun_Exposed_Lower_leg	/media/kame/Data/_workings/resource/GTEv8//GTExv8.EUR.Skin_Sun_Exposed_Lower_leg/ENSG00000125485.17.wgt.RDat	ENSG00000125485.17	9	132670033	132670034	0.3672	rs3739905	-7.74	rs11243850	0.31	12.7	-7.69	536	17	enet	0.3	6.7e-41	-6.86561	6.62e-12
GTExv8.EUR.Skin_Sun_Exposed_Lower_leg	/media/kame/Data/_workings/resource/GTEv8//GTExv8.EUR.Skin_Sun_Exposed_Lower_leg/ENSG00000169925.16.wgt.RDat	ENSG00000169925.16	9	134068534	134068535	0.0777	rs11789898	9.75	rs10993907	0.0541	-5.53	9.1	589	5	enet	0.037	7.7e-6	-8.35674	6.45e-17
GTExv8.EUR.Skin_Sun_Exposed_Lower_leg	/media/kame/Data/_workings/resource/GTEv8//GTExv8.EUR.Skin_Sun_Exposed_Lower_leg/ENSG00000187122.16.wgt.RDat	ENSG00000187122.16	10	97185919	97185920	0.1791	rs4919096	-12.39	rs701815	0.206465	10.44	-5.35	436	8	enet	0.21	1.7000000000000002e-27	-5.44473	5.19e-8
GTExv8.EUR.Skin_Sun_Exposed_Lower_leg	/media/kame/Data/_workings/resource/GTEv8//GTExv8.EUR.Skin_Sun_Exposed_Lower_leg/ENSG00000213390.10.wgt.RDat	ENSG00000213390.10	10	97292672	97292673	0.1637	rs4919096	-12.39	rs10748691	0.048504	-7.01	-10.2	450	29	enet	0.098	3.1e-13	7.77507	7.54e-15
GTExv8.EUR.Skin_Sun_Exposed_Lower_leg	/media/kame/Data/_workings/resource/GTEv8//GTExv8.EUR.Skin_Sun_Exposed_Lower_leg/ENSG00000148926.9.wgt.RDat	ENSG00000148926.9	11	10304679	10304680	0.0523	rs11042714	7.99	rs7944706	0.0333	-4.69	7.080332	490	9	enet	0.016	0.0026	-5.18	2.2e-7
GTExv8.EUR.Skin_Sun_Exposed_Lower_leg	/media/kame/Data/_workings/resource/GTEv8//GTExv8.EUR.Skin_Sun_Exposed_Lower_leg/ENSG00000170946.14.wgt.RDat	ENSG00000170946.14	11	31369839	31369840	0.0291	rs566302	-8.6	rs566302	7.84e-4	-3.62	-8.601824	251	7	enet	0.0034	0.099	8.13	4.39e-16
GTExv8.EUR.Skin_Sun_Exposed_Lower_leg	/media/kame/Data/_workings/resource/GTEv8//GTExv8.EUR.Skin_Sun_Exposed_Lower_leg/ENSG00000156603.15.wgt.RDat	ENSG00000156603.15	11	57712322	57712323	0.2165	rs7117205	16.44	rs576859	0.177	-9.69	5.775979	386	38	enet	0.21	5.6000000000000005e-28	-10.1	7.599999999999999e-24
GTExv8.EUR.Skin_Sun_Exposed_Lower_leg	/media/kame/Data/_workings/resource/GTEv8//GTExv8.EUR.Skin_Sun_Exposed_Lower_leg/ENSG00000255517.6.wgt.RDat	ENSG00000255517.6	11	66478095	66478096	0.0613	rs560556	8.31	rs3816492	0.0513	-5.28	3.754245	283	25	enet	0.03	4.7e-5	-4.65	3.36e-6
GTExv8.EUR.Skin_Sun_Exposed_Lower_leg	/media/kame/Data/_workings/resource/GTEv8//GTExv8.EUR.Skin_Sun_Exposed_Lower_leg/ENSG00000254986.7.wgt.RDat	ENSG00000254986.7	11	66480012	66480013	0.1053	rs560556	8.31	rs3892818	0.0941	-7.28	5.365609	281	19	enet	0.083	2.2e-11	-4.69	2.68e-6
GTExv8.EUR.Skin_Sun_Exposed_Lower_leg	/media/kame/Data/_workings/resource/GTEv8//GTExv8.EUR.Skin_Sun_Exposed_Lower_leg/ENSG00000173715.15.wgt.RDat	ENSG00000173715.15	11	66744450	66744451	0.3184	rs1253440	8.65	rs7951189	0.0282	-4.44	-0.474443	255	36	enet	0.055	5e-8	-4.64	3.56e-6
GTExv8.EUR.Skin_Sun_Exposed_Lower_leg	/media/kame/Data/_workings/resource/GTEv8//GTExv8.EUR.Skin_Sun_Exposed_Lower_leg/ENSG00000173653.7.wgt.RDat	ENSG00000173653.7	11	66843411	66843412	0.3949	rs1253440	8.65	rs11110	0.0175	5.36	-1.050518	234	39	enet	0.13	1.1e-17	7.75	9e-15
GTExv8.EUR.Skin_Sun_Exposed_Lower_leg	/media/kame/Data/_workings/resource/GTEv8//GTExv8.EUR.Skin_Sun_Exposed_Lower_leg/ENSG00000149294.16.wgt.RDat	ENSG00000149294.16	11	112961246	112961247	0.1018	rs7131440	17.88	rs7951615	0.068	-6.4	4.015795	546	21	enet	0.063	5.7e-9	-5.7	1.22e-8
GTExv8.EUR.Skin_Sun_Exposed_Lower_leg	/media/kame/Data/_workings/resource/GTEv8//GTExv8.EUR.Skin_Sun_Exposed_Lower_leg/ENSG00000019102.11.wgt.RDat	ENSG00000019102.11	11	124752237	124752238	0.1153	rs1940171	-10.79	rs11219769	0.0478	6.49	-4.973034	510	15	enet	0.089	4.5e-12	-6.77	1.29e-11
GTExv8.EUR.Skin_Sun_Exposed_Lower_leg	/media/kame/Data/_workings/resource/GTEv8//GTExv8.EUR.Skin_Sun_Exposed_Lower_leg/ENSG00000149548.14.wgt.RDat	ENSG00000149548.14	11	124954120	124954121	0.4321	rs1940171	-10.79	rs3809054	0.273	11.87	6.42506	508	26	enet	0.31	1.9e-43	7.63	2.36e-14
GTExv8.EUR.Skin_Sun_Exposed_Lower_leg	/media/kame/Data/_workings/resource/GTEv8//GTExv8.EUR.Skin_Sun_Exposed_Lower_leg/ENSG00000166086.12.wgt.RDat	ENSG00000166086.12	11	134068924	134068925	0.1564	rs671974	9.17	rs647837	0.0967	7.56	7.428607	540	20	enet	0.14	5.2e-18	6.58	4.62e-11
GTExv8.EUR.Skin_Sun_Exposed_Lower_leg	/media/kame/Data/_workings/resource/GTEv8//GTExv8.EUR.Skin_Sun_Exposed_Lower_leg/ENSG00000139620.12.wgt.RDat	ENSG00000139620.12	12	48682237	48682238	0.3448	rs10875867	-7.33	rs10875852	0.261464	11.97	-5.69	378	13	enet	0.27	9.4e-37	-4.58483	4.54e-6
GTExv8.EUR.Skin_Sun_Exposed_Lower_leg	/media/kame/Data/_workings/resource/GTEv8//GTExv8.EUR.Skin_Sun_Exposed_Lower_leg/ENSG00000170545.16.wgt.RDat	ENSG00000170545.16	12	51270716	51270717	0.067	rs4761995	6.14	rs4761815	0.028688	5.5	6.07	402	6	enet	0.025	1.9e-4	5.25082	1.51e-7
GTExv8.EUR.Skin_Sun_Exposed_Lower_leg	/media/kame/Data/_workings/resource/GTEv8//GTExv8.EUR.Skin_Sun_Exposed_Lower_leg/ENSG00000258012.1.wgt.RDat	ENSG00000258012.1	12	92858078	92858079	0.0849	rs6538364	11.91	rs4616079	0.06914	6.52	10.3	444	25	enet	0.053	8.7e-8	7.50676	6.06e-14
GTExv8.EUR.Skin_Sun_Exposed_Lower_leg	/media/kame/Data/_workings/resource/GTEv8//GTExv8.EUR.Skin_Sun_Exposed_Lower_leg/ENSG00000111707.11.wgt.RDat	ENSG00000111707.11	12	118376379	118376380	0.0997	rs17512609	11.58	rs11068891	0.08283	6.79	8.68	445	22	enet	0.06	1.3e-8	6.40195	1.53e-10
GTExv8.EUR.Skin_Sun_Exposed_Lower_leg	/media/kame/Data/_workings/resource/GTEv8//GTExv8.EUR.Skin_Sun_Exposed_Lower_leg/ENSG00000275759.1.wgt.RDat	ENSG00000275759.1	12	118428280	118428281	0.1554	rs17512609	11.58	rs4767669	0.214097	-11.01	11.1	447	27	enet	0.23	3.8e-30	-9.33826	9.790000000000001e-21
GTExv8.EUR.Skin_Sun_Exposed_Lower_leg	/media/kame/Data/_workings/resource/GTEv8//GTExv8.EUR.Skin_Sun_Exposed_Lower_leg/ENSG00000275409.1.wgt.RDat	ENSG00000275409.1	12	118430146	118430147	0.1199	rs17512609	11.58	rs11068917	0.080847	-6.72	9.19	448	29	enet	0.053	8.5e-8	-5.51594	3.47e-8
GTExv8.EUR.Skin_Sun_Exposed_Lower_leg	/media/kame/Data/_workings/resource/GTEv8//GTExv8.EUR.Skin_Sun_Exposed_Lower_leg/ENSG00000227676.3.wgt.RDat	ENSG00000227676.3	13	79566726	79566727	0.3013	rs7994255	9.38	rs1212082	0.389954	14.14	5.256626	373	12	enet	0.39	8.199999999999998e-56	5.80815	6.32e-9
GTExv8.EUR.Skin_Sun_Exposed_Lower_leg	/media/kame/Data/_workings/resource/GTEv8//GTExv8.EUR.Skin_Sun_Exposed_Lower_leg/ENSG00000126790.11.wgt.RDat	ENSG00000126790.11	14	59484429	59484430	0.4543	rs17834238	7.88	rs1253105	0.393	-14.22	6.696007	456	38	enet	0.46	5.2e-70	-4.91923	8.69e-7
GTExv8.EUR.Skin_Sun_Exposed_Lower_leg	/media/kame/Data/_workings/resource/GTEv8//GTExv8.EUR.Skin_Sun_Exposed_Lower_leg/ENSG00000021776.10.wgt.RDat	ENSG00000021776.10	15	34969838	34969839	0.0635	rs7173632	7.96	rs6495724	0.0235	-4.82	4.45	395	6	enet	0.017	0.0018	-4.62144	3.81e-6
GTExv8.EUR.Skin_Sun_Exposed_Lower_leg	/media/kame/Data/_workings/resource/GTEv8//GTExv8.EUR.Skin_Sun_Exposed_Lower_leg/ENSG00000198146.4.wgt.RDat	ENSG00000198146.4	15	34988286	34988287	0.1225	rs7173632	7.96	rs7173632	0.0779	6.66	7.96	401	16	enet	0.053	1e-7	4.81565	1.47e-6
GTExv8.EUR.Skin_Sun_Exposed_Lower_leg	/media/kame/Data/_workings/resource/GTEv8//GTExv8.EUR.Skin_Sun_Exposed_Lower_leg/ENSG00000128944.13.wgt.RDat	ENSG00000128944.13	15	40382720	40382721	0.4736	rs17672041	4.75	rs17671250	0.352	13.92	4.68	392	54	enet	0.38	1.1999999999999999e-54	4.63431	3.58e-6
GTExv8.EUR.Skin_Sun_Exposed_Lower_leg	/media/kame/Data/_workings/resource/GTEv8//GTExv8.EUR.Skin_Sun_Exposed_Lower_leg/ENSG00000090487.10.wgt.RDat	ENSG00000090487.10	15	64990309	64990310	0.5379	rs6494509	6.13	rs17229765	0.53	-16.42	4.8	304	24	enet	0.53	3.3e-84	-4.62126	3.81e-6
GTExv8.EUR.Skin_Sun_Exposed_Lower_leg	/media/kame/Data/_workings/resource/GTEv8//GTExv8.EUR.Skin_Sun_Exposed_Lower_leg/ENSG00000137764.19.wgt.RDat	ENSG00000137764.19	15	67542708	67542709	0.2482	rs2286664	14.79	rs12441715	0.0712	-7.78	13.5	409	28	enet	0.12	1.3e-16	-7.0461	1.84e-12
GTExv8.EUR.Skin_Sun_Exposed_Lower_leg	/media/kame/Data/_workings/resource/GTEv8//GTExv8.EUR.Skin_Sun_Exposed_Lower_leg/ENSG00000188779.10.wgt.RDat	ENSG00000188779.10	15	67819703	67819704	0.1689	rs2286664	14.79	rs11632574	0.0898	7.92	-3.52	348	26	enet	0.13	2e-17	-8.83654	9.87e-19
GTExv8.EUR.Skin_Sun_Exposed_Lower_leg	/media/kame/Data/_workings/resource/GTEv8//GTExv8.EUR.Skin_Sun_Exposed_Lower_leg/ENSG00000067221.13.wgt.RDat	ENSG00000067221.13	15	73994621	73994622	0.2033	rs10162627	-6.24	rs10162627	0.152	9.12	-6.24	404	12	enet	0.15	1.6e-19	-4.67263	2.97e-6
GTExv8.EUR.Skin_Sun_Exposed_Lower_leg	/media/kame/Data/_workings/resource/GTEv8//GTExv8.EUR.Skin_Sun_Exposed_Lower_leg/ENSG00000169609.13.wgt.RDat	ENSG00000169609.13	15	83011640	83011641	0.2025	rs12441907	-11.15	rs6603042	0.109	-8.16	-7.99	321	24	enet	0.17	5e-23	4.66399	3.1e-6
GTExv8.EUR.Skin_Sun_Exposed_Lower_leg	/media/kame/Data/_workings/resource/GTEv8//GTExv8.EUR.Skin_Sun_Exposed_Lower_leg/ENSG00000225151.10.wgt.RDat	ENSG00000225151.10	15	84230135	84230136	0.5427	rs7237	-6.46	rs11635505	0.28	-12.12	-4.18	199	33	enet	0.43	3.9999999999999997e-63	5.90386	3.55e-9
GTExv8.EUR.Skin_Sun_Exposed_Lower_leg	/media/kame/Data/_workings/resource/GTEv8//GTExv8.EUR.Skin_Sun_Exposed_Lower_leg/ENSG00000259295.6.wgt.RDat	ENSG00000259295.6	15	85191437	85191438	0.2597	rs3748375	-6.37	rs4643294	0.159	9.22	-5.47	509	21	enet	0.18	9.4e-24	-4.65485	3.24e-6
GTExv8.EUR.Skin_Sun_Exposed_Lower_leg	/media/kame/Data/_workings/resource/GTEv8//GTExv8.EUR.Skin_Sun_Exposed_Lower_leg/ENSG00000182511.11.wgt.RDat	ENSG00000182511.11	15	90883694	90883695	0.1724	rs17514846	15.72	rs1894400	0.0851	-6.68	6.88	487	26	enet	0.069	1.2e-9	-9.67686	3.78e-22
GTExv8.EUR.Skin_Sun_Exposed_Lower_leg	/media/kame/Data/_workings/resource/GTEv8//GTExv8.EUR.Skin_Sun_Exposed_Lower_leg/ENSG00000237172.3.wgt.RDat	ENSG00000237172.3	16	67151213	67151214	0.0783	rs152168	6.51	rs9033	0.0675	6.12	4.787689	262	3	enet	0.051	1.5e-7	4.73211	2.22e-6
GTExv8.EUR.Skin_Sun_Exposed_Lower_leg	/media/kame/Data/_workings/resource/GTEv8//GTExv8.EUR.Skin_Sun_Exposed_Lower_leg/ENSG00000131165.14.wgt.RDat	ENSG00000131165.14	16	89657800	89657801	0.5224	rs12924572	-7.53	rs2377058	0.169	9.42	-1.590084	427	33	enet	0.29	1.1e-39	5.65248	1.58e-8
GTExv8.EUR.Skin_Sun_Exposed_Lower_leg	/media/kame/Data/_workings/resource/GTEv8//GTExv8.EUR.Skin_Sun_Exposed_Lower_leg/ENSG00000272911.1.wgt.RDat	ENSG00000272911.1	17	2688472	2688473	0.1884	rs2240730	-13	rs1109451	0.169984	-9.41	-12.1	437	4	enet	0.16	8.6e-22	10.46606	1.24e-25
GTExv8.EUR.Skin_Sun_Exposed_Lower_leg	/media/kame/Data/_workings/resource/GTEv8//GTExv8.EUR.Skin_Sun_Exposed_Lower_leg/ENSG00000277200.1.wgt.RDat	ENSG00000277200.1	17	2723946	2723947	0.5143	rs2240730	-13	rs2286512	0.257243	-11.56	-12.6	446	23	enet	0.4	4.6e-58	7.77741	7.4e-15
GTExv8.EUR.Skin_Sun_Exposed_Lower_leg	/media/kame/Data/_workings/resource/GTEv8//GTExv8.EUR.Skin_Sun_Exposed_Lower_leg/ENSG00000170222.11.wgt.RDat	ENSG00000170222.11	17	10697593	10697594	0.1337	rs421541	-7.64	rs8075503	0.116591	7.99	-5.43	493	11	enet	0.11	2.5e-15	-6.19476	5.84e-10
GTExv8.EUR.Skin_Sun_Exposed_Lower_leg	/media/kame/Data/_workings/resource/GTEv8//GTExv8.EUR.Skin_Sun_Exposed_Lower_leg/ENSG00000263874.2.wgt.RDat	ENSG00000263874.2	17	38925167	38925168	0.1935	rs649997	-13.1	rs1130638	0.063016	6.03	2.07	356	15	enet	0.094	9e-13	6.62188	3.55e-11
GTExv8.EUR.Skin_Sun_Exposed_Lower_leg	/media/kame/Data/_workings/resource/GTEv8//GTExv8.EUR.Skin_Sun_Exposed_Lower_leg/ENSG00000266588.1.wgt.RDat	ENSG00000266588.1	17	39013031	39013032	0.6496	rs649997	-13.1	rs11868463	0.386334	14.09	-2.67	351	34	enet	0.48	4.8000000000000006e-74	-5.10909	3.24e-7
GTExv8.EUR.Skin_Sun_Exposed_Lower_leg	/media/kame/Data/_workings/resource/GTEv8//GTExv8.EUR.Skin_Sun_Exposed_Lower_leg/ENSG00000214553.9.wgt.RDat	ENSG00000214553.9	17	39027276	39027277	0.615	rs649997	-13.1	rs7218784	0.322384	13.39	-10.3	355	23	enet	0.5	9.8e-79	-5.50819	3.63e-8
GTExv8.EUR.Skin_Sun_Exposed_Lower_leg	/media/kame/Data/_workings/resource/GTEv8//GTExv8.EUR.Skin_Sun_Exposed_Lower_leg/ENSG00000161381.13.wgt.RDat	ENSG00000161381.13	17	39154393	39154394	0.2087	rs649997	-13.1	rs7218784	0.106925	7.87	-10.3	353	17	enet	0.13	1.3e-17	-7.66713	1.76e-14
GTExv8.EUR.Skin_Sun_Exposed_Lower_leg	/media/kame/Data/_workings/resource/GTEv8//GTExv8.EUR.Skin_Sun_Exposed_Lower_leg/ENSG00000108785.7.wgt.RDat	ENSG00000108785.7	17	42546763	42546764	0.102	rs12453256	-7.02	rs2676531	0.114549	7.72	-4.95	252	8	enet	0.11	1.8e-14	-5.2291	1.7e-7
GTExv8.EUR.Skin_Sun_Exposed_Lower_leg	/media/kame/Data/_workings/resource/GTEv8//GTExv8.EUR.Skin_Sun_Exposed_Lower_leg/ENSG00000280183.1.wgt.RDat	ENSG00000280183.1	17	42598642	42598643	0.0542	rs12453256	-6.69	rs2134808	0.022088	-4.9	-6.31	270	23	enet	0.023	3.9e-4	5.55564	2.77e-8
GTExv8.EUR.Skin_Sun_Exposed_Lower_leg	/media/kame/Data/_workings/resource/GTEv8//GTExv8.EUR.Skin_Sun_Exposed_Lower_leg/ENSG00000262500.1.wgt.RDat	ENSG00000262500.1	17	46243605	46243606	0.3388	rs199456	-23.99	rs199448	0.598302	17.49	-22.8	59	22	enet	0.61	6.199999999999999e-107	-19.52975	6.13e-85
GTExv8.EUR.Skin_Sun_Exposed_Lower_leg	/media/kame/Data/_workings/resource/GTEv8//GTExv8.EUR.Skin_Sun_Exposed_Lower_leg/ENSG00000262539.1.wgt.RDat	ENSG00000262539.1	17	46260605	46260606	0.418	rs199456	-23.99	rs169201	0.654909	18.25	-23.8	66	28	enet	0.66	1.8999999999999998e-122	-20.44507	6.65e-93
GTExv8.EUR.Skin_Sun_Exposed_Lower_leg	/media/kame/Data/_workings/resource/GTEv8//GTExv8.EUR.Skin_Sun_Exposed_Lower_leg/ENSG00000261575.2.wgt.RDat	ENSG00000261575.2	17	46267036	46267037	0.2445	rs199456	-23.99	rs16940665	0.295702	12.32	-15.6	66	24	enet	0.29	5.7e-40	-15.82553	2.07e-56
GTExv8.EUR.Skin_Sun_Exposed_Lower_leg	/media/kame/Data/_workings/resource/GTEv8//GTExv8.EUR.Skin_Sun_Exposed_Lower_leg/ENSG00000228696.8.wgt.RDat	ENSG00000228696.8	17	46361796	46361797	0.6117	rs199456	-23.99	rs199443	0.025151	5.25	-22.7	61	37	enet	0.2	1.8e-26	-17.64188	1.17e-69
GTExv8.EUR.Skin_Sun_Exposed_Lower_leg	/media/kame/Data/_workings/resource/GTEv8//GTExv8.EUR.Skin_Sun_Exposed_Lower_leg/ENSG00000238083.7.wgt.RDat	ENSG00000238083.7	17	46511510	46511511	0.6063	rs199456	-23.99	rs169201	0.416117	14.64	-23.8	136	22	enet	0.49	6.8999999999999996e-77	-18.97748	2.62e-80
GTExv8.EUR.Skin_Sun_Exposed_Lower_leg	/media/kame/Data/_workings/resource/GTEv8//GTExv8.EUR.Skin_Sun_Exposed_Lower_leg/ENSG00000232300.1.wgt.RDat	ENSG00000232300.1	17	46562794	46562795	0.1491	rs199456	-23.99	rs35937770	0.068222	-6.45	-0.158	136	11	enet	0.057	3.1e-8	-4.82713	1.39e-6
GTExv8.EUR.Skin_Sun_Exposed_Lower_leg	/media/kame/Data/_workings/resource/GTEv8//GTExv8.EUR.Skin_Sun_Exposed_Lower_leg/ENSG00000185829.17.wgt.RDat	ENSG00000185829.17	17	46579681	46579682	0.5904	rs199456	-23.99	rs17692129	0.295169	-12.34	-0.248	143	25	enet	0.33	8.6e-47	-5.39763	6.75e-8
GTExv8.EUR.Skin_Sun_Exposed_Lower_leg	/media/kame/Data/_workings/resource/GTEv8//GTExv8.EUR.Skin_Sun_Exposed_Lower_leg/ENSG00000263142.5.wgt.RDat	ENSG00000263142.5	17	47017192	47017193	0.1195	rs199456	-23.99	rs11653838	0.018306	-4.56	0.689	297	37	enet	0.052	1.1e-7	12.32335	6.779999999999999e-35
GTExv8.EUR.Skin_Sun_Exposed_Lower_leg	/media/kame/Data/_workings/resource/GTEv8//GTExv8.EUR.Skin_Sun_Exposed_Lower_leg/ENSG00000278730.1.wgt.RDat	ENSG00000278730.1	17	68127329	68127330	0.2078	rs35191309	-5.34	rs16972793	0.067899	-6.9	-3.19	321	35	enet	0.096	6.1e-13	4.74616	2.07e-6
GTExv8.EUR.Skin_Sun_Exposed_Lower_leg	/media/kame/Data/_workings/resource/GTEv8//GTExv8.EUR.Skin_Sun_Exposed_Lower_leg/ENSG00000041353.9.wgt.RDat	ENSG00000041353.9	18	54717859	54717860	0.0558	rs7237206	8.24	rs12959833	0.026761	5.16	7.211193	369	7	enet	0.033	2.3e-5	6.83882	7.98e-12
GTExv8.EUR.Skin_Sun_Exposed_Lower_leg	/media/kame/Data/_workings/resource/GTEv8//GTExv8.EUR.Skin_Sun_Exposed_Lower_leg/ENSG00000167671.11.wgt.RDat	ENSG00000167671.11	19	4457821	4457822	0.163	rs243387	7.63	rs932276	0.151	8.93	7.133177	390	18	enet	0.13	1e-17	6.80584	1e-11
GTExv8.EUR.Skin_Sun_Exposed_Lower_leg	/media/kame/Data/_workings/resource/GTEv8//GTExv8.EUR.Skin_Sun_Exposed_Lower_leg/ENSG00000173875.13.wgt.RDat	ENSG00000173875.13	19	12610917	12610918	0.0492	rs2303731	-7.68	rs7257939	0.0416	-5.13	-5.076324	285	7	enet	0.02	7.5e-4	4.67277	2.97e-6
GTExv8.EUR.Skin_Sun_Exposed_Lower_leg	/media/kame/Data/_workings/resource/GTEv8//GTExv8.EUR.Skin_Sun_Exposed_Lower_leg/ENSG00000105576.15.wgt.RDat	ENSG00000105576.15	19	12724010	12724011	0.0679	rs2303731	-7.68	rs8104821	0.0561	5.89	-6.340535	296	3	enet	0.044	1.2e-6	-6.33047	2.44e-10
GTExv8.EUR.Skin_Sun_Exposed_Lower_leg	/media/kame/Data/_workings/resource/GTEv8//GTExv8.EUR.Skin_Sun_Exposed_Lower_leg/ENSG00000167491.17.wgt.RDat	ENSG00000167491.17	19	19385825	19385826	0.0672	rs10415849	-10.44	rs1859287	0.0451	5.74	-8.097447	344	21	enet	0.031	3.8e-5	-7.03689	1.97e-12
GTExv8.EUR.Skin_Sun_Exposed_Lower_leg	/media/kame/Data/_workings/resource/GTEv8//GTExv8.EUR.Skin_Sun_Exposed_Lower_leg/ENSG00000105270.14.wgt.RDat	ENSG00000105270.14	19	36033342	36033343	0.0949	rs7247057	-7.8	rs7250448	0.0248	4.38	-4.226427	335	6	enet	0.011	0.0093	-5.43372	5.52e-8
GTExv8.EUR.Skin_Sun_Exposed_Lower_leg	/media/kame/Data/_workings/resource/GTEv8//GTExv8.EUR.Skin_Sun_Exposed_Lower_leg/ENSG00000161277.10.wgt.RDat	ENSG00000161277.10	19	36054761	36054762	0.291	rs7247057	-7.8	rs7250448	0.172	9.89	-4.226427	336	49	enet	0.19	1.4e-25	-5.13878	2.77e-7
GTExv8.EUR.Skin_Sun_Exposed_Lower_leg	/media/kame/Data/_workings/resource/GTEv8//GTExv8.EUR.Skin_Sun_Exposed_Lower_leg/ENSG00000267348.2.wgt.RDat	ENSG00000267348.2	19	45090105	45090106	0.0968	rs17562787	-6.77	rs10417101	0.0868	-6.93	-6.510802	368	13	enet	0.084	1.7e-11	5.81525	6.05e-9
GTExv8.EUR.Skin_Sun_Exposed_Lower_leg	/media/kame/Data/_workings/resource/GTEv8//GTExv8.EUR.Skin_Sun_Exposed_Lower_leg/ENSG00000104866.10.wgt.RDat	ENSG00000104866.10	19	45091791	45091792	0.1105	rs17562787	-6.77	rs10409138	0.0826	-7.05	-4.360801	370	19	enet	0.076	1.4e-10	4.84093	1.29e-6
GTExv8.EUR.Skin_Sun_Exposed_Lower_leg	/media/kame/Data/_workings/resource/GTEv8//GTExv8.EUR.Skin_Sun_Exposed_Lower_leg/ENSG00000161618.9.wgt.RDat	ENSG00000161618.9	19	49453168	49453169	0.2579	rs7258719	8.48	rs2293013	0.206	10.43	8.051901	370	9	enet	0.2	4.1e-26	8.19792	2.45e-16
GTExv8.EUR.Skin_Sun_Exposed_Lower_leg	/media/kame/Data/_workings/resource/GTEv8//GTExv8.EUR.Skin_Sun_Exposed_Lower_leg/ENSG00000166913.12.wgt.RDat	ENSG00000166913.12	20	44885675	44885676	0.1557	rs2425684	-8.68	rs12481468	0.125938	-8.25	-5.496393	432	7	enet	0.11	4.2e-15	5.508166	3.63e-8
GTExv8.EUR.Skin_Sun_Exposed_Lower_leg	/media/kame/Data/_workings/resource/GTEv8//GTExv8.EUR.Skin_Sun_Exposed_Lower_leg/ENSG00000141959.16.wgt.RDat	ENSG00000141959.16	21	44300050	44300051	0.3524	rs4818925	-6.19	rs1893208	0.248445	-11.26	-5.66382	405	18	enet	0.28	9.9e-39	5.1655	2.4e-7
GTExv8.EUR.Skin_Sun_Exposed_Lower_leg	/media/kame/Data/_workings/resource/GTEv8//GTExv8.EUR.Skin_Sun_Exposed_Lower_leg/ENSG00000100379.17.wgt.RDat	ENSG00000100379.17	22	37051735	37051736	0.1022	rs760719	-7.61	rs760719	0.025027	-4.63	-7.61236	675	14	enet	0.026	1.4e-4	4.87745	1.07e-6
GTExv8.EUR.Skin_Sun_Exposed_Lower_leg	/media/kame/Data/_workings/resource/GTEv8//GTExv8.EUR.Skin_Sun_Exposed_Lower_leg/ENSG00000100385.13.wgt.RDat	ENSG00000100385.13	22	37175053	37175054	0.5992	rs760719	-7.61	rs228975	0.430601	-14.79	-4.90146	651	9	enet	0.43	6e-64	4.76895	1.85e-6
GTExv8.EUR.Skin_Sun_Exposed_Lower_leg	/media/kame/Data/_workings/resource/GTEv8//GTExv8.EUR.Skin_Sun_Exposed_Lower_leg/ENSG00000182858.13.wgt.RDat	ENSG00000182858.13	22	49918457	49918458	0.0951	rs910799	6.24	rs910799	0.063702	6.92	6.23602	440	13	enet	0.062	8.8e-9	4.8664	1.14e-6
